
Allocating common symbols
Common symbol       size              file

i                   0x4               startup.o
uninit_Gvariable    0x3               main.o

Memory Configuration

Name             Origin             Length             Attributes
flash            0x08000000         0x00020000         xr
sram             0x20000000         0x00005000         xrw
*default*        0x00000000         0xffffffff

Linker script and memory map


.text           0x08000000      0x268
 *(.vectors*)
 .vectors       0x08000000       0x1c startup.o
                0x08000000                vectors
 *(.text*)
 .text          0x0800001c      0x100 startup.o
                0x0800001c                H_Fault_Handler
                0x0800001c                MM_Fault_Handler
                0x0800001c                Usage_Fault_Handler
                0x0800001c                Bus_Fault
                0x0800001c                Default_Handler
                0x0800001c                NMI_Handler
                0x08000028                Reset_Handler
 .text          0x0800011c      0x148 main.o
                0x0800011c                _sbrk
                0x08000198                main
 *(.rodata)
 .rodata        0x08000264        0x4 main.o
                0x08000264                const_variables
                0x08000268                . = ALIGN (0x4)
                0x08000268                _E_text = .

.glue_7         0x08000268        0x0
 .glue_7        0x00000000        0x0 linker stubs

.glue_7t        0x08000268        0x0
 .glue_7t       0x00000000        0x0 linker stubs

.vfp11_veneer   0x08000268        0x0
 .vfp11_veneer  0x00000000        0x0 linker stubs

.v4_bx          0x08000268        0x0
 .v4_bx         0x00000000        0x0 linker stubs

.iplt           0x08000268        0x0
 .iplt          0x00000000        0x0 startup.o

.rel.dyn        0x08000268        0x0
 .rel.iplt      0x00000000        0x0 startup.o

.data           0x20000000        0x8 load address 0x08000268
                0x20000000                _S_data = .
 *(.data)
 .data          0x20000000        0x0 startup.o
 .data          0x20000000        0x8 main.o
                0x20000000                R_ODR
                0x20000004                g_variables
 *(.data.*)
                0x20000008                . = ALIGN (0x4)
                0x20000008                _E_data = .

.igot.plt       0x20000008        0x0 load address 0x08000270
 .igot.plt      0x00000000        0x0 startup.o

.bss            0x20000008     0x200b load address 0x08000270
                0x20000008                _S_bss = .
 *(.bss*)
 .bss           0x20000008        0x0 startup.o
 .bss           0x20000008        0x4 main.o
                0x2000000c                . = ALIGN (0x4)
                0x2000000c                _E_bss = .
                0x2000100c                . = (. + 0x1000)
 *fill*         0x2000000c     0x1000 
                0x2000100c                _Heap_End = .
                0x2000100c                . = ALIGN (0x4)
                0x2000200c                . = (. + 0x1000)
 *fill*         0x2000100c     0x1000 
                0x2000200c                stack_top = .
 COMMON         0x2000200c        0x4 startup.o
                0x2000200c                i
 COMMON         0x20002010        0x3 main.o
                0x20002010                uninit_Gvariable
LOAD startup.o
LOAD main.o
OUTPUT(learn-in-depth-cortex-m3.elf elf32-littlearm)

.debug_info     0x00000000      0x3b2
 .debug_info    0x00000000      0x184 startup.o
 .debug_info    0x00000184      0x22e main.o

.debug_abbrev   0x00000000      0x1f9
 .debug_abbrev  0x00000000       0xc2 startup.o
 .debug_abbrev  0x000000c2      0x137 main.o

.debug_loc      0x00000000       0xd4
 .debug_loc     0x00000000       0x64 startup.o
 .debug_loc     0x00000064       0x70 main.o

.debug_aranges  0x00000000       0x40
 .debug_aranges
                0x00000000       0x20 startup.o
 .debug_aranges
                0x00000020       0x20 main.o

.debug_line     0x00000000       0xf2
 .debug_line    0x00000000       0x7d startup.o
 .debug_line    0x0000007d       0x75 main.o

.debug_str      0x00000000      0x205
 .debug_str     0x00000000      0x178 startup.o
                                0x19f (size before relaxing)
 .debug_str     0x00000178       0x8d main.o
                                0x1c8 (size before relaxing)

.comment        0x00000000       0x11
 .comment       0x00000000       0x11 startup.o
                                 0x12 (size before relaxing)
 .comment       0x00000000       0x12 main.o

.ARM.attributes
                0x00000000       0x33
 .ARM.attributes
                0x00000000       0x33 startup.o
 .ARM.attributes
                0x00000033       0x33 main.o

.debug_frame    0x00000000       0x98
 .debug_frame   0x00000000       0x4c startup.o
 .debug_frame   0x0000004c       0x4c main.o
