13:05:25 **** Build of configuration Debug for project CASE_CASE1 ****
make -j8 all 
arm-none-eabi-gcc "../Drivers/STM32F1xx_HAL_Driver/Src/stm32f1xx_hal.c" -mcpu=cortex-m3 -std=gnu11 -g3 -DUSE_HAL_DRIVER -DSTM32F103x6 -DDEBUG -c -I../Core/Inc -I../Drivers/STM32F1xx_HAL_Driver/Inc -I../Drivers/STM32F1xx_HAL_Driver/Inc/Legacy -I../Drivers/CMSIS/Device/ST/STM32F1xx/Include -I../Drivers/CMSIS/Include -O0 -ffunction-sections -fdata-sections -Wall -fstack-usage -MMD -MP -MF"Drivers/STM32F1xx_HAL_Driver/Src/stm32f1xx_hal.d" -MT"Drivers/STM32F1xx_HAL_Driver/Src/stm32f1xx_hal.o" --specs=nano.specs -mfloat-abi=soft -mthumb -o "Drivers/STM32F1xx_HAL_Driver/Src/stm32f1xx_hal.o"
arm-none-eabi-gcc "../Drivers/STM32F1xx_HAL_Driver/Src/stm32f1xx_hal_can.c" -mcpu=cortex-m3 -std=gnu11 -g3 -DUSE_HAL_DRIVER -DSTM32F103x6 -DDEBUG -c -I../Core/Inc -I../Drivers/STM32F1xx_HAL_Driver/Inc -I../Drivers/STM32F1xx_HAL_Driver/Inc/Legacy -I../Drivers/CMSIS/Device/ST/STM32F1xx/Include -I../Drivers/CMSIS/Include -O0 -ffunction-sections -fdata-sections -Wall -fstack-usage -MMD -MP -MF"Drivers/STM32F1xx_HAL_Driver/Src/stm32f1xx_hal_can.d" -MT"Drivers/STM32F1xx_HAL_Driver/Src/stm32f1xx_hal_can.o" --specs=nano.specs -mfloat-abi=soft -mthumb -o "Drivers/STM32F1xx_HAL_Driver/Src/stm32f1xx_hal_can.o"
arm-none-eabi-gcc "../Drivers/STM32F1xx_HAL_Driver/Src/stm32f1xx_hal_cortex.c" -mcpu=cortex-m3 -std=gnu11 -g3 -DUSE_HAL_DRIVER -DSTM32F103x6 -DDEBUG -c -I../Core/Inc -I../Drivers/STM32F1xx_HAL_Driver/Inc -I../Drivers/STM32F1xx_HAL_Driver/Inc/Legacy -I../Drivers/CMSIS/Device/ST/STM32F1xx/Include -I../Drivers/CMSIS/Include -O0 -ffunction-sections -fdata-sections -Wall -fstack-usage -MMD -MP -MF"Drivers/STM32F1xx_HAL_Driver/Src/stm32f1xx_hal_cortex.d" -MT"Drivers/STM32F1xx_HAL_Driver/Src/stm32f1xx_hal_cortex.o" --specs=nano.specs -mfloat-abi=soft -mthumb -o "Drivers/STM32F1xx_HAL_Driver/Src/stm32f1xx_hal_cortex.o"
arm-none-eabi-gcc "../Drivers/STM32F1xx_HAL_Driver/Src/stm32f1xx_hal_dma.c" -mcpu=cortex-m3 -std=gnu11 -g3 -DUSE_HAL_DRIVER -DSTM32F103x6 -DDEBUG -c -I../Core/Inc -I../Drivers/STM32F1xx_HAL_Driver/Inc -I../Drivers/STM32F1xx_HAL_Driver/Inc/Legacy -I../Drivers/CMSIS/Device/ST/STM32F1xx/Include -I../Drivers/CMSIS/Include -O0 -ffunction-sections -fdata-sections -Wall -fstack-usage -MMD -MP -MF"Drivers/STM32F1xx_HAL_Driver/Src/stm32f1xx_hal_dma.d" -MT"Drivers/STM32F1xx_HAL_Driver/Src/stm32f1xx_hal_dma.o" --specs=nano.specs -mfloat-abi=soft -mthumb -o "Drivers/STM32F1xx_HAL_Driver/Src/stm32f1xx_hal_dma.o"
arm-none-eabi-gcc "../Drivers/STM32F1xx_HAL_Driver/Src/stm32f1xx_hal_exti.c" -mcpu=cortex-m3 -std=gnu11 -g3 -DUSE_HAL_DRIVER -DSTM32F103x6 -DDEBUG -c -I../Core/Inc -I../Drivers/STM32F1xx_HAL_Driver/Inc -I../Drivers/STM32F1xx_HAL_Driver/Inc/Legacy -I../Drivers/CMSIS/Device/ST/STM32F1xx/Include -I../Drivers/CMSIS/Include -O0 -ffunction-sections -fdata-sections -Wall -fstack-usage -MMD -MP -MF"Drivers/STM32F1xx_HAL_Driver/Src/stm32f1xx_hal_exti.d" -MT"Drivers/STM32F1xx_HAL_Driver/Src/stm32f1xx_hal_exti.o" --specs=nano.specs -mfloat-abi=soft -mthumb -o "Drivers/STM32F1xx_HAL_Driver/Src/stm32f1xx_hal_exti.o"
arm-none-eabi-gcc "../Drivers/STM32F1xx_HAL_Driver/Src/stm32f1xx_hal_flash.c" -mcpu=cortex-m3 -std=gnu11 -g3 -DUSE_HAL_DRIVER -DSTM32F103x6 -DDEBUG -c -I../Core/Inc -I../Drivers/STM32F1xx_HAL_Driver/Inc -I../Drivers/STM32F1xx_HAL_Driver/Inc/Legacy -I../Drivers/CMSIS/Device/ST/STM32F1xx/Include -I../Drivers/CMSIS/Include -O0 -ffunction-sections -fdata-sections -Wall -fstack-usage -MMD -MP -MF"Drivers/STM32F1xx_HAL_Driver/Src/stm32f1xx_hal_flash.d" -MT"Drivers/STM32F1xx_HAL_Driver/Src/stm32f1xx_hal_flash.o" --specs=nano.specs -mfloat-abi=soft -mthumb -o "Drivers/STM32F1xx_HAL_Driver/Src/stm32f1xx_hal_flash.o"
arm-none-eabi-gcc "../Drivers/STM32F1xx_HAL_Driver/Src/stm32f1xx_hal_flash_ex.c" -mcpu=cortex-m3 -std=gnu11 -g3 -DUSE_HAL_DRIVER -DSTM32F103x6 -DDEBUG -c -I../Core/Inc -I../Drivers/STM32F1xx_HAL_Driver/Inc -I../Drivers/STM32F1xx_HAL_Driver/Inc/Legacy -I../Drivers/CMSIS/Device/ST/STM32F1xx/Include -I../Drivers/CMSIS/Include -O0 -ffunction-sections -fdata-sections -Wall -fstack-usage -MMD -MP -MF"Drivers/STM32F1xx_HAL_Driver/Src/stm32f1xx_hal_flash_ex.d" -MT"Drivers/STM32F1xx_HAL_Driver/Src/stm32f1xx_hal_flash_ex.o" --specs=nano.specs -mfloat-abi=soft -mthumb -o "Drivers/STM32F1xx_HAL_Driver/Src/stm32f1xx_hal_flash_ex.o"
arm-none-eabi-gcc "../Drivers/STM32F1xx_HAL_Driver/Src/stm32f1xx_hal_gpio.c" -mcpu=cortex-m3 -std=gnu11 -g3 -DUSE_HAL_DRIVER -DSTM32F103x6 -DDEBUG -c -I../Core/Inc -I../Drivers/STM32F1xx_HAL_Driver/Inc -I../Drivers/STM32F1xx_HAL_Driver/Inc/Legacy -I../Drivers/CMSIS/Device/ST/STM32F1xx/Include -I../Drivers/CMSIS/Include -O0 -ffunction-sections -fdata-sections -Wall -fstack-usage -MMD -MP -MF"Drivers/STM32F1xx_HAL_Driver/Src/stm32f1xx_hal_gpio.d" -MT"Drivers/STM32F1xx_HAL_Driver/Src/stm32f1xx_hal_gpio.o" --specs=nano.specs -mfloat-abi=soft -mthumb -o "Drivers/STM32F1xx_HAL_Driver/Src/stm32f1xx_hal_gpio.o"
arm-none-eabi-gcc "../Drivers/STM32F1xx_HAL_Driver/Src/stm32f1xx_hal_gpio_ex.c" -mcpu=cortex-m3 -std=gnu11 -g3 -DUSE_HAL_DRIVER -DSTM32F103x6 -DDEBUG -c -I../Core/Inc -I../Drivers/STM32F1xx_HAL_Driver/Inc -I../Drivers/STM32F1xx_HAL_Driver/Inc/Legacy -I../Drivers/CMSIS/Device/ST/STM32F1xx/Include -I../Drivers/CMSIS/Include -O0 -ffunction-sections -fdata-sections -Wall -fstack-usage -MMD -MP -MF"Drivers/STM32F1xx_HAL_Driver/Src/stm32f1xx_hal_gpio_ex.d" -MT"Drivers/STM32F1xx_HAL_Driver/Src/stm32f1xx_hal_gpio_ex.o" --specs=nano.specs -mfloat-abi=soft -mthumb -o "Drivers/STM32F1xx_HAL_Driver/Src/stm32f1xx_hal_gpio_ex.o"
arm-none-eabi-gcc "../Drivers/STM32F1xx_HAL_Driver/Src/stm32f1xx_hal_pwr.c" -mcpu=cortex-m3 -std=gnu11 -g3 -DUSE_HAL_DRIVER -DSTM32F103x6 -DDEBUG -c -I../Core/Inc -I../Drivers/STM32F1xx_HAL_Driver/Inc -I../Drivers/STM32F1xx_HAL_Driver/Inc/Legacy -I../Drivers/CMSIS/Device/ST/STM32F1xx/Include -I../Drivers/CMSIS/Include -O0 -ffunction-sections -fdata-sections -Wall -fstack-usage -MMD -MP -MF"Drivers/STM32F1xx_HAL_Driver/Src/stm32f1xx_hal_pwr.d" -MT"Drivers/STM32F1xx_HAL_Driver/Src/stm32f1xx_hal_pwr.o" --specs=nano.specs -mfloat-abi=soft -mthumb -o "Drivers/STM32F1xx_HAL_Driver/Src/stm32f1xx_hal_pwr.o"
arm-none-eabi-gcc "../Drivers/STM32F1xx_HAL_Driver/Src/stm32f1xx_hal_rcc.c" -mcpu=cortex-m3 -std=gnu11 -g3 -DUSE_HAL_DRIVER -DSTM32F103x6 -DDEBUG -c -I../Core/Inc -I../Drivers/STM32F1xx_HAL_Driver/Inc -I../Drivers/STM32F1xx_HAL_Driver/Inc/Legacy -I../Drivers/CMSIS/Device/ST/STM32F1xx/Include -I../Drivers/CMSIS/Include -O0 -ffunction-sections -fdata-sections -Wall -fstack-usage -MMD -MP -MF"Drivers/STM32F1xx_HAL_Driver/Src/stm32f1xx_hal_rcc.d" -MT"Drivers/STM32F1xx_HAL_Driver/Src/stm32f1xx_hal_rcc.o" --specs=nano.specs -mfloat-abi=soft -mthumb -o "Drivers/STM32F1xx_HAL_Driver/Src/stm32f1xx_hal_rcc.o"
arm-none-eabi-gcc "../Drivers/STM32F1xx_HAL_Driver/Src/stm32f1xx_hal_rcc_ex.c" -mcpu=cortex-m3 -std=gnu11 -g3 -DUSE_HAL_DRIVER -DSTM32F103x6 -DDEBUG -c -I../Core/Inc -I../Drivers/STM32F1xx_HAL_Driver/Inc -I../Drivers/STM32F1xx_HAL_Driver/Inc/Legacy -I../Drivers/CMSIS/Device/ST/STM32F1xx/Include -I../Drivers/CMSIS/Include -O0 -ffunction-sections -fdata-sections -Wall -fstack-usage -MMD -MP -MF"Drivers/STM32F1xx_HAL_Driver/Src/stm32f1xx_hal_rcc_ex.d" -MT"Drivers/STM32F1xx_HAL_Driver/Src/stm32f1xx_hal_rcc_ex.o" --specs=nano.specs -mfloat-abi=soft -mthumb -o "Drivers/STM32F1xx_HAL_Driver/Src/stm32f1xx_hal_rcc_ex.o"
arm-none-eabi-gcc "../Drivers/STM32F1xx_HAL_Driver/Src/stm32f1xx_hal_tim.c" -mcpu=cortex-m3 -std=gnu11 -g3 -DUSE_HAL_DRIVER -DSTM32F103x6 -DDEBUG -c -I../Core/Inc -I../Drivers/STM32F1xx_HAL_Driver/Inc -I../Drivers/STM32F1xx_HAL_Driver/Inc/Legacy -I../Drivers/CMSIS/Device/ST/STM32F1xx/Include -I../Drivers/CMSIS/Include -O0 -ffunction-sections -fdata-sections -Wall -fstack-usage -MMD -MP -MF"Drivers/STM32F1xx_HAL_Driver/Src/stm32f1xx_hal_tim.d" -MT"Drivers/STM32F1xx_HAL_Driver/Src/stm32f1xx_hal_tim.o" --specs=nano.specs -mfloat-abi=soft -mthumb -o "Drivers/STM32F1xx_HAL_Driver/Src/stm32f1xx_hal_tim.o"
arm-none-eabi-gcc "../Drivers/STM32F1xx_HAL_Driver/Src/stm32f1xx_hal_tim_ex.c" -mcpu=cortex-m3 -std=gnu11 -g3 -DUSE_HAL_DRIVER -DSTM32F103x6 -DDEBUG -c -I../Core/Inc -I../Drivers/STM32F1xx_HAL_Driver/Inc -I../Drivers/STM32F1xx_HAL_Driver/Inc/Legacy -I../Drivers/CMSIS/Device/ST/STM32F1xx/Include -I../Drivers/CMSIS/Include -O0 -ffunction-sections -fdata-sections -Wall -fstack-usage -MMD -MP -MF"Drivers/STM32F1xx_HAL_Driver/Src/stm32f1xx_hal_tim_ex.d" -MT"Drivers/STM32F1xx_HAL_Driver/Src/stm32f1xx_hal_tim_ex.o" --specs=nano.specs -mfloat-abi=soft -mthumb -o "Drivers/STM32F1xx_HAL_Driver/Src/stm32f1xx_hal_tim_ex.o"
arm-none-eabi-gcc -mcpu=cortex-m3 -g3 -c -x assembler-with-cpp -MMD -MP -MF"Core/Startup/startup_stm32f103c6tx.d" -MT"Core/Startup/startup_stm32f103c6tx.o" --specs=nano.specs -mfloat-abi=soft -mthumb -o "Core/Startup/startup_stm32f103c6tx.o" "../Core/Startup/startup_stm32f103c6tx.s"
arm-none-eabi-gcc "../Core/Src/main.c" -mcpu=cortex-m3 -std=gnu11 -g3 -DUSE_HAL_DRIVER -DSTM32F103x6 -DDEBUG -c -I../Core/Inc -I../Drivers/STM32F1xx_HAL_Driver/Inc -I../Drivers/STM32F1xx_HAL_Driver/Inc/Legacy -I../Drivers/CMSIS/Device/ST/STM32F1xx/Include -I../Drivers/CMSIS/Include -O0 -ffunction-sections -fdata-sections -Wall -fstack-usage -MMD -MP -MF"Core/Src/main.d" -MT"Core/Src/main.o" --specs=nano.specs -mfloat-abi=soft -mthumb -o "Core/Src/main.o"
arm-none-eabi-gcc "../Core/Src/stm32f1xx_hal_msp.c" -mcpu=cortex-m3 -std=gnu11 -g3 -DUSE_HAL_DRIVER -DSTM32F103x6 -DDEBUG -c -I../Core/Inc -I../Drivers/STM32F1xx_HAL_Driver/Inc -I../Drivers/STM32F1xx_HAL_Driver/Inc/Legacy -I../Drivers/CMSIS/Device/ST/STM32F1xx/Include -I../Drivers/CMSIS/Include -O0 -ffunction-sections -fdata-sections -Wall -fstack-usage -MMD -MP -MF"Core/Src/stm32f1xx_hal_msp.d" -MT"Core/Src/stm32f1xx_hal_msp.o" --specs=nano.specs -mfloat-abi=soft -mthumb -o "Core/Src/stm32f1xx_hal_msp.o"
../Core/Src/main.c: In function 'CAN_TX':
../Core/Src/main.c:93:44: warning: passing argument 2 of 'HAL_CAN_IsTxMessagePending' makes integer from pointer without a cast [-Wint-conversion]
   while( HAL_CAN_IsTxMessagePending(&hcan, &pTxMailbox) );
                                            ^
In file included from ../Core/Inc/stm32f1xx_hal_conf.h:257:0,
                 from ../Drivers/STM32F1xx_HAL_Driver/Inc/stm32f1xx_hal.h:30,
                 from ../Core/Inc/main.h:31,
                 from ../Core/Src/main.c:22:
../Drivers/STM32F1xx_HAL_Driver/Inc/stm32f1xx_hal_can.h:682:10: note: expected 'uint32_t {aka long unsigned int}' but argument is of type 'uint32_t * {aka long unsigned int *}'
 uint32_t HAL_CAN_IsTxMessagePending(CAN_HandleTypeDef *hcan, uint32_t TxMailboxes);
          ^~~~~~~~~~~~~~~~~~~~~~~~~~
arm-none-eabi-gcc "../Core/Src/stm32f1xx_it.c" -mcpu=cortex-m3 -std=gnu11 -g3 -DUSE_HAL_DRIVER -DSTM32F103x6 -DDEBUG -c -I../Core/Inc -I../Drivers/STM32F1xx_HAL_Driver/Inc -I../Drivers/STM32F1xx_HAL_Driver/Inc/Legacy -I../Drivers/CMSIS/Device/ST/STM32F1xx/Include -I../Drivers/CMSIS/Include -O0 -ffunction-sections -fdata-sections -Wall -fstack-usage -MMD -MP -MF"Core/Src/stm32f1xx_it.d" -MT"Core/Src/stm32f1xx_it.o" --specs=nano.specs -mfloat-abi=soft -mthumb -o "Core/Src/stm32f1xx_it.o"
arm-none-eabi-gcc "../Core/Src/syscalls.c" -mcpu=cortex-m3 -std=gnu11 -g3 -DUSE_HAL_DRIVER -DSTM32F103x6 -DDEBUG -c -I../Core/Inc -I../Drivers/STM32F1xx_HAL_Driver/Inc -I../Drivers/STM32F1xx_HAL_Driver/Inc/Legacy -I../Drivers/CMSIS/Device/ST/STM32F1xx/Include -I../Drivers/CMSIS/Include -O0 -ffunction-sections -fdata-sections -Wall -fstack-usage -MMD -MP -MF"Core/Src/syscalls.d" -MT"Core/Src/syscalls.o" --specs=nano.specs -mfloat-abi=soft -mthumb -o "Core/Src/syscalls.o"
arm-none-eabi-gcc "../Core/Src/sysmem.c" -mcpu=cortex-m3 -std=gnu11 -g3 -DUSE_HAL_DRIVER -DSTM32F103x6 -DDEBUG -c -I../Core/Inc -I../Drivers/STM32F1xx_HAL_Driver/Inc -I../Drivers/STM32F1xx_HAL_Driver/Inc/Legacy -I../Drivers/CMSIS/Device/ST/STM32F1xx/Include -I../Drivers/CMSIS/Include -O0 -ffunction-sections -fdata-sections -Wall -fstack-usage -MMD -MP -MF"Core/Src/sysmem.d" -MT"Core/Src/sysmem.o" --specs=nano.specs -mfloat-abi=soft -mthumb -o "Core/Src/sysmem.o"
arm-none-eabi-gcc "../Core/Src/system_stm32f1xx.c" -mcpu=cortex-m3 -std=gnu11 -g3 -DUSE_HAL_DRIVER -DSTM32F103x6 -DDEBUG -c -I../Core/Inc -I../Drivers/STM32F1xx_HAL_Driver/Inc -I../Drivers/STM32F1xx_HAL_Driver/Inc/Legacy -I../Drivers/CMSIS/Device/ST/STM32F1xx/Include -I../Drivers/CMSIS/Include -O0 -ffunction-sections -fdata-sections -Wall -fstack-usage -MMD -MP -MF"Core/Src/system_stm32f1xx.d" -MT"Core/Src/system_stm32f1xx.o" --specs=nano.specs -mfloat-abi=soft -mthumb -o "Core/Src/system_stm32f1xx.o"
arm-none-eabi-gcc -o "CASE_CASE1.elf" @"objects.list"   -mcpu=cortex-m3 -T"D:\Mastering_embedded_system\3rd Term\unit13\Lecture3_CaseStudy1_Part2\CASE_CASE1\STM32F103C6TX_FLASH.ld" --specs=nosys.specs -Wl,-Map="CASE_CASE1.map" -Wl,--gc-sections -static --specs=nano.specs -mfloat-abi=soft -mthumb -Wl,--start-group -lc -lm -Wl,--end-group
Finished building target: CASE_CASE1.elf
 
arm-none-eabi-size   CASE_CASE1.elf 
arm-none-eabi-objdump -h -S  CASE_CASE1.elf  > "CASE_CASE1.list"
arm-none-eabi-objcopy  -O binary  CASE_CASE1.elf  "CASE_CASE1.bin"
   text	   data	    bss	    dec	    hex	filename
   5992	     20	   1612	   7624	   1dc8	CASE_CASE1.elf
Finished building: default.size.stdout
 
Finished building: CASE_CASE1.bin
 
Finished building: CASE_CASE1.list
 
13:05:28 **** Clean-only build of configuration Debug for project CASE_Study_1 ****
make -j8 clean 
rm -rf *
 
13:05:29 **** Build of configuration Debug for project CASE_Study_1 ****
make -j8 all 
arm-none-eabi-gcc -gdwarf-2 "../Drivers/STM32F1xx_HAL_Driver/Src/stm32f1xx_hal.c" -mcpu=cortex-m3 -std=gnu11 -g3 -DUSE_HAL_DRIVER -DSTM32F103xB -DDEBUG -c -I../Core/Inc -I../Drivers/STM32F1xx_HAL_Driver/Inc -I../Drivers/STM32F1xx_HAL_Driver/Inc/Legacy -I../Drivers/CMSIS/Device/ST/STM32F1xx/Include -I../Drivers/CMSIS/Include -O0 -ffunction-sections -fdata-sections -Wall -fstack-usage -MMD -MP -MF"Drivers/STM32F1xx_HAL_Driver/Src/stm32f1xx_hal.d" -MT"Drivers/STM32F1xx_HAL_Driver/Src/stm32f1xx_hal.o" --specs=nano.specs -mfloat-abi=soft -mthumb -o "Drivers/STM32F1xx_HAL_Driver/Src/stm32f1xx_hal.o"
arm-none-eabi-gcc -gdwarf-2 "../Drivers/STM32F1xx_HAL_Driver/Src/stm32f1xx_hal_can.c" -mcpu=cortex-m3 -std=gnu11 -g3 -DUSE_HAL_DRIVER -DSTM32F103xB -DDEBUG -c -I../Core/Inc -I../Drivers/STM32F1xx_HAL_Driver/Inc -I../Drivers/STM32F1xx_HAL_Driver/Inc/Legacy -I../Drivers/CMSIS/Device/ST/STM32F1xx/Include -I../Drivers/CMSIS/Include -O0 -ffunction-sections -fdata-sections -Wall -fstack-usage -MMD -MP -MF"Drivers/STM32F1xx_HAL_Driver/Src/stm32f1xx_hal_can.d" -MT"Drivers/STM32F1xx_HAL_Driver/Src/stm32f1xx_hal_can.o" --specs=nano.specs -mfloat-abi=soft -mthumb -o "Drivers/STM32F1xx_HAL_Driver/Src/stm32f1xx_hal_can.o"
arm-none-eabi-gcc -gdwarf-2 "../Drivers/STM32F1xx_HAL_Driver/Src/stm32f1xx_hal_cortex.c" -mcpu=cortex-m3 -std=gnu11 -g3 -DUSE_HAL_DRIVER -DSTM32F103xB -DDEBUG -c -I../Core/Inc -I../Drivers/STM32F1xx_HAL_Driver/Inc -I../Drivers/STM32F1xx_HAL_Driver/Inc/Legacy -I../Drivers/CMSIS/Device/ST/STM32F1xx/Include -I../Drivers/CMSIS/Include -O0 -ffunction-sections -fdata-sections -Wall -fstack-usage -MMD -MP -MF"Drivers/STM32F1xx_HAL_Driver/Src/stm32f1xx_hal_cortex.d" -MT"Drivers/STM32F1xx_HAL_Driver/Src/stm32f1xx_hal_cortex.o" --specs=nano.specs -mfloat-abi=soft -mthumb -o "Drivers/STM32F1xx_HAL_Driver/Src/stm32f1xx_hal_cortex.o"
arm-none-eabi-gcc -gdwarf-2 "../Drivers/STM32F1xx_HAL_Driver/Src/stm32f1xx_hal_dma.c" -mcpu=cortex-m3 -std=gnu11 -g3 -DUSE_HAL_DRIVER -DSTM32F103xB -DDEBUG -c -I../Core/Inc -I../Drivers/STM32F1xx_HAL_Driver/Inc -I../Drivers/STM32F1xx_HAL_Driver/Inc/Legacy -I../Drivers/CMSIS/Device/ST/STM32F1xx/Include -I../Drivers/CMSIS/Include -O0 -ffunction-sections -fdata-sections -Wall -fstack-usage -MMD -MP -MF"Drivers/STM32F1xx_HAL_Driver/Src/stm32f1xx_hal_dma.d" -MT"Drivers/STM32F1xx_HAL_Driver/Src/stm32f1xx_hal_dma.o" --specs=nano.specs -mfloat-abi=soft -mthumb -o "Drivers/STM32F1xx_HAL_Driver/Src/stm32f1xx_hal_dma.o"
arm-none-eabi-gcc -gdwarf-2 "../Drivers/STM32F1xx_HAL_Driver/Src/stm32f1xx_hal_exti.c" -mcpu=cortex-m3 -std=gnu11 -g3 -DUSE_HAL_DRIVER -DSTM32F103xB -DDEBUG -c -I../Core/Inc -I../Drivers/STM32F1xx_HAL_Driver/Inc -I../Drivers/STM32F1xx_HAL_Driver/Inc/Legacy -I../Drivers/CMSIS/Device/ST/STM32F1xx/Include -I../Drivers/CMSIS/Include -O0 -ffunction-sections -fdata-sections -Wall -fstack-usage -MMD -MP -MF"Drivers/STM32F1xx_HAL_Driver/Src/stm32f1xx_hal_exti.d" -MT"Drivers/STM32F1xx_HAL_Driver/Src/stm32f1xx_hal_exti.o" --specs=nano.specs -mfloat-abi=soft -mthumb -o "Drivers/STM32F1xx_HAL_Driver/Src/stm32f1xx_hal_exti.o"
arm-none-eabi-gcc -gdwarf-2 "../Drivers/STM32F1xx_HAL_Driver/Src/stm32f1xx_hal_flash.c" -mcpu=cortex-m3 -std=gnu11 -g3 -DUSE_HAL_DRIVER -DSTM32F103xB -DDEBUG -c -I../Core/Inc -I../Drivers/STM32F1xx_HAL_Driver/Inc -I../Drivers/STM32F1xx_HAL_Driver/Inc/Legacy -I../Drivers/CMSIS/Device/ST/STM32F1xx/Include -I../Drivers/CMSIS/Include -O0 -ffunction-sections -fdata-sections -Wall -fstack-usage -MMD -MP -MF"Drivers/STM32F1xx_HAL_Driver/Src/stm32f1xx_hal_flash.d" -MT"Drivers/STM32F1xx_HAL_Driver/Src/stm32f1xx_hal_flash.o" --specs=nano.specs -mfloat-abi=soft -mthumb -o "Drivers/STM32F1xx_HAL_Driver/Src/stm32f1xx_hal_flash.o"
arm-none-eabi-gcc -gdwarf-2 "../Drivers/STM32F1xx_HAL_Driver/Src/stm32f1xx_hal_flash_ex.c" -mcpu=cortex-m3 -std=gnu11 -g3 -DUSE_HAL_DRIVER -DSTM32F103xB -DDEBUG -c -I../Core/Inc -I../Drivers/STM32F1xx_HAL_Driver/Inc -I../Drivers/STM32F1xx_HAL_Driver/Inc/Legacy -I../Drivers/CMSIS/Device/ST/STM32F1xx/Include -I../Drivers/CMSIS/Include -O0 -ffunction-sections -fdata-sections -Wall -fstack-usage -MMD -MP -MF"Drivers/STM32F1xx_HAL_Driver/Src/stm32f1xx_hal_flash_ex.d" -MT"Drivers/STM32F1xx_HAL_Driver/Src/stm32f1xx_hal_flash_ex.o" --specs=nano.specs -mfloat-abi=soft -mthumb -o "Drivers/STM32F1xx_HAL_Driver/Src/stm32f1xx_hal_flash_ex.o"
arm-none-eabi-gcc -gdwarf-2 "../Drivers/STM32F1xx_HAL_Driver/Src/stm32f1xx_hal_gpio.c" -mcpu=cortex-m3 -std=gnu11 -g3 -DUSE_HAL_DRIVER -DSTM32F103xB -DDEBUG -c -I../Core/Inc -I../Drivers/STM32F1xx_HAL_Driver/Inc -I../Drivers/STM32F1xx_HAL_Driver/Inc/Legacy -I../Drivers/CMSIS/Device/ST/STM32F1xx/Include -I../Drivers/CMSIS/Include -O0 -ffunction-sections -fdata-sections -Wall -fstack-usage -MMD -MP -MF"Drivers/STM32F1xx_HAL_Driver/Src/stm32f1xx_hal_gpio.d" -MT"Drivers/STM32F1xx_HAL_Driver/Src/stm32f1xx_hal_gpio.o" --specs=nano.specs -mfloat-abi=soft -mthumb -o "Drivers/STM32F1xx_HAL_Driver/Src/stm32f1xx_hal_gpio.o"
arm-none-eabi-gcc -gdwarf-2 "../Drivers/STM32F1xx_HAL_Driver/Src/stm32f1xx_hal_gpio_ex.c" -mcpu=cortex-m3 -std=gnu11 -g3 -DUSE_HAL_DRIVER -DSTM32F103xB -DDEBUG -c -I../Core/Inc -I../Drivers/STM32F1xx_HAL_Driver/Inc -I../Drivers/STM32F1xx_HAL_Driver/Inc/Legacy -I../Drivers/CMSIS/Device/ST/STM32F1xx/Include -I../Drivers/CMSIS/Include -O0 -ffunction-sections -fdata-sections -Wall -fstack-usage -MMD -MP -MF"Drivers/STM32F1xx_HAL_Driver/Src/stm32f1xx_hal_gpio_ex.d" -MT"Drivers/STM32F1xx_HAL_Driver/Src/stm32f1xx_hal_gpio_ex.o" --specs=nano.specs -mfloat-abi=soft -mthumb -o "Drivers/STM32F1xx_HAL_Driver/Src/stm32f1xx_hal_gpio_ex.o"
arm-none-eabi-gcc -gdwarf-2 "../Drivers/STM32F1xx_HAL_Driver/Src/stm32f1xx_hal_pwr.c" -mcpu=cortex-m3 -std=gnu11 -g3 -DUSE_HAL_DRIVER -DSTM32F103xB -DDEBUG -c -I../Core/Inc -I../Drivers/STM32F1xx_HAL_Driver/Inc -I../Drivers/STM32F1xx_HAL_Driver/Inc/Legacy -I../Drivers/CMSIS/Device/ST/STM32F1xx/Include -I../Drivers/CMSIS/Include -O0 -ffunction-sections -fdata-sections -Wall -fstack-usage -MMD -MP -MF"Drivers/STM32F1xx_HAL_Driver/Src/stm32f1xx_hal_pwr.d" -MT"Drivers/STM32F1xx_HAL_Driver/Src/stm32f1xx_hal_pwr.o" --specs=nano.specs -mfloat-abi=soft -mthumb -o "Drivers/STM32F1xx_HAL_Driver/Src/stm32f1xx_hal_pwr.o"
arm-none-eabi-gcc -gdwarf-2 "../Drivers/STM32F1xx_HAL_Driver/Src/stm32f1xx_hal_rcc.c" -mcpu=cortex-m3 -std=gnu11 -g3 -DUSE_HAL_DRIVER -DSTM32F103xB -DDEBUG -c -I../Core/Inc -I../Drivers/STM32F1xx_HAL_Driver/Inc -I../Drivers/STM32F1xx_HAL_Driver/Inc/Legacy -I../Drivers/CMSIS/Device/ST/STM32F1xx/Include -I../Drivers/CMSIS/Include -O0 -ffunction-sections -fdata-sections -Wall -fstack-usage -MMD -MP -MF"Drivers/STM32F1xx_HAL_Driver/Src/stm32f1xx_hal_rcc.d" -MT"Drivers/STM32F1xx_HAL_Driver/Src/stm32f1xx_hal_rcc.o" --specs=nano.specs -mfloat-abi=soft -mthumb -o "Drivers/STM32F1xx_HAL_Driver/Src/stm32f1xx_hal_rcc.o"
arm-none-eabi-gcc -gdwarf-2 "../Drivers/STM32F1xx_HAL_Driver/Src/stm32f1xx_hal_rcc_ex.c" -mcpu=cortex-m3 -std=gnu11 -g3 -DUSE_HAL_DRIVER -DSTM32F103xB -DDEBUG -c -I../Core/Inc -I../Drivers/STM32F1xx_HAL_Driver/Inc -I../Drivers/STM32F1xx_HAL_Driver/Inc/Legacy -I../Drivers/CMSIS/Device/ST/STM32F1xx/Include -I../Drivers/CMSIS/Include -O0 -ffunction-sections -fdata-sections -Wall -fstack-usage -MMD -MP -MF"Drivers/STM32F1xx_HAL_Driver/Src/stm32f1xx_hal_rcc_ex.d" -MT"Drivers/STM32F1xx_HAL_Driver/Src/stm32f1xx_hal_rcc_ex.o" --specs=nano.specs -mfloat-abi=soft -mthumb -o "Drivers/STM32F1xx_HAL_Driver/Src/stm32f1xx_hal_rcc_ex.o"
arm-none-eabi-gcc -gdwarf-2 "../Drivers/STM32F1xx_HAL_Driver/Src/stm32f1xx_hal_tim.c" -mcpu=cortex-m3 -std=gnu11 -g3 -DUSE_HAL_DRIVER -DSTM32F103xB -DDEBUG -c -I../Core/Inc -I../Drivers/STM32F1xx_HAL_Driver/Inc -I../Drivers/STM32F1xx_HAL_Driver/Inc/Legacy -I../Drivers/CMSIS/Device/ST/STM32F1xx/Include -I../Drivers/CMSIS/Include -O0 -ffunction-sections -fdata-sections -Wall -fstack-usage -MMD -MP -MF"Drivers/STM32F1xx_HAL_Driver/Src/stm32f1xx_hal_tim.d" -MT"Drivers/STM32F1xx_HAL_Driver/Src/stm32f1xx_hal_tim.o" --specs=nano.specs -mfloat-abi=soft -mthumb -o "Drivers/STM32F1xx_HAL_Driver/Src/stm32f1xx_hal_tim.o"
arm-none-eabi-gcc -gdwarf-2 "../Drivers/STM32F1xx_HAL_Driver/Src/stm32f1xx_hal_tim_ex.c" -mcpu=cortex-m3 -std=gnu11 -g3 -DUSE_HAL_DRIVER -DSTM32F103xB -DDEBUG -c -I../Core/Inc -I../Drivers/STM32F1xx_HAL_Driver/Inc -I../Drivers/STM32F1xx_HAL_Driver/Inc/Legacy -I../Drivers/CMSIS/Device/ST/STM32F1xx/Include -I../Drivers/CMSIS/Include -O0 -ffunction-sections -fdata-sections -Wall -fstack-usage -MMD -MP -MF"Drivers/STM32F1xx_HAL_Driver/Src/stm32f1xx_hal_tim_ex.d" -MT"Drivers/STM32F1xx_HAL_Driver/Src/stm32f1xx_hal_tim_ex.o" --specs=nano.specs -mfloat-abi=soft -mthumb -o "Drivers/STM32F1xx_HAL_Driver/Src/stm32f1xx_hal_tim_ex.o"
arm-none-eabi-gcc -gdwarf-2 -mcpu=cortex-m3 -g3 -c -x assembler-with-cpp -MMD -MP -MF"Core/Startup/startup_stm32f103c8tx.d" -MT"Core/Startup/startup_stm32f103c8tx.o" --specs=nano.specs -mfloat-abi=soft -mthumb -o "Core/Startup/startup_stm32f103c8tx.o" "../Core/Startup/startup_stm32f103c8tx.s"
arm-none-eabi-gcc -gdwarf-2 "../Core/Src/main.c" -mcpu=cortex-m3 -std=gnu11 -g3 -DUSE_HAL_DRIVER -DSTM32F103xB -DDEBUG -c -I../Core/Inc -I../Drivers/STM32F1xx_HAL_Driver/Inc -I../Drivers/STM32F1xx_HAL_Driver/Inc/Legacy -I../Drivers/CMSIS/Device/ST/STM32F1xx/Include -I../Drivers/CMSIS/Include -O0 -ffunction-sections -fdata-sections -Wall -fstack-usage -MMD -MP -MF"Core/Src/main.d" -MT"Core/Src/main.o" --specs=nano.specs -mfloat-abi=soft -mthumb -o "Core/Src/main.o"
../Core/Src/main.c: In function 'CAN_TX':
../Core/Src/main.c:93:44: warning: passing argument 2 of 'HAL_CAN_IsTxMessagePending' makes integer from pointer without a cast [-Wint-conversion]
   while( HAL_CAN_IsTxMessagePending(&hcan, &pTxMailbox) );
                                            ^
In file included from ../Core/Inc/stm32f1xx_hal_conf.h:257:0,
                 from ../Drivers/STM32F1xx_HAL_Driver/Inc/stm32f1xx_hal.h:30,
                 from ../Core/Inc/main.h:31,
                 from ../Core/Src/main.c:22:
../Drivers/STM32F1xx_HAL_Driver/Inc/stm32f1xx_hal_can.h:682:10: note: expected 'uint32_t {aka long unsigned int}' but argument is of type 'uint32_t * {aka long unsigned int *}'
 uint32_t HAL_CAN_IsTxMessagePending(CAN_HandleTypeDef *hcan, uint32_t TxMailboxes);
          ^~~~~~~~~~~~~~~~~~~~~~~~~~
arm-none-eabi-gcc -gdwarf-2 "../Core/Src/stm32f1xx_hal_msp.c" -mcpu=cortex-m3 -std=gnu11 -g3 -DUSE_HAL_DRIVER -DSTM32F103xB -DDEBUG -c -I../Core/Inc -I../Drivers/STM32F1xx_HAL_Driver/Inc -I../Drivers/STM32F1xx_HAL_Driver/Inc/Legacy -I../Drivers/CMSIS/Device/ST/STM32F1xx/Include -I../Drivers/CMSIS/Include -O0 -ffunction-sections -fdata-sections -Wall -fstack-usage -MMD -MP -MF"Core/Src/stm32f1xx_hal_msp.d" -MT"Core/Src/stm32f1xx_hal_msp.o" --specs=nano.specs -mfloat-abi=soft -mthumb -o "Core/Src/stm32f1xx_hal_msp.o"
arm-none-eabi-gcc -gdwarf-2 "../Core/Src/stm32f1xx_it.c" -mcpu=cortex-m3 -std=gnu11 -g3 -DUSE_HAL_DRIVER -DSTM32F103xB -DDEBUG -c -I../Core/Inc -I../Drivers/STM32F1xx_HAL_Driver/Inc -I../Drivers/STM32F1xx_HAL_Driver/Inc/Legacy -I../Drivers/CMSIS/Device/ST/STM32F1xx/Include -I../Drivers/CMSIS/Include -O0 -ffunction-sections -fdata-sections -Wall -fstack-usage -MMD -MP -MF"Core/Src/stm32f1xx_it.d" -MT"Core/Src/stm32f1xx_it.o" --specs=nano.specs -mfloat-abi=soft -mthumb -o "Core/Src/stm32f1xx_it.o"
arm-none-eabi-gcc -gdwarf-2 "../Core/Src/syscalls.c" -mcpu=cortex-m3 -std=gnu11 -g3 -DUSE_HAL_DRIVER -DSTM32F103xB -DDEBUG -c -I../Core/Inc -I../Drivers/STM32F1xx_HAL_Driver/Inc -I../Drivers/STM32F1xx_HAL_Driver/Inc/Legacy -I../Drivers/CMSIS/Device/ST/STM32F1xx/Include -I../Drivers/CMSIS/Include -O0 -ffunction-sections -fdata-sections -Wall -fstack-usage -MMD -MP -MF"Core/Src/syscalls.d" -MT"Core/Src/syscalls.o" --specs=nano.specs -mfloat-abi=soft -mthumb -o "Core/Src/syscalls.o"
arm-none-eabi-gcc -gdwarf-2 "../Core/Src/sysmem.c" -mcpu=cortex-m3 -std=gnu11 -g3 -DUSE_HAL_DRIVER -DSTM32F103xB -DDEBUG -c -I../Core/Inc -I../Drivers/STM32F1xx_HAL_Driver/Inc -I../Drivers/STM32F1xx_HAL_Driver/Inc/Legacy -I../Drivers/CMSIS/Device/ST/STM32F1xx/Include -I../Drivers/CMSIS/Include -O0 -ffunction-sections -fdata-sections -Wall -fstack-usage -MMD -MP -MF"Core/Src/sysmem.d" -MT"Core/Src/sysmem.o" --specs=nano.specs -mfloat-abi=soft -mthumb -o "Core/Src/sysmem.o"
arm-none-eabi-gcc -gdwarf-2 "../Core/Src/system_stm32f1xx.c" -mcpu=cortex-m3 -std=gnu11 -g3 -DUSE_HAL_DRIVER -DSTM32F103xB -DDEBUG -c -I../Core/Inc -I../Drivers/STM32F1xx_HAL_Driver/Inc -I../Drivers/STM32F1xx_HAL_Driver/Inc/Legacy -I../Drivers/CMSIS/Device/ST/STM32F1xx/Include -I../Drivers/CMSIS/Include -O0 -ffunction-sections -fdata-sections -Wall -fstack-usage -MMD -MP -MF"Core/Src/system_stm32f1xx.d" -MT"Core/Src/system_stm32f1xx.o" --specs=nano.specs -mfloat-abi=soft -mthumb -o "Core/Src/system_stm32f1xx.o"
arm-none-eabi-gcc -gdwarf-2 -o "CASE_Study_1.elf" @"objects.list"   -mcpu=cortex-m3 -T"D:\Mastering_embedded_system\3rd Term\unit13\Lecture2_CaseStudy1_Part1\CASE_Study_1\STM32F103C8TX_FLASH.ld" --specs=nosys.specs -Wl,-Map="CASE_Study_1.map" -Wl,--gc-sections -static --specs=nano.specs -mfloat-abi=soft -mthumb -Wl,--start-group -lc -lm -Wl,--end-group
Finished building target: CASE_Study_1.elf
 
arm-none-eabi-size   CASE_Study_1.elf 
arm-none-eabi-objdump -h -S  CASE_Study_1.elf  > "CASE_Study_1.list"
arm-none-eabi-objcopy  -O binary  CASE_Study_1.elf  "CASE_Study_1.bin"
   text	   data	    bss	    dec	    hex	filename
   6008	     20	   1612	   7640	   1dd8	CASE_Study_1.elf
Finished building: default.size.stdout
 
Finished building: CASE_Study_1.bin
 
Finished building: CASE_Study_1.list
 
19:54:45 **** Incremental Build of configuration Debug for project CASE_CASE1 ****
make -j8 all 
arm-none-eabi-gcc "../Core/Src/main.c" -mcpu=cortex-m3 -std=gnu11 -g3 -DUSE_HAL_DRIVER -DSTM32F103x6 -DDEBUG -c -I../Core/Inc -I../Drivers/STM32F1xx_HAL_Driver/Inc -I../Drivers/STM32F1xx_HAL_Driver/Inc/Legacy -I../Drivers/CMSIS/Device/ST/STM32F1xx/Include -I../Drivers/CMSIS/Include -O0 -ffunction-sections -fdata-sections -Wall -fstack-usage -MMD -MP -MF"Core/Src/main.d" -MT"Core/Src/main.o" --specs=nano.specs -mfloat-abi=soft -mthumb -o "Core/Src/main.o"
../Core/Src/main.c: In function 'CAN_TX':
../Core/Src/main.c:93:44: warning: passing argument 2 of 'HAL_CAN_IsTxMessagePending' makes integer from pointer without a cast [-Wint-conversion]
   while( HAL_CAN_IsTxMessagePending(&hcan, &pTxMailbox) );
                                            ^
In file included from ../Core/Inc/stm32f1xx_hal_conf.h:257:0,
                 from ../Drivers/STM32F1xx_HAL_Driver/Inc/stm32f1xx_hal.h:30,
                 from ../Core/Inc/main.h:31,
                 from ../Core/Src/main.c:22:
../Drivers/STM32F1xx_HAL_Driver/Inc/stm32f1xx_hal_can.h:682:10: note: expected 'uint32_t {aka long unsigned int}' but argument is of type 'uint32_t * {aka long unsigned int *}'
 uint32_t HAL_CAN_IsTxMessagePending(CAN_HandleTypeDef *hcan, uint32_t TxMailboxes);
          ^~~~~~~~~~~~~~~~~~~~~~~~~~
../Core/Src/main.c: In function 'CAN_RX':
../Core/Src/main.c:122:9: error: 'CAN_RxHeaderTypeDef {aka struct <anonymous>}' has no member named 'HAL_CAN_GetRxFifoFillLevel'
  pHeader.
         ^
make: *** [Core/Src/subdir.mk:33: Core/Src/main.o] Error 1
"make -j8 all" terminated with exit code 2. Build might be incomplete.
19:59:45 **** Incremental Build of configuration Debug for project CASE_CASE1 ****
make -j8 all 
arm-none-eabi-gcc "../Core/Src/main.c" -mcpu=cortex-m3 -std=gnu11 -g3 -DUSE_HAL_DRIVER -DSTM32F103x6 -DDEBUG -c -I../Core/Inc -I../Drivers/STM32F1xx_HAL_Driver/Inc -I../Drivers/STM32F1xx_HAL_Driver/Inc/Legacy -I../Drivers/CMSIS/Device/ST/STM32F1xx/Include -I../Drivers/CMSIS/Include -O0 -ffunction-sections -fdata-sections -Wall -fstack-usage -MMD -MP -MF"Core/Src/main.d" -MT"Core/Src/main.o" --specs=nano.specs -mfloat-abi=soft -mthumb -o "Core/Src/main.o"
../Core/Src/main.c: In function 'CAN_TX':
../Core/Src/main.c:93:44: warning: passing argument 2 of 'HAL_CAN_IsTxMessagePending' makes integer from pointer without a cast [-Wint-conversion]
   while( HAL_CAN_IsTxMessagePending(&hcan, &pTxMailbox) );
                                            ^
In file included from ../Core/Inc/stm32f1xx_hal_conf.h:257:0,
                 from ../Drivers/STM32F1xx_HAL_Driver/Inc/stm32f1xx_hal.h:30,
                 from ../Core/Inc/main.h:31,
                 from ../Core/Src/main.c:22:
../Drivers/STM32F1xx_HAL_Driver/Inc/stm32f1xx_hal_can.h:682:10: note: expected 'uint32_t {aka long unsigned int}' but argument is of type 'uint32_t * {aka long unsigned int *}'
 uint32_t HAL_CAN_IsTxMessagePending(CAN_HandleTypeDef *hcan, uint32_t TxMailboxes);
          ^~~~~~~~~~~~~~~~~~~~~~~~~~
../Core/Src/main.c: In function 'CAN_RX':
../Core/Src/main.c:121:2: error: 'p' undeclared (first use in this function)
  p
  ^
../Core/Src/main.c:121:2: note: each undeclared identifier is reported only once for each function it appears in
../Core/Src/main.c:124:2: error: expected ';' before 'while'
  while( HAL_CAN_GetRxFifoFillLevel(&hcan, CAN_FILTER_FIFO0) == 0);
  ^~~~~
../Core/Src/main.c: In function 'main':
../Core/Src/main.c:186:10: warning: passing argument 1 of 'CAN_RX' makes pointer from integer without a cast [-Wint-conversion]
   CAN_RX(RX_ID, RX_DLC, RX_Data);
          ^~~~~
../Core/Src/main.c:118:6: note: expected 'uint32_t * {aka long unsigned int *}' but argument is of type 'uint8_t {aka unsigned char}'
 void CAN_RX(uint32_t *ID, uint8_t *DLC, uint8_t *Payload)
      ^~~~~~
../Core/Src/main.c:186:17: warning: passing argument 2 of 'CAN_RX' makes pointer from integer without a cast [-Wint-conversion]
   CAN_RX(RX_ID, RX_DLC, RX_Data);
                 ^~~~~~
../Core/Src/main.c:118:6: note: expected 'uint8_t * {aka unsigned char *}' but argument is of type 'uint8_t {aka unsigned char}'
 void CAN_RX(uint32_t *ID, uint8_t *DLC, uint8_t *Payload)
      ^~~~~~
make: *** [Core/Src/subdir.mk:33: Core/Src/main.o] Error 1
"make -j8 all" terminated with exit code 2. Build might be incomplete.
20:00:32 **** Incremental Build of configuration Debug for project CASE_CASE1 ****
make -j8 all 
arm-none-eabi-gcc "../Core/Src/main.c" -mcpu=cortex-m3 -std=gnu11 -g3 -DUSE_HAL_DRIVER -DSTM32F103x6 -DDEBUG -c -I../Core/Inc -I../Drivers/STM32F1xx_HAL_Driver/Inc -I../Drivers/STM32F1xx_HAL_Driver/Inc/Legacy -I../Drivers/CMSIS/Device/ST/STM32F1xx/Include -I../Drivers/CMSIS/Include -O0 -ffunction-sections -fdata-sections -Wall -fstack-usage -MMD -MP -MF"Core/Src/main.d" -MT"Core/Src/main.o" --specs=nano.specs -mfloat-abi=soft -mthumb -o "Core/Src/main.o"
../Core/Src/main.c: In function 'CAN_TX':
../Core/Src/main.c:93:44: warning: passing argument 2 of 'HAL_CAN_IsTxMessagePending' makes integer from pointer without a cast [-Wint-conversion]
   while( HAL_CAN_IsTxMessagePending(&hcan, &pTxMailbox) );
                                            ^
In file included from ../Core/Inc/stm32f1xx_hal_conf.h:257:0,
                 from ../Drivers/STM32F1xx_HAL_Driver/Inc/stm32f1xx_hal.h:30,
                 from ../Core/Inc/main.h:31,
                 from ../Core/Src/main.c:22:
../Drivers/STM32F1xx_HAL_Driver/Inc/stm32f1xx_hal_can.h:682:10: note: expected 'uint32_t {aka long unsigned int}' but argument is of type 'uint32_t * {aka long unsigned int *}'
 uint32_t HAL_CAN_IsTxMessagePending(CAN_HandleTypeDef *hcan, uint32_t TxMailboxes);
          ^~~~~~~~~~~~~~~~~~~~~~~~~~
../Core/Src/main.c: In function 'main':
../Core/Src/main.c:186:10: warning: passing argument 1 of 'CAN_RX' makes pointer from integer without a cast [-Wint-conversion]
   CAN_RX(RX_ID, RX_DLC, RX_Data); // wait until RX Done
          ^~~~~
../Core/Src/main.c:118:6: note: expected 'uint32_t * {aka long unsigned int *}' but argument is of type 'uint8_t {aka unsigned char}'
 void CAN_RX(uint32_t *ID, uint8_t *DLC, uint8_t *Payload)
      ^~~~~~
../Core/Src/main.c:186:17: warning: passing argument 2 of 'CAN_RX' makes pointer from integer without a cast [-Wint-conversion]
   CAN_RX(RX_ID, RX_DLC, RX_Data); // wait until RX Done
                 ^~~~~~
../Core/Src/main.c:118:6: note: expected 'uint8_t * {aka unsigned char *}' but argument is of type 'uint8_t {aka unsigned char}'
 void CAN_RX(uint32_t *ID, uint8_t *DLC, uint8_t *Payload)
      ^~~~~~
../Core/Src/main.c:186:3: warning: 'RX_ID' is used uninitialized in this function [-Wuninitialized]
   CAN_RX(RX_ID, RX_DLC, RX_Data); // wait until RX Done
   ^~~~~~~~~~~~~~~~~~~~~~~~~~~~~~
../Core/Src/main.c:186:3: warning: 'RX_DLC' is used uninitialized in this function [-Wuninitialized]
arm-none-eabi-gcc -o "CASE_CASE1.elf" @"objects.list"   -mcpu=cortex-m3 -T"D:\Mastering_embedded_system\3rd Term\unit13\Lecture3_CaseStudy1_Part2\CASE_CASE1\STM32F103C6TX_FLASH.ld" --specs=nosys.specs -Wl,-Map="CASE_CASE1.map" -Wl,--gc-sections -static --specs=nano.specs -mfloat-abi=soft -mthumb -Wl,--start-group -lc -lm -Wl,--end-group
Finished building target: CASE_CASE1.elf
 
arm-none-eabi-objdump -h -S  CASE_CASE1.elf  > "CASE_CASE1.list"
arm-none-eabi-objcopy  -O binary  CASE_CASE1.elf  "CASE_CASE1.bin"
arm-none-eabi-size   CASE_CASE1.elf 
   text	   data	    bss	    dec	    hex	filename
   7220	     20	   1612	   8852	   2294	CASE_CASE1.elf
Finished building: default.size.stdout
 
Finished building: CASE_CASE1.bin
 
Finished building: CASE_CASE1.list
 
20:01:18 **** Incremental Build of configuration Debug for project CASE_CASE1 ****
make -j8 all 
arm-none-eabi-gcc "../Core/Src/main.c" -mcpu=cortex-m3 -std=gnu11 -g3 -DUSE_HAL_DRIVER -DSTM32F103x6 -DDEBUG -c -I../Core/Inc -I../Drivers/STM32F1xx_HAL_Driver/Inc -I../Drivers/STM32F1xx_HAL_Driver/Inc/Legacy -I../Drivers/CMSIS/Device/ST/STM32F1xx/Include -I../Drivers/CMSIS/Include -O0 -ffunction-sections -fdata-sections -Wall -fstack-usage -MMD -MP -MF"Core/Src/main.d" -MT"Core/Src/main.o" --specs=nano.specs -mfloat-abi=soft -mthumb -o "Core/Src/main.o"
../Core/Src/main.c: In function 'CAN_TX':
../Core/Src/main.c:93:44: warning: passing argument 2 of 'HAL_CAN_IsTxMessagePending' makes integer from pointer without a cast [-Wint-conversion]
   while( HAL_CAN_IsTxMessagePending(&hcan, &pTxMailbox) );
                                            ^
In file included from ../Core/Inc/stm32f1xx_hal_conf.h:257:0,
                 from ../Drivers/STM32F1xx_HAL_Driver/Inc/stm32f1xx_hal.h:30,
                 from ../Core/Inc/main.h:31,
                 from ../Core/Src/main.c:22:
../Drivers/STM32F1xx_HAL_Driver/Inc/stm32f1xx_hal_can.h:682:10: note: expected 'uint32_t {aka long unsigned int}' but argument is of type 'uint32_t * {aka long unsigned int *}'
 uint32_t HAL_CAN_IsTxMessagePending(CAN_HandleTypeDef *hcan, uint32_t TxMailboxes);
          ^~~~~~~~~~~~~~~~~~~~~~~~~~
../Core/Src/main.c: In function 'main':
../Core/Src/main.c:186:10: warning: passing argument 1 of 'CAN_RX' makes pointer from integer without a cast [-Wint-conversion]
   CAN_RX(RX_ID, RX_DLC, RX_Data); // wait until RX Done
          ^~~~~
../Core/Src/main.c:118:6: note: expected 'uint32_t * {aka long unsigned int *}' but argument is of type 'uint16_t {aka short unsigned int}'
 void CAN_RX(uint32_t *ID, uint8_t *DLC, uint8_t *Payload)
      ^~~~~~
../Core/Src/main.c:186:17: warning: passing argument 2 of 'CAN_RX' makes pointer from integer without a cast [-Wint-conversion]
   CAN_RX(RX_ID, RX_DLC, RX_Data); // wait until RX Done
                 ^~~~~~
../Core/Src/main.c:118:6: note: expected 'uint8_t * {aka unsigned char *}' but argument is of type 'uint16_t {aka short unsigned int}'
 void CAN_RX(uint32_t *ID, uint8_t *DLC, uint8_t *Payload)
      ^~~~~~
../Core/Src/main.c:186:3: warning: 'RX_ID' is used uninitialized in this function [-Wuninitialized]
   CAN_RX(RX_ID, RX_DLC, RX_Data); // wait until RX Done
   ^~~~~~~~~~~~~~~~~~~~~~~~~~~~~~
../Core/Src/main.c:186:3: warning: 'RX_DLC' is used uninitialized in this function [-Wuninitialized]
arm-none-eabi-gcc -o "CASE_CASE1.elf" @"objects.list"   -mcpu=cortex-m3 -T"D:\Mastering_embedded_system\3rd Term\unit13\Lecture3_CaseStudy1_Part2\CASE_CASE1\STM32F103C6TX_FLASH.ld" --specs=nosys.specs -Wl,-Map="CASE_CASE1.map" -Wl,--gc-sections -static --specs=nano.specs -mfloat-abi=soft -mthumb -Wl,--start-group -lc -lm -Wl,--end-group
Finished building target: CASE_CASE1.elf
 
arm-none-eabi-objdump -h -S  CASE_CASE1.elf  > "CASE_CASE1.list"
arm-none-eabi-objcopy  -O binary  CASE_CASE1.elf  "CASE_CASE1.bin"
arm-none-eabi-size   CASE_CASE1.elf 
   text	   data	    bss	    dec	    hex	filename
   7220	     20	   1612	   8852	   2294	CASE_CASE1.elf
Finished building: default.size.stdout
 
Finished building: CASE_CASE1.bin
 
Finished building: CASE_CASE1.list
 
20:02:11 **** Incremental Build of configuration Debug for project CASE_CASE1 ****
make -j8 all 
arm-none-eabi-gcc "../Core/Src/main.c" -mcpu=cortex-m3 -std=gnu11 -g3 -DUSE_HAL_DRIVER -DSTM32F103x6 -DDEBUG -c -I../Core/Inc -I../Drivers/STM32F1xx_HAL_Driver/Inc -I../Drivers/STM32F1xx_HAL_Driver/Inc/Legacy -I../Drivers/CMSIS/Device/ST/STM32F1xx/Include -I../Drivers/CMSIS/Include -O0 -ffunction-sections -fdata-sections -Wall -fstack-usage -MMD -MP -MF"Core/Src/main.d" -MT"Core/Src/main.o" --specs=nano.specs -mfloat-abi=soft -mthumb -o "Core/Src/main.o"
../Core/Src/main.c: In function 'CAN_TX':
../Core/Src/main.c:93:44: warning: passing argument 2 of 'HAL_CAN_IsTxMessagePending' makes integer from pointer without a cast [-Wint-conversion]
   while( HAL_CAN_IsTxMessagePending(&hcan, &pTxMailbox) );
                                            ^
In file included from ../Core/Inc/stm32f1xx_hal_conf.h:257:0,
                 from ../Drivers/STM32F1xx_HAL_Driver/Inc/stm32f1xx_hal.h:30,
                 from ../Core/Inc/main.h:31,
                 from ../Core/Src/main.c:22:
../Drivers/STM32F1xx_HAL_Driver/Inc/stm32f1xx_hal_can.h:682:10: note: expected 'uint32_t {aka long unsigned int}' but argument is of type 'uint32_t * {aka long unsigned int *}'
 uint32_t HAL_CAN_IsTxMessagePending(CAN_HandleTypeDef *hcan, uint32_t TxMailboxes);
          ^~~~~~~~~~~~~~~~~~~~~~~~~~
../Core/Src/main.c: In function 'main':
../Core/Src/main.c:186:10: warning: passing argument 1 of 'CAN_RX' makes pointer from integer without a cast [-Wint-conversion]
   CAN_RX(RX_ID, RX_DLC, RX_Data); // wait until RX Done
          ^~~~~
../Core/Src/main.c:118:6: note: expected 'uint32_t * {aka long unsigned int *}' but argument is of type 'uint32_t {aka long unsigned int}'
 void CAN_RX(uint32_t *ID, uint8_t *DLC, uint8_t *Payload)
      ^~~~~~
../Core/Src/main.c:186:17: warning: passing argument 2 of 'CAN_RX' makes pointer from integer without a cast [-Wint-conversion]
   CAN_RX(RX_ID, RX_DLC, RX_Data); // wait until RX Done
                 ^~~~~~
../Core/Src/main.c:118:6: note: expected 'uint8_t * {aka unsigned char *}' but argument is of type 'uint32_t {aka long unsigned int}'
 void CAN_RX(uint32_t *ID, uint8_t *DLC, uint8_t *Payload)
      ^~~~~~
../Core/Src/main.c:186:3: warning: 'RX_ID' is used uninitialized in this function [-Wuninitialized]
   CAN_RX(RX_ID, RX_DLC, RX_Data); // wait until RX Done
   ^~~~~~~~~~~~~~~~~~~~~~~~~~~~~~
../Core/Src/main.c:186:3: warning: 'RX_DLC' is used uninitialized in this function [-Wuninitialized]
arm-none-eabi-gcc -o "CASE_CASE1.elf" @"objects.list"   -mcpu=cortex-m3 -T"D:\Mastering_embedded_system\3rd Term\unit13\Lecture3_CaseStudy1_Part2\CASE_CASE1\STM32F103C6TX_FLASH.ld" --specs=nosys.specs -Wl,-Map="CASE_CASE1.map" -Wl,--gc-sections -static --specs=nano.specs -mfloat-abi=soft -mthumb -Wl,--start-group -lc -lm -Wl,--end-group
Finished building target: CASE_CASE1.elf
 
arm-none-eabi-objdump -h -S  CASE_CASE1.elf  > "CASE_CASE1.list"
arm-none-eabi-objcopy  -O binary  CASE_CASE1.elf  "CASE_CASE1.bin"
arm-none-eabi-size   CASE_CASE1.elf 
   text	   data	    bss	    dec	    hex	filename
   7216	     20	   1612	   8848	   2290	CASE_CASE1.elf
Finished building: default.size.stdout
 
Finished building: CASE_CASE1.bin
 
Finished building: CASE_CASE1.list
 
20:04:58 **** Incremental Build of configuration Debug for project CASE_CASE1 ****
make -j8 all 
arm-none-eabi-gcc "../Core/Src/main.c" -mcpu=cortex-m3 -std=gnu11 -g3 -DUSE_HAL_DRIVER -DSTM32F103x6 -DDEBUG -c -I../Core/Inc -I../Drivers/STM32F1xx_HAL_Driver/Inc -I../Drivers/STM32F1xx_HAL_Driver/Inc/Legacy -I../Drivers/CMSIS/Device/ST/STM32F1xx/Include -I../Drivers/CMSIS/Include -O0 -ffunction-sections -fdata-sections -Wall -fstack-usage -MMD -MP -MF"Core/Src/main.d" -MT"Core/Src/main.o" --specs=nano.specs -mfloat-abi=soft -mthumb -o "Core/Src/main.o"
../Core/Src/main.c: In function 'CAN_TX':
../Core/Src/main.c:93:44: warning: passing argument 2 of 'HAL_CAN_IsTxMessagePending' makes integer from pointer without a cast [-Wint-conversion]
   while( HAL_CAN_IsTxMessagePending(&hcan, &pTxMailbox) );
                                            ^
In file included from ../Core/Inc/stm32f1xx_hal_conf.h:257:0,
                 from ../Drivers/STM32F1xx_HAL_Driver/Inc/stm32f1xx_hal.h:30,
                 from ../Core/Inc/main.h:31,
                 from ../Core/Src/main.c:22:
../Drivers/STM32F1xx_HAL_Driver/Inc/stm32f1xx_hal_can.h:682:10: note: expected 'uint32_t {aka long unsigned int}' but argument is of type 'uint32_t * {aka long unsigned int *}'
 uint32_t HAL_CAN_IsTxMessagePending(CAN_HandleTypeDef *hcan, uint32_t TxMailboxes);
          ^~~~~~~~~~~~~~~~~~~~~~~~~~
../Core/Src/main.c: In function 'main':
../Core/Src/main.c:186:10: warning: passing argument 1 of 'CAN_RX' makes pointer from integer without a cast [-Wint-conversion]
   CAN_RX(RX_ID, RX_DLC, RX_Data); // wait until RX Done
          ^~~~~
../Core/Src/main.c:118:6: note: expected 'uint32_t * {aka long unsigned int *}' but argument is of type 'uint32_t {aka long unsigned int}'
 void CAN_RX(uint32_t *ID, uint8_t *DLC, uint8_t *Payload)
      ^~~~~~
../Core/Src/main.c:186:17: warning: passing argument 2 of 'CAN_RX' makes pointer from integer without a cast [-Wint-conversion]
   CAN_RX(RX_ID, RX_DLC, RX_Data); // wait until RX Done
                 ^~~~~~
../Core/Src/main.c:118:6: note: expected 'uint8_t * {aka unsigned char *}' but argument is of type 'uint32_t {aka long unsigned int}'
 void CAN_RX(uint32_t *ID, uint8_t *DLC, uint8_t *Payload)
      ^~~~~~
../Core/Src/main.c:186:3: warning: 'RX_ID' is used uninitialized in this function [-Wuninitialized]
   CAN_RX(RX_ID, RX_DLC, RX_Data); // wait until RX Done
   ^~~~~~~~~~~~~~~~~~~~~~~~~~~~~~
../Core/Src/main.c:186:3: warning: 'RX_DLC' is used uninitialized in this function [-Wuninitialized]
arm-none-eabi-gcc -o "CASE_CASE1.elf" @"objects.list"   -mcpu=cortex-m3 -T"D:\Mastering_embedded_system\3rd Term\unit13\Lecture3_CaseStudy1_Part2\CASE_CASE1\STM32F103C6TX_FLASH.ld" --specs=nosys.specs -Wl,-Map="CASE_CASE1.map" -Wl,--gc-sections -static --specs=nano.specs -mfloat-abi=soft -mthumb -Wl,--start-group -lc -lm -Wl,--end-group
Finished building target: CASE_CASE1.elf
 
arm-none-eabi-objdump -h -S  CASE_CASE1.elf  > "CASE_CASE1.list"
arm-none-eabi-objcopy  -O binary  CASE_CASE1.elf  "CASE_CASE1.bin"
arm-none-eabi-size   CASE_CASE1.elf 
   text	   data	    bss	    dec	    hex	filename
   7220	     20	   1612	   8852	   2294	CASE_CASE1.elf
Finished building: default.size.stdout
 
Finished building: CASE_CASE1.bin
 
Finished building: CASE_CASE1.list
 
20:08:20 **** Incremental Build of configuration Debug for project CASE_CASE1 ****
make -j8 all 
arm-none-eabi-gcc "../Core/Src/main.c" -mcpu=cortex-m3 -std=gnu11 -g3 -DUSE_HAL_DRIVER -DSTM32F103x6 -DDEBUG -c -I../Core/Inc -I../Drivers/STM32F1xx_HAL_Driver/Inc -I../Drivers/STM32F1xx_HAL_Driver/Inc/Legacy -I../Drivers/CMSIS/Device/ST/STM32F1xx/Include -I../Drivers/CMSIS/Include -O0 -ffunction-sections -fdata-sections -Wall -fstack-usage -MMD -MP -MF"Core/Src/main.d" -MT"Core/Src/main.o" --specs=nano.specs -mfloat-abi=soft -mthumb -o "Core/Src/main.o"
../Core/Src/main.c: In function 'CAN_TX':
../Core/Src/main.c:93:44: warning: passing argument 2 of 'HAL_CAN_IsTxMessagePending' makes integer from pointer without a cast [-Wint-conversion]
   while( HAL_CAN_IsTxMessagePending(&hcan, &pTxMailbox) );
                                            ^
In file included from ../Core/Inc/stm32f1xx_hal_conf.h:257:0,
                 from ../Drivers/STM32F1xx_HAL_Driver/Inc/stm32f1xx_hal.h:30,
                 from ../Core/Inc/main.h:31,
                 from ../Core/Src/main.c:22:
../Drivers/STM32F1xx_HAL_Driver/Inc/stm32f1xx_hal_can.h:682:10: note: expected 'uint32_t {aka long unsigned int}' but argument is of type 'uint32_t * {aka long unsigned int *}'
 uint32_t HAL_CAN_IsTxMessagePending(CAN_HandleTypeDef *hcan, uint32_t TxMailboxes);
          ^~~~~~~~~~~~~~~~~~~~~~~~~~
../Core/Src/main.c: In function 'main':
../Core/Src/main.c:186:18: warning: passing argument 2 of 'CAN_RX' from incompatible pointer type [-Wincompatible-pointer-types]
   CAN_RX(&RX_ID, &RX_DLC, RX_Data); // wait until RX Done
                  ^
../Core/Src/main.c:118:6: note: expected 'uint8_t * {aka unsigned char *}' but argument is of type 'uint32_t * {aka long unsigned int *}'
 void CAN_RX(uint32_t *ID, uint8_t *DLC, uint8_t *Payload)
      ^~~~~~
arm-none-eabi-gcc -o "CASE_CASE1.elf" @"objects.list"   -mcpu=cortex-m3 -T"D:\Mastering_embedded_system\3rd Term\unit13\Lecture3_CaseStudy1_Part2\CASE_CASE1\STM32F103C6TX_FLASH.ld" --specs=nosys.specs -Wl,-Map="CASE_CASE1.map" -Wl,--gc-sections -static --specs=nano.specs -mfloat-abi=soft -mthumb -Wl,--start-group -lc -lm -Wl,--end-group
Finished building target: CASE_CASE1.elf
 
arm-none-eabi-objdump -h -S  CASE_CASE1.elf  > "CASE_CASE1.list"
arm-none-eabi-objcopy  -O binary  CASE_CASE1.elf  "CASE_CASE1.bin"
arm-none-eabi-size   CASE_CASE1.elf 
   text	   data	    bss	    dec	    hex	filename
   7224	     20	   1612	   8856	   2298	CASE_CASE1.elf
Finished building: default.size.stdout
 
Finished building: CASE_CASE1.bin
 
Finished building: CASE_CASE1.list
 
20:21:12 **** Incremental Build of configuration Debug for project CASE_CASE1 ****
make -j8 all 
arm-none-eabi-gcc "../Core/Src/main.c" -mcpu=cortex-m3 -std=gnu11 -g3 -DUSE_HAL_DRIVER -DSTM32F103x6 -DDEBUG -c -I../Core/Inc -I../Drivers/STM32F1xx_HAL_Driver/Inc -I../Drivers/STM32F1xx_HAL_Driver/Inc/Legacy -I../Drivers/CMSIS/Device/ST/STM32F1xx/Include -I../Drivers/CMSIS/Include -O0 -ffunction-sections -fdata-sections -Wall -fstack-usage -MMD -MP -MF"Core/Src/main.d" -MT"Core/Src/main.o" --specs=nano.specs -mfloat-abi=soft -mthumb -o "Core/Src/main.o"
../Core/Src/main.c: In function 'CAN_TX':
../Core/Src/main.c:93:44: warning: passing argument 2 of 'HAL_CAN_IsTxMessagePending' makes integer from pointer without a cast [-Wint-conversion]
   while( HAL_CAN_IsTxMessagePending(&hcan, &pTxMailbox) );
                                            ^
In file included from ../Core/Inc/stm32f1xx_hal_conf.h:257:0,
                 from ../Drivers/STM32F1xx_HAL_Driver/Inc/stm32f1xx_hal.h:30,
                 from ../Core/Inc/main.h:31,
                 from ../Core/Src/main.c:22:
../Drivers/STM32F1xx_HAL_Driver/Inc/stm32f1xx_hal_can.h:682:10: note: expected 'uint32_t {aka long unsigned int}' but argument is of type 'uint32_t * {aka long unsigned int *}'
 uint32_t HAL_CAN_IsTxMessagePending(CAN_HandleTypeDef *hcan, uint32_t TxMailboxes);
          ^~~~~~~~~~~~~~~~~~~~~~~~~~
../Core/Src/main.c: In function 'main':
../Core/Src/main.c:186:18: warning: passing argument 2 of 'CAN_RX' from incompatible pointer type [-Wincompatible-pointer-types]
   CAN_RX(&RX_ID, &RX_DLC, *RX_Data); // wait until RX Done
                  ^
../Core/Src/main.c:118:6: note: expected 'uint8_t * {aka unsigned char *}' but argument is of type 'uint32_t * {aka long unsigned int *}'
 void CAN_RX(uint32_t *ID, uint8_t *DLC, uint8_t *Payload)
      ^~~~~~
../Core/Src/main.c:186:27: warning: passing argument 3 of 'CAN_RX' makes pointer from integer without a cast [-Wint-conversion]
   CAN_RX(&RX_ID, &RX_DLC, *RX_Data); // wait until RX Done
                           ^
../Core/Src/main.c:118:6: note: expected 'uint8_t * {aka unsigned char *}' but argument is of type 'uint8_t {aka unsigned char}'
 void CAN_RX(uint32_t *ID, uint8_t *DLC, uint8_t *Payload)
      ^~~~~~
arm-none-eabi-gcc -o "CASE_CASE1.elf" @"objects.list"   -mcpu=cortex-m3 -T"D:\Mastering_embedded_system\3rd Term\unit13\Lecture3_CaseStudy1_Part2\CASE_CASE1\STM32F103C6TX_FLASH.ld" --specs=nosys.specs -Wl,-Map="CASE_CASE1.map" -Wl,--gc-sections -static --specs=nano.specs -mfloat-abi=soft -mthumb -Wl,--start-group -lc -lm -Wl,--end-group
Finished building target: CASE_CASE1.elf
 
arm-none-eabi-objdump -h -S  CASE_CASE1.elf  > "CASE_CASE1.list"
arm-none-eabi-objcopy  -O binary  CASE_CASE1.elf  "CASE_CASE1.bin"
arm-none-eabi-size   CASE_CASE1.elf 
   text	   data	    bss	    dec	    hex	filename
   7224	     20	   1612	   8856	   2298	CASE_CASE1.elf
Finished building: default.size.stdout
 
Finished building: CASE_CASE1.bin
 
Finished building: CASE_CASE1.list
 
20:22:22 **** Incremental Build of configuration Debug for project CASE_CASE1 ****
make -j8 all 
arm-none-eabi-size   CASE_CASE1.elf 
   text	   data	    bss	    dec	    hex	filename
   7224	     20	   1612	   8856	   2298	CASE_CASE1.elf
Finished building: default.size.stdout
 
20:26:02 **** Incremental Build of configuration Debug for project CASE_CASE1 ****
make -j8 all 
arm-none-eabi-gcc "../Core/Src/main.c" -mcpu=cortex-m3 -std=gnu11 -g3 -DUSE_HAL_DRIVER -DSTM32F103x6 -DDEBUG -c -I../Core/Inc -I../Drivers/STM32F1xx_HAL_Driver/Inc -I../Drivers/STM32F1xx_HAL_Driver/Inc/Legacy -I../Drivers/CMSIS/Device/ST/STM32F1xx/Include -I../Drivers/CMSIS/Include -O0 -ffunction-sections -fdata-sections -Wall -fstack-usage -MMD -MP -MF"Core/Src/main.d" -MT"Core/Src/main.o" --specs=nano.specs -mfloat-abi=soft -mthumb -o "Core/Src/main.o"
../Core/Src/main.c: In function 'main':
../Core/Src/main.c:186:18: warning: passing argument 2 of 'CAN_RX' from incompatible pointer type [-Wincompatible-pointer-types]
   CAN_RX(&RX_ID, &RX_DLC, *RX_Data); // wait until RX Done
                  ^
../Core/Src/main.c:118:6: note: expected 'uint8_t * {aka unsigned char *}' but argument is of type 'uint32_t * {aka long unsigned int *}'
 void CAN_RX(uint32_t *ID, uint8_t *DLC, uint8_t *Payload)
      ^~~~~~
../Core/Src/main.c:186:27: warning: passing argument 3 of 'CAN_RX' makes pointer from integer without a cast [-Wint-conversion]
   CAN_RX(&RX_ID, &RX_DLC, *RX_Data); // wait until RX Done
                           ^
../Core/Src/main.c:118:6: note: expected 'uint8_t * {aka unsigned char *}' but argument is of type 'uint8_t {aka unsigned char}'
 void CAN_RX(uint32_t *ID, uint8_t *DLC, uint8_t *Payload)
      ^~~~~~
arm-none-eabi-gcc -o "CASE_CASE1.elf" @"objects.list"   -mcpu=cortex-m3 -T"D:\Mastering_embedded_system\3rd Term\unit13\Lecture3_CaseStudy1_Part2\CASE_CASE1\STM32F103C6TX_FLASH.ld" --specs=nosys.specs -Wl,-Map="CASE_CASE1.map" -Wl,--gc-sections -static --specs=nano.specs -mfloat-abi=soft -mthumb -Wl,--start-group -lc -lm -Wl,--end-group
Finished building target: CASE_CASE1.elf
 
arm-none-eabi-objdump -h -S  CASE_CASE1.elf  > "CASE_CASE1.list"
arm-none-eabi-objcopy  -O binary  CASE_CASE1.elf  "CASE_CASE1.bin"
arm-none-eabi-size   CASE_CASE1.elf 
   text	   data	    bss	    dec	    hex	filename
   7220	     20	   1612	   8852	   2294	CASE_CASE1.elf
Finished building: default.size.stdout
 
Finished building: CASE_CASE1.bin
 
Finished building: CASE_CASE1.list
 
20:29:05 **** Incremental Build of configuration Debug for project CASE_CASE1 ****
make -j8 all 
arm-none-eabi-gcc "../Core/Src/main.c" -mcpu=cortex-m3 -std=gnu11 -g3 -DUSE_HAL_DRIVER -DSTM32F103x6 -DDEBUG -c -I../Core/Inc -I../Drivers/STM32F1xx_HAL_Driver/Inc -I../Drivers/STM32F1xx_HAL_Driver/Inc/Legacy -I../Drivers/CMSIS/Device/ST/STM32F1xx/Include -I../Drivers/CMSIS/Include -O0 -ffunction-sections -fdata-sections -Wall -fstack-usage -MMD -MP -MF"Core/Src/main.d" -MT"Core/Src/main.o" --specs=nano.specs -mfloat-abi=soft -mthumb -o "Core/Src/main.o"
../Core/Src/main.c: In function 'main':
../Core/Src/main.c:186:18: warning: passing argument 2 of 'CAN_RX' from incompatible pointer type [-Wincompatible-pointer-types]
   CAN_RX(&RX_ID, &RX_DLC, RX_Data); // wait until RX Done
                  ^
../Core/Src/main.c:118:6: note: expected 'uint8_t * {aka unsigned char *}' but argument is of type 'uint32_t * {aka long unsigned int *}'
 void CAN_RX(uint32_t *ID, uint8_t *DLC, uint8_t *Payload)
      ^~~~~~
arm-none-eabi-gcc -o "CASE_CASE1.elf" @"objects.list"   -mcpu=cortex-m3 -T"D:\Mastering_embedded_system\3rd Term\unit13\Lecture3_CaseStudy1_Part2\CASE_CASE1\STM32F103C6TX_FLASH.ld" --specs=nosys.specs -Wl,-Map="CASE_CASE1.map" -Wl,--gc-sections -static --specs=nano.specs -mfloat-abi=soft -mthumb -Wl,--start-group -lc -lm -Wl,--end-group
Finished building target: CASE_CASE1.elf
 
arm-none-eabi-objdump -h -S  CASE_CASE1.elf  > "CASE_CASE1.list"
arm-none-eabi-objcopy  -O binary  CASE_CASE1.elf  "CASE_CASE1.bin"
arm-none-eabi-size   CASE_CASE1.elf 
   text	   data	    bss	    dec	    hex	filename
   7220	     20	   1612	   8852	   2294	CASE_CASE1.elf
Finished building: default.size.stdout
 
Finished building: CASE_CASE1.bin
 
Finished building: CASE_CASE1.list
 
