Archive member included to satisfy reference by file (symbol)

c:/st/stm32cubeide_1.4.0/stm32cubeide/plugins/com.st.stm32cube.ide.mcu.externaltools.gnu-tools-for-stm32.7-2018-q2-update.win32_1.4.0.202007081208/tools/bin/../lib/gcc/arm-none-eabi/7.3.1/../../../../arm-none-eabi/lib/thumb/v7-m\libc_nano.a(lib_a-errno.o)
                              Src/syscalls.o (__errno)
c:/st/stm32cubeide_1.4.0/stm32cubeide/plugins/com.st.stm32cube.ide.mcu.externaltools.gnu-tools-for-stm32.7-2018-q2-update.win32_1.4.0.202007081208/tools/bin/../lib/gcc/arm-none-eabi/7.3.1/../../../../arm-none-eabi/lib/thumb/v7-m\libc_nano.a(lib_a-exit.o)
                              c:/st/stm32cubeide_1.4.0/stm32cubeide/plugins/com.st.stm32cube.ide.mcu.externaltools.gnu-tools-for-stm32.7-2018-q2-update.win32_1.4.0.202007081208/tools/bin/../lib/gcc/arm-none-eabi/7.3.1/../../../../arm-none-eabi/lib/thumb/v7-m/crt0.o (exit)
c:/st/stm32cubeide_1.4.0/stm32cubeide/plugins/com.st.stm32cube.ide.mcu.externaltools.gnu-tools-for-stm32.7-2018-q2-update.win32_1.4.0.202007081208/tools/bin/../lib/gcc/arm-none-eabi/7.3.1/../../../../arm-none-eabi/lib/thumb/v7-m\libc_nano.a(lib_a-impure.o)
                              c:/st/stm32cubeide_1.4.0/stm32cubeide/plugins/com.st.stm32cube.ide.mcu.externaltools.gnu-tools-for-stm32.7-2018-q2-update.win32_1.4.0.202007081208/tools/bin/../lib/gcc/arm-none-eabi/7.3.1/../../../../arm-none-eabi/lib/thumb/v7-m\libc_nano.a(lib_a-exit.o) (_global_impure_ptr)
c:/st/stm32cubeide_1.4.0/stm32cubeide/plugins/com.st.stm32cube.ide.mcu.externaltools.gnu-tools-for-stm32.7-2018-q2-update.win32_1.4.0.202007081208/tools/bin/../lib/gcc/arm-none-eabi/7.3.1/../../../../arm-none-eabi/lib/thumb/v7-m\libc_nano.a(lib_a-init.o)
                              c:/st/stm32cubeide_1.4.0/stm32cubeide/plugins/com.st.stm32cube.ide.mcu.externaltools.gnu-tools-for-stm32.7-2018-q2-update.win32_1.4.0.202007081208/tools/bin/../lib/gcc/arm-none-eabi/7.3.1/../../../../arm-none-eabi/lib/thumb/v7-m/crt0.o (__libc_init_array)
c:/st/stm32cubeide_1.4.0/stm32cubeide/plugins/com.st.stm32cube.ide.mcu.externaltools.gnu-tools-for-stm32.7-2018-q2-update.win32_1.4.0.202007081208/tools/bin/../lib/gcc/arm-none-eabi/7.3.1/../../../../arm-none-eabi/lib/thumb/v7-m\libc_nano.a(lib_a-memset.o)
                              c:/st/stm32cubeide_1.4.0/stm32cubeide/plugins/com.st.stm32cube.ide.mcu.externaltools.gnu-tools-for-stm32.7-2018-q2-update.win32_1.4.0.202007081208/tools/bin/../lib/gcc/arm-none-eabi/7.3.1/../../../../arm-none-eabi/lib/thumb/v7-m/crt0.o (memset)

Allocating common symbols
Common symbol       size              file

Pin_Confg           0x4               HAL/KEYPAD_Driver/KEYPAD.o
ch                  0x1               Src/main.o
GP_IRQ_CallBack     0x3c              STM32F103C6_Drivers/EXTI/STM32F103C6_EXTI_Driver.o

Discarded input sections

 .text          0x0000000000000000        0x0 c:/st/stm32cubeide_1.4.0/stm32cubeide/plugins/com.st.stm32cube.ide.mcu.externaltools.gnu-tools-for-stm32.7-2018-q2-update.win32_1.4.0.202007081208/tools/bin/../lib/gcc/arm-none-eabi/7.3.1/thumb/v7-m/crti.o
 .data          0x0000000000000000        0x0 c:/st/stm32cubeide_1.4.0/stm32cubeide/plugins/com.st.stm32cube.ide.mcu.externaltools.gnu-tools-for-stm32.7-2018-q2-update.win32_1.4.0.202007081208/tools/bin/../lib/gcc/arm-none-eabi/7.3.1/thumb/v7-m/crti.o
 .bss           0x0000000000000000        0x0 c:/st/stm32cubeide_1.4.0/stm32cubeide/plugins/com.st.stm32cube.ide.mcu.externaltools.gnu-tools-for-stm32.7-2018-q2-update.win32_1.4.0.202007081208/tools/bin/../lib/gcc/arm-none-eabi/7.3.1/thumb/v7-m/crti.o
 .data          0x0000000000000000        0x4 c:/st/stm32cubeide_1.4.0/stm32cubeide/plugins/com.st.stm32cube.ide.mcu.externaltools.gnu-tools-for-stm32.7-2018-q2-update.win32_1.4.0.202007081208/tools/bin/../lib/gcc/arm-none-eabi/7.3.1/thumb/v7-m/crtbegin.o
 .text          0x0000000000000000       0x74 c:/st/stm32cubeide_1.4.0/stm32cubeide/plugins/com.st.stm32cube.ide.mcu.externaltools.gnu-tools-for-stm32.7-2018-q2-update.win32_1.4.0.202007081208/tools/bin/../lib/gcc/arm-none-eabi/7.3.1/../../../../arm-none-eabi/lib/thumb/v7-m/crt0.o
 .data          0x0000000000000000        0x0 c:/st/stm32cubeide_1.4.0/stm32cubeide/plugins/com.st.stm32cube.ide.mcu.externaltools.gnu-tools-for-stm32.7-2018-q2-update.win32_1.4.0.202007081208/tools/bin/../lib/gcc/arm-none-eabi/7.3.1/../../../../arm-none-eabi/lib/thumb/v7-m/crt0.o
 .bss           0x0000000000000000        0x0 c:/st/stm32cubeide_1.4.0/stm32cubeide/plugins/com.st.stm32cube.ide.mcu.externaltools.gnu-tools-for-stm32.7-2018-q2-update.win32_1.4.0.202007081208/tools/bin/../lib/gcc/arm-none-eabi/7.3.1/../../../../arm-none-eabi/lib/thumb/v7-m/crt0.o
 .ARM.extab     0x0000000000000000        0x0 c:/st/stm32cubeide_1.4.0/stm32cubeide/plugins/com.st.stm32cube.ide.mcu.externaltools.gnu-tools-for-stm32.7-2018-q2-update.win32_1.4.0.202007081208/tools/bin/../lib/gcc/arm-none-eabi/7.3.1/../../../../arm-none-eabi/lib/thumb/v7-m/crt0.o
 .ARM.exidx     0x0000000000000000        0x8 c:/st/stm32cubeide_1.4.0/stm32cubeide/plugins/com.st.stm32cube.ide.mcu.externaltools.gnu-tools-for-stm32.7-2018-q2-update.win32_1.4.0.202007081208/tools/bin/../lib/gcc/arm-none-eabi/7.3.1/../../../../arm-none-eabi/lib/thumb/v7-m/crt0.o
 .ARM.attributes
                0x0000000000000000       0x1b c:/st/stm32cubeide_1.4.0/stm32cubeide/plugins/com.st.stm32cube.ide.mcu.externaltools.gnu-tools-for-stm32.7-2018-q2-update.win32_1.4.0.202007081208/tools/bin/../lib/gcc/arm-none-eabi/7.3.1/../../../../arm-none-eabi/lib/thumb/v7-m/crt0.o
 .group         0x0000000000000000        0xc HAL/KEYPAD_Driver/KEYPAD.o
 .group         0x0000000000000000        0xc HAL/KEYPAD_Driver/KEYPAD.o
 .group         0x0000000000000000        0xc HAL/KEYPAD_Driver/KEYPAD.o
 .group         0x0000000000000000        0xc HAL/KEYPAD_Driver/KEYPAD.o
 .group         0x0000000000000000        0xc HAL/KEYPAD_Driver/KEYPAD.o
 .group         0x0000000000000000        0xc HAL/KEYPAD_Driver/KEYPAD.o
 .group         0x0000000000000000        0xc HAL/KEYPAD_Driver/KEYPAD.o
 .group         0x0000000000000000        0xc HAL/KEYPAD_Driver/KEYPAD.o
 .group         0x0000000000000000        0xc HAL/KEYPAD_Driver/KEYPAD.o
 .group         0x0000000000000000        0xc HAL/KEYPAD_Driver/KEYPAD.o
 .group         0x0000000000000000        0xc HAL/KEYPAD_Driver/KEYPAD.o
 .group         0x0000000000000000        0xc HAL/KEYPAD_Driver/KEYPAD.o
 .group         0x0000000000000000        0xc HAL/KEYPAD_Driver/KEYPAD.o
 .group         0x0000000000000000        0xc HAL/KEYPAD_Driver/KEYPAD.o
 .group         0x0000000000000000        0xc HAL/KEYPAD_Driver/KEYPAD.o
 .group         0x0000000000000000        0xc HAL/KEYPAD_Driver/KEYPAD.o
 .group         0x0000000000000000        0xc HAL/KEYPAD_Driver/KEYPAD.o
 .group         0x0000000000000000        0xc HAL/KEYPAD_Driver/KEYPAD.o
 .group         0x0000000000000000        0xc HAL/KEYPAD_Driver/KEYPAD.o
 .group         0x0000000000000000        0xc HAL/KEYPAD_Driver/KEYPAD.o
 .group         0x0000000000000000        0xc HAL/KEYPAD_Driver/KEYPAD.o
 .group         0x0000000000000000        0xc HAL/KEYPAD_Driver/KEYPAD.o
 .group         0x0000000000000000        0xc HAL/KEYPAD_Driver/KEYPAD.o
 .group         0x0000000000000000        0xc HAL/KEYPAD_Driver/KEYPAD.o
 .group         0x0000000000000000        0xc HAL/KEYPAD_Driver/KEYPAD.o
 .text          0x0000000000000000        0x0 HAL/KEYPAD_Driver/KEYPAD.o
 .data          0x0000000000000000        0x0 HAL/KEYPAD_Driver/KEYPAD.o
 .bss           0x0000000000000000        0x0 HAL/KEYPAD_Driver/KEYPAD.o
 .rodata.KEY_ROWS
                0x0000000000000000        0x8 HAL/KEYPAD_Driver/KEYPAD.o
 .rodata.KEY_COLS
                0x0000000000000000        0x8 HAL/KEYPAD_Driver/KEYPAD.o
 .data.Keypad   0x0000000000000000       0x10 HAL/KEYPAD_Driver/KEYPAD.o
 .text.KEYPAD_Init
                0x0000000000000000       0xcc HAL/KEYPAD_Driver/KEYPAD.o
 .text.KEYPAD_Read
                0x0000000000000000       0xcc HAL/KEYPAD_Driver/KEYPAD.o
 .debug_info    0x0000000000000000      0xb50 HAL/KEYPAD_Driver/KEYPAD.o
 .debug_abbrev  0x0000000000000000      0x1b9 HAL/KEYPAD_Driver/KEYPAD.o
 .debug_loc     0x0000000000000000       0x7c HAL/KEYPAD_Driver/KEYPAD.o
 .debug_aranges
                0x0000000000000000       0x28 HAL/KEYPAD_Driver/KEYPAD.o
 .debug_ranges  0x0000000000000000       0x18 HAL/KEYPAD_Driver/KEYPAD.o
 .debug_macro   0x0000000000000000      0x14e HAL/KEYPAD_Driver/KEYPAD.o
 .debug_macro   0x0000000000000000      0xa60 HAL/KEYPAD_Driver/KEYPAD.o
 .debug_macro   0x0000000000000000       0x18 HAL/KEYPAD_Driver/KEYPAD.o
 .debug_macro   0x0000000000000000       0x22 HAL/KEYPAD_Driver/KEYPAD.o
 .debug_macro   0x0000000000000000       0x40 HAL/KEYPAD_Driver/KEYPAD.o
 .debug_macro   0x0000000000000000       0x94 HAL/KEYPAD_Driver/KEYPAD.o
 .debug_macro   0x0000000000000000       0x3c HAL/KEYPAD_Driver/KEYPAD.o
 .debug_macro   0x0000000000000000       0x34 HAL/KEYPAD_Driver/KEYPAD.o
 .debug_macro   0x0000000000000000       0x16 HAL/KEYPAD_Driver/KEYPAD.o
 .debug_macro   0x0000000000000000      0x10e HAL/KEYPAD_Driver/KEYPAD.o
 .debug_macro   0x0000000000000000       0x8d HAL/KEYPAD_Driver/KEYPAD.o
 .debug_macro   0x0000000000000000       0x57 HAL/KEYPAD_Driver/KEYPAD.o
 .debug_macro   0x0000000000000000       0x52 HAL/KEYPAD_Driver/KEYPAD.o
 .debug_macro   0x0000000000000000       0x1f HAL/KEYPAD_Driver/KEYPAD.o
 .debug_macro   0x0000000000000000       0x43 HAL/KEYPAD_Driver/KEYPAD.o
 .debug_macro   0x0000000000000000       0x20 HAL/KEYPAD_Driver/KEYPAD.o
 .debug_macro   0x0000000000000000      0x1a3 HAL/KEYPAD_Driver/KEYPAD.o
 .debug_macro   0x0000000000000000      0x330 HAL/KEYPAD_Driver/KEYPAD.o
 .debug_macro   0x0000000000000000       0x16 HAL/KEYPAD_Driver/KEYPAD.o
 .debug_macro   0x0000000000000000       0x29 HAL/KEYPAD_Driver/KEYPAD.o
 .debug_macro   0x0000000000000000       0xef HAL/KEYPAD_Driver/KEYPAD.o
 .debug_macro   0x0000000000000000       0x6a HAL/KEYPAD_Driver/KEYPAD.o
 .debug_macro   0x0000000000000000      0x1df HAL/KEYPAD_Driver/KEYPAD.o
 .debug_macro   0x0000000000000000      0x239 HAL/KEYPAD_Driver/KEYPAD.o
 .debug_macro   0x0000000000000000       0xca HAL/KEYPAD_Driver/KEYPAD.o
 .debug_macro   0x0000000000000000       0x46 HAL/KEYPAD_Driver/KEYPAD.o
 .debug_line    0x0000000000000000      0x643 HAL/KEYPAD_Driver/KEYPAD.o
 .debug_str     0x0000000000000000     0x807b HAL/KEYPAD_Driver/KEYPAD.o
 .comment       0x0000000000000000       0x7c HAL/KEYPAD_Driver/KEYPAD.o
 .debug_frame   0x0000000000000000       0x50 HAL/KEYPAD_Driver/KEYPAD.o
 .ARM.attributes
                0x0000000000000000       0x33 HAL/KEYPAD_Driver/KEYPAD.o
 COMMON         0x0000000000000000        0x4 HAL/KEYPAD_Driver/KEYPAD.o
 .group         0x0000000000000000        0xc HAL/LCD_Driver/LCD.o
 .group         0x0000000000000000        0xc HAL/LCD_Driver/LCD.o
 .group         0x0000000000000000        0xc HAL/LCD_Driver/LCD.o
 .group         0x0000000000000000        0xc HAL/LCD_Driver/LCD.o
 .group         0x0000000000000000        0xc HAL/LCD_Driver/LCD.o
 .group         0x0000000000000000        0xc HAL/LCD_Driver/LCD.o
 .group         0x0000000000000000        0xc HAL/LCD_Driver/LCD.o
 .group         0x0000000000000000        0xc HAL/LCD_Driver/LCD.o
 .group         0x0000000000000000        0xc HAL/LCD_Driver/LCD.o
 .group         0x0000000000000000        0xc HAL/LCD_Driver/LCD.o
 .group         0x0000000000000000        0xc HAL/LCD_Driver/LCD.o
 .group         0x0000000000000000        0xc HAL/LCD_Driver/LCD.o
 .group         0x0000000000000000        0xc HAL/LCD_Driver/LCD.o
 .group         0x0000000000000000        0xc HAL/LCD_Driver/LCD.o
 .group         0x0000000000000000        0xc HAL/LCD_Driver/LCD.o
 .group         0x0000000000000000        0xc HAL/LCD_Driver/LCD.o
 .group         0x0000000000000000        0xc HAL/LCD_Driver/LCD.o
 .group         0x0000000000000000        0xc HAL/LCD_Driver/LCD.o
 .group         0x0000000000000000        0xc HAL/LCD_Driver/LCD.o
 .group         0x0000000000000000        0xc HAL/LCD_Driver/LCD.o
 .group         0x0000000000000000        0xc HAL/LCD_Driver/LCD.o
 .group         0x0000000000000000        0xc HAL/LCD_Driver/LCD.o
 .group         0x0000000000000000        0xc HAL/LCD_Driver/LCD.o
 .group         0x0000000000000000        0xc HAL/LCD_Driver/LCD.o
 .group         0x0000000000000000        0xc HAL/LCD_Driver/LCD.o
 .text          0x0000000000000000        0x0 HAL/LCD_Driver/LCD.o
 .data          0x0000000000000000        0x0 HAL/LCD_Driver/LCD.o
 .bss           0x0000000000000000        0x0 HAL/LCD_Driver/LCD.o
 .text.delay_ms
                0x0000000000000000       0x38 HAL/LCD_Driver/LCD.o
 .text.Send_EnableTrigger
                0x0000000000000000       0x30 HAL/LCD_Driver/LCD.o
 .text.LCD_Send_Cmd
                0x0000000000000000       0x44 HAL/LCD_Driver/LCD.o
 .text.LCD_ClearScreen
                0x0000000000000000        0xe HAL/LCD_Driver/LCD.o
 .text.LCD_Init
                0x0000000000000000      0x174 HAL/LCD_Driver/LCD.o
 .text.LCD_Send_Char
                0x0000000000000000       0x44 HAL/LCD_Driver/LCD.o
 .text.LCD_vSend_string
                0x0000000000000000       0x2a HAL/LCD_Driver/LCD.o
 .debug_info    0x0000000000000000      0xb83 HAL/LCD_Driver/LCD.o
 .debug_abbrev  0x0000000000000000      0x20a HAL/LCD_Driver/LCD.o
 .debug_loc     0x0000000000000000      0x1d0 HAL/LCD_Driver/LCD.o
 .debug_aranges
                0x0000000000000000       0x50 HAL/LCD_Driver/LCD.o
 .debug_ranges  0x0000000000000000       0x40 HAL/LCD_Driver/LCD.o
 .debug_macro   0x0000000000000000      0x14e HAL/LCD_Driver/LCD.o
 .debug_macro   0x0000000000000000      0xa60 HAL/LCD_Driver/LCD.o
 .debug_macro   0x0000000000000000       0x18 HAL/LCD_Driver/LCD.o
 .debug_macro   0x0000000000000000       0x22 HAL/LCD_Driver/LCD.o
 .debug_macro   0x0000000000000000       0x40 HAL/LCD_Driver/LCD.o
 .debug_macro   0x0000000000000000       0x94 HAL/LCD_Driver/LCD.o
 .debug_macro   0x0000000000000000       0x3c HAL/LCD_Driver/LCD.o
 .debug_macro   0x0000000000000000       0x34 HAL/LCD_Driver/LCD.o
 .debug_macro   0x0000000000000000       0x16 HAL/LCD_Driver/LCD.o
 .debug_macro   0x0000000000000000      0x10e HAL/LCD_Driver/LCD.o
 .debug_macro   0x0000000000000000       0x8d HAL/LCD_Driver/LCD.o
 .debug_macro   0x0000000000000000       0x57 HAL/LCD_Driver/LCD.o
 .debug_macro   0x0000000000000000       0x52 HAL/LCD_Driver/LCD.o
 .debug_macro   0x0000000000000000       0x1f HAL/LCD_Driver/LCD.o
 .debug_macro   0x0000000000000000       0x43 HAL/LCD_Driver/LCD.o
 .debug_macro   0x0000000000000000       0x20 HAL/LCD_Driver/LCD.o
 .debug_macro   0x0000000000000000      0x1a3 HAL/LCD_Driver/LCD.o
 .debug_macro   0x0000000000000000      0x330 HAL/LCD_Driver/LCD.o
 .debug_macro   0x0000000000000000       0x16 HAL/LCD_Driver/LCD.o
 .debug_macro   0x0000000000000000       0x29 HAL/LCD_Driver/LCD.o
 .debug_macro   0x0000000000000000       0xef HAL/LCD_Driver/LCD.o
 .debug_macro   0x0000000000000000       0x6a HAL/LCD_Driver/LCD.o
 .debug_macro   0x0000000000000000      0x1df HAL/LCD_Driver/LCD.o
 .debug_macro   0x0000000000000000      0x239 HAL/LCD_Driver/LCD.o
 .debug_macro   0x0000000000000000       0xca HAL/LCD_Driver/LCD.o
 .debug_macro   0x0000000000000000       0xd0 HAL/LCD_Driver/LCD.o
 .debug_line    0x0000000000000000      0x6a0 HAL/LCD_Driver/LCD.o
 .debug_str     0x0000000000000000     0x8322 HAL/LCD_Driver/LCD.o
 .comment       0x0000000000000000       0x7c HAL/LCD_Driver/LCD.o
 .debug_frame   0x0000000000000000       0xf8 HAL/LCD_Driver/LCD.o
 .ARM.attributes
                0x0000000000000000       0x33 HAL/LCD_Driver/LCD.o
 .group         0x0000000000000000        0xc STM32F103C6_Drivers/EXTI/STM32F103C6_EXTI_Driver.o
 .group         0x0000000000000000        0xc STM32F103C6_Drivers/EXTI/STM32F103C6_EXTI_Driver.o
 .group         0x0000000000000000        0xc STM32F103C6_Drivers/EXTI/STM32F103C6_EXTI_Driver.o
 .group         0x0000000000000000        0xc STM32F103C6_Drivers/EXTI/STM32F103C6_EXTI_Driver.o
 .group         0x0000000000000000        0xc STM32F103C6_Drivers/EXTI/STM32F103C6_EXTI_Driver.o
 .group         0x0000000000000000        0xc STM32F103C6_Drivers/EXTI/STM32F103C6_EXTI_Driver.o
 .group         0x0000000000000000        0xc STM32F103C6_Drivers/EXTI/STM32F103C6_EXTI_Driver.o
 .group         0x0000000000000000        0xc STM32F103C6_Drivers/EXTI/STM32F103C6_EXTI_Driver.o
 .group         0x0000000000000000        0xc STM32F103C6_Drivers/EXTI/STM32F103C6_EXTI_Driver.o
 .group         0x0000000000000000        0xc STM32F103C6_Drivers/EXTI/STM32F103C6_EXTI_Driver.o
 .group         0x0000000000000000        0xc STM32F103C6_Drivers/EXTI/STM32F103C6_EXTI_Driver.o
 .group         0x0000000000000000        0xc STM32F103C6_Drivers/EXTI/STM32F103C6_EXTI_Driver.o
 .group         0x0000000000000000        0xc STM32F103C6_Drivers/EXTI/STM32F103C6_EXTI_Driver.o
 .group         0x0000000000000000        0xc STM32F103C6_Drivers/EXTI/STM32F103C6_EXTI_Driver.o
 .group         0x0000000000000000        0xc STM32F103C6_Drivers/EXTI/STM32F103C6_EXTI_Driver.o
 .group         0x0000000000000000        0xc STM32F103C6_Drivers/EXTI/STM32F103C6_EXTI_Driver.o
 .group         0x0000000000000000        0xc STM32F103C6_Drivers/EXTI/STM32F103C6_EXTI_Driver.o
 .group         0x0000000000000000        0xc STM32F103C6_Drivers/EXTI/STM32F103C6_EXTI_Driver.o
 .group         0x0000000000000000        0xc STM32F103C6_Drivers/EXTI/STM32F103C6_EXTI_Driver.o
 .group         0x0000000000000000        0xc STM32F103C6_Drivers/EXTI/STM32F103C6_EXTI_Driver.o
 .group         0x0000000000000000        0xc STM32F103C6_Drivers/EXTI/STM32F103C6_EXTI_Driver.o
 .group         0x0000000000000000        0xc STM32F103C6_Drivers/EXTI/STM32F103C6_EXTI_Driver.o
 .group         0x0000000000000000        0xc STM32F103C6_Drivers/EXTI/STM32F103C6_EXTI_Driver.o
 .group         0x0000000000000000        0xc STM32F103C6_Drivers/EXTI/STM32F103C6_EXTI_Driver.o
 .group         0x0000000000000000        0xc STM32F103C6_Drivers/EXTI/STM32F103C6_EXTI_Driver.o
 .text          0x0000000000000000        0x0 STM32F103C6_Drivers/EXTI/STM32F103C6_EXTI_Driver.o
 .data          0x0000000000000000        0x0 STM32F103C6_Drivers/EXTI/STM32F103C6_EXTI_Driver.o
 .bss           0x0000000000000000        0x0 STM32F103C6_Drivers/EXTI/STM32F103C6_EXTI_Driver.o
 .text.Enable_NVIC
                0x0000000000000000       0xcc STM32F103C6_Drivers/EXTI/STM32F103C6_EXTI_Driver.o
 .text.Disable_NVIC
                0x0000000000000000       0xcc STM32F103C6_Drivers/EXTI/STM32F103C6_EXTI_Driver.o
 .text.Update_EXTI
                0x0000000000000000      0x1dc STM32F103C6_Drivers/EXTI/STM32F103C6_EXTI_Driver.o
 .text.MCAL_EXTI_GPIO_DeInit
                0x0000000000000000       0x94 STM32F103C6_Drivers/EXTI/STM32F103C6_EXTI_Driver.o
 .text.MCAL_EXTI_GPIO_Init
                0x0000000000000000       0x16 STM32F103C6_Drivers/EXTI/STM32F103C6_EXTI_Driver.o
 .text.MCAL_EXTI_GPIO_Update
                0x0000000000000000       0x16 STM32F103C6_Drivers/EXTI/STM32F103C6_EXTI_Driver.o
 .debug_macro   0x0000000000000000      0xa60 STM32F103C6_Drivers/EXTI/STM32F103C6_EXTI_Driver.o
 .debug_macro   0x0000000000000000       0x18 STM32F103C6_Drivers/EXTI/STM32F103C6_EXTI_Driver.o
 .debug_macro   0x0000000000000000       0x22 STM32F103C6_Drivers/EXTI/STM32F103C6_EXTI_Driver.o
 .debug_macro   0x0000000000000000       0x40 STM32F103C6_Drivers/EXTI/STM32F103C6_EXTI_Driver.o
 .debug_macro   0x0000000000000000       0x94 STM32F103C6_Drivers/EXTI/STM32F103C6_EXTI_Driver.o
 .debug_macro   0x0000000000000000       0x3c STM32F103C6_Drivers/EXTI/STM32F103C6_EXTI_Driver.o
 .debug_macro   0x0000000000000000       0x34 STM32F103C6_Drivers/EXTI/STM32F103C6_EXTI_Driver.o
 .debug_macro   0x0000000000000000       0x16 STM32F103C6_Drivers/EXTI/STM32F103C6_EXTI_Driver.o
 .debug_macro   0x0000000000000000      0x10e STM32F103C6_Drivers/EXTI/STM32F103C6_EXTI_Driver.o
 .debug_macro   0x0000000000000000       0x8d STM32F103C6_Drivers/EXTI/STM32F103C6_EXTI_Driver.o
 .debug_macro   0x0000000000000000       0x57 STM32F103C6_Drivers/EXTI/STM32F103C6_EXTI_Driver.o
 .debug_macro   0x0000000000000000       0x52 STM32F103C6_Drivers/EXTI/STM32F103C6_EXTI_Driver.o
 .debug_macro   0x0000000000000000       0x1f STM32F103C6_Drivers/EXTI/STM32F103C6_EXTI_Driver.o
 .debug_macro   0x0000000000000000       0x43 STM32F103C6_Drivers/EXTI/STM32F103C6_EXTI_Driver.o
 .debug_macro   0x0000000000000000       0x20 STM32F103C6_Drivers/EXTI/STM32F103C6_EXTI_Driver.o
 .debug_macro   0x0000000000000000      0x1a3 STM32F103C6_Drivers/EXTI/STM32F103C6_EXTI_Driver.o
 .debug_macro   0x0000000000000000      0x330 STM32F103C6_Drivers/EXTI/STM32F103C6_EXTI_Driver.o
 .debug_macro   0x0000000000000000       0x16 STM32F103C6_Drivers/EXTI/STM32F103C6_EXTI_Driver.o
 .debug_macro   0x0000000000000000       0x29 STM32F103C6_Drivers/EXTI/STM32F103C6_EXTI_Driver.o
 .debug_macro   0x0000000000000000       0xef STM32F103C6_Drivers/EXTI/STM32F103C6_EXTI_Driver.o
 .debug_macro   0x0000000000000000       0x6a STM32F103C6_Drivers/EXTI/STM32F103C6_EXTI_Driver.o
 .debug_macro   0x0000000000000000      0x1df STM32F103C6_Drivers/EXTI/STM32F103C6_EXTI_Driver.o
 .debug_macro   0x0000000000000000      0x239 STM32F103C6_Drivers/EXTI/STM32F103C6_EXTI_Driver.o
 .group         0x0000000000000000        0xc STM32F103C6_Drivers/GPIO/STM32F103C6_GPIO_Driver.o
 .group         0x0000000000000000        0xc STM32F103C6_Drivers/GPIO/STM32F103C6_GPIO_Driver.o
 .group         0x0000000000000000        0xc STM32F103C6_Drivers/GPIO/STM32F103C6_GPIO_Driver.o
 .group         0x0000000000000000        0xc STM32F103C6_Drivers/GPIO/STM32F103C6_GPIO_Driver.o
 .group         0x0000000000000000        0xc STM32F103C6_Drivers/GPIO/STM32F103C6_GPIO_Driver.o
 .group         0x0000000000000000        0xc STM32F103C6_Drivers/GPIO/STM32F103C6_GPIO_Driver.o
 .group         0x0000000000000000        0xc STM32F103C6_Drivers/GPIO/STM32F103C6_GPIO_Driver.o
 .group         0x0000000000000000        0xc STM32F103C6_Drivers/GPIO/STM32F103C6_GPIO_Driver.o
 .group         0x0000000000000000        0xc STM32F103C6_Drivers/GPIO/STM32F103C6_GPIO_Driver.o
 .group         0x0000000000000000        0xc STM32F103C6_Drivers/GPIO/STM32F103C6_GPIO_Driver.o
 .group         0x0000000000000000        0xc STM32F103C6_Drivers/GPIO/STM32F103C6_GPIO_Driver.o
 .group         0x0000000000000000        0xc STM32F103C6_Drivers/GPIO/STM32F103C6_GPIO_Driver.o
 .group         0x0000000000000000        0xc STM32F103C6_Drivers/GPIO/STM32F103C6_GPIO_Driver.o
 .group         0x0000000000000000        0xc STM32F103C6_Drivers/GPIO/STM32F103C6_GPIO_Driver.o
 .group         0x0000000000000000        0xc STM32F103C6_Drivers/GPIO/STM32F103C6_GPIO_Driver.o
 .group         0x0000000000000000        0xc STM32F103C6_Drivers/GPIO/STM32F103C6_GPIO_Driver.o
 .group         0x0000000000000000        0xc STM32F103C6_Drivers/GPIO/STM32F103C6_GPIO_Driver.o
 .group         0x0000000000000000        0xc STM32F103C6_Drivers/GPIO/STM32F103C6_GPIO_Driver.o
 .group         0x0000000000000000        0xc STM32F103C6_Drivers/GPIO/STM32F103C6_GPIO_Driver.o
 .group         0x0000000000000000        0xc STM32F103C6_Drivers/GPIO/STM32F103C6_GPIO_Driver.o
 .group         0x0000000000000000        0xc STM32F103C6_Drivers/GPIO/STM32F103C6_GPIO_Driver.o
 .group         0x0000000000000000        0xc STM32F103C6_Drivers/GPIO/STM32F103C6_GPIO_Driver.o
 .group         0x0000000000000000        0xc STM32F103C6_Drivers/GPIO/STM32F103C6_GPIO_Driver.o
 .group         0x0000000000000000        0xc STM32F103C6_Drivers/GPIO/STM32F103C6_GPIO_Driver.o
 .text          0x0000000000000000        0x0 STM32F103C6_Drivers/GPIO/STM32F103C6_GPIO_Driver.o
 .data          0x0000000000000000        0x0 STM32F103C6_Drivers/GPIO/STM32F103C6_GPIO_Driver.o
 .bss           0x0000000000000000        0x0 STM32F103C6_Drivers/GPIO/STM32F103C6_GPIO_Driver.o
 .text.MCAL_GPIO_DEINIT
                0x0000000000000000       0xac STM32F103C6_Drivers/GPIO/STM32F103C6_GPIO_Driver.o
 .text.MCAL_GPIO_ReadPin
                0x0000000000000000       0x2e STM32F103C6_Drivers/GPIO/STM32F103C6_GPIO_Driver.o
 .text.MCAL_GPIO_ReadPort
                0x0000000000000000       0x1a STM32F103C6_Drivers/GPIO/STM32F103C6_GPIO_Driver.o
 .text.MCAL_GPIO_WritePin
                0x0000000000000000       0x3c STM32F103C6_Drivers/GPIO/STM32F103C6_GPIO_Driver.o
 .text.MCAL_GPIO_WritePort
                0x0000000000000000       0x1c STM32F103C6_Drivers/GPIO/STM32F103C6_GPIO_Driver.o
 .text.MCAL_GPIO_TogglePin
                0x0000000000000000       0x22 STM32F103C6_Drivers/GPIO/STM32F103C6_GPIO_Driver.o
 .text.MCAL_GPIO_LockPin
                0x0000000000000000       0x5e STM32F103C6_Drivers/GPIO/STM32F103C6_GPIO_Driver.o
 .debug_macro   0x0000000000000000      0xa60 STM32F103C6_Drivers/GPIO/STM32F103C6_GPIO_Driver.o
 .debug_macro   0x0000000000000000       0x18 STM32F103C6_Drivers/GPIO/STM32F103C6_GPIO_Driver.o
 .debug_macro   0x0000000000000000       0x22 STM32F103C6_Drivers/GPIO/STM32F103C6_GPIO_Driver.o
 .debug_macro   0x0000000000000000       0x40 STM32F103C6_Drivers/GPIO/STM32F103C6_GPIO_Driver.o
 .debug_macro   0x0000000000000000       0x94 STM32F103C6_Drivers/GPIO/STM32F103C6_GPIO_Driver.o
 .debug_macro   0x0000000000000000       0x3c STM32F103C6_Drivers/GPIO/STM32F103C6_GPIO_Driver.o
 .debug_macro   0x0000000000000000       0x34 STM32F103C6_Drivers/GPIO/STM32F103C6_GPIO_Driver.o
 .debug_macro   0x0000000000000000       0x16 STM32F103C6_Drivers/GPIO/STM32F103C6_GPIO_Driver.o
 .debug_macro   0x0000000000000000      0x10e STM32F103C6_Drivers/GPIO/STM32F103C6_GPIO_Driver.o
 .debug_macro   0x0000000000000000       0x8d STM32F103C6_Drivers/GPIO/STM32F103C6_GPIO_Driver.o
 .debug_macro   0x0000000000000000       0x57 STM32F103C6_Drivers/GPIO/STM32F103C6_GPIO_Driver.o
 .debug_macro   0x0000000000000000       0x52 STM32F103C6_Drivers/GPIO/STM32F103C6_GPIO_Driver.o
 .debug_macro   0x0000000000000000       0x1f STM32F103C6_Drivers/GPIO/STM32F103C6_GPIO_Driver.o
 .debug_macro   0x0000000000000000       0x43 STM32F103C6_Drivers/GPIO/STM32F103C6_GPIO_Driver.o
 .debug_macro   0x0000000000000000       0x20 STM32F103C6_Drivers/GPIO/STM32F103C6_GPIO_Driver.o
 .debug_macro   0x0000000000000000      0x1a3 STM32F103C6_Drivers/GPIO/STM32F103C6_GPIO_Driver.o
 .debug_macro   0x0000000000000000      0x330 STM32F103C6_Drivers/GPIO/STM32F103C6_GPIO_Driver.o
 .debug_macro   0x0000000000000000       0x16 STM32F103C6_Drivers/GPIO/STM32F103C6_GPIO_Driver.o
 .debug_macro   0x0000000000000000       0x29 STM32F103C6_Drivers/GPIO/STM32F103C6_GPIO_Driver.o
 .debug_macro   0x0000000000000000       0xef STM32F103C6_Drivers/GPIO/STM32F103C6_GPIO_Driver.o
 .debug_macro   0x0000000000000000       0x6a STM32F103C6_Drivers/GPIO/STM32F103C6_GPIO_Driver.o
 .debug_macro   0x0000000000000000      0x1df STM32F103C6_Drivers/GPIO/STM32F103C6_GPIO_Driver.o
 .debug_macro   0x0000000000000000      0x239 STM32F103C6_Drivers/GPIO/STM32F103C6_GPIO_Driver.o
 .debug_macro   0x0000000000000000       0xca STM32F103C6_Drivers/GPIO/STM32F103C6_GPIO_Driver.o
 .group         0x0000000000000000        0xc STM32F103C6_Drivers/RCC/STM32F103C6_RCC_Driver.o
 .group         0x0000000000000000        0xc STM32F103C6_Drivers/RCC/STM32F103C6_RCC_Driver.o
 .group         0x0000000000000000        0xc STM32F103C6_Drivers/RCC/STM32F103C6_RCC_Driver.o
 .group         0x0000000000000000        0xc STM32F103C6_Drivers/RCC/STM32F103C6_RCC_Driver.o
 .group         0x0000000000000000        0xc STM32F103C6_Drivers/RCC/STM32F103C6_RCC_Driver.o
 .group         0x0000000000000000        0xc STM32F103C6_Drivers/RCC/STM32F103C6_RCC_Driver.o
 .group         0x0000000000000000        0xc STM32F103C6_Drivers/RCC/STM32F103C6_RCC_Driver.o
 .group         0x0000000000000000        0xc STM32F103C6_Drivers/RCC/STM32F103C6_RCC_Driver.o
 .group         0x0000000000000000        0xc STM32F103C6_Drivers/RCC/STM32F103C6_RCC_Driver.o
 .group         0x0000000000000000        0xc STM32F103C6_Drivers/RCC/STM32F103C6_RCC_Driver.o
 .group         0x0000000000000000        0xc STM32F103C6_Drivers/RCC/STM32F103C6_RCC_Driver.o
 .group         0x0000000000000000        0xc STM32F103C6_Drivers/RCC/STM32F103C6_RCC_Driver.o
 .group         0x0000000000000000        0xc STM32F103C6_Drivers/RCC/STM32F103C6_RCC_Driver.o
 .group         0x0000000000000000        0xc STM32F103C6_Drivers/RCC/STM32F103C6_RCC_Driver.o
 .group         0x0000000000000000        0xc STM32F103C6_Drivers/RCC/STM32F103C6_RCC_Driver.o
 .group         0x0000000000000000        0xc STM32F103C6_Drivers/RCC/STM32F103C6_RCC_Driver.o
 .group         0x0000000000000000        0xc STM32F103C6_Drivers/RCC/STM32F103C6_RCC_Driver.o
 .group         0x0000000000000000        0xc STM32F103C6_Drivers/RCC/STM32F103C6_RCC_Driver.o
 .group         0x0000000000000000        0xc STM32F103C6_Drivers/RCC/STM32F103C6_RCC_Driver.o
 .group         0x0000000000000000        0xc STM32F103C6_Drivers/RCC/STM32F103C6_RCC_Driver.o
 .group         0x0000000000000000        0xc STM32F103C6_Drivers/RCC/STM32F103C6_RCC_Driver.o
 .group         0x0000000000000000        0xc STM32F103C6_Drivers/RCC/STM32F103C6_RCC_Driver.o
 .group         0x0000000000000000        0xc STM32F103C6_Drivers/RCC/STM32F103C6_RCC_Driver.o
 .group         0x0000000000000000        0xc STM32F103C6_Drivers/RCC/STM32F103C6_RCC_Driver.o
 .text          0x0000000000000000        0x0 STM32F103C6_Drivers/RCC/STM32F103C6_RCC_Driver.o
 .data          0x0000000000000000        0x0 STM32F103C6_Drivers/RCC/STM32F103C6_RCC_Driver.o
 .bss           0x0000000000000000        0x0 STM32F103C6_Drivers/RCC/STM32F103C6_RCC_Driver.o
 .debug_macro   0x0000000000000000      0xa60 STM32F103C6_Drivers/RCC/STM32F103C6_RCC_Driver.o
 .debug_macro   0x0000000000000000       0x18 STM32F103C6_Drivers/RCC/STM32F103C6_RCC_Driver.o
 .debug_macro   0x0000000000000000       0x22 STM32F103C6_Drivers/RCC/STM32F103C6_RCC_Driver.o
 .debug_macro   0x0000000000000000       0x40 STM32F103C6_Drivers/RCC/STM32F103C6_RCC_Driver.o
 .debug_macro   0x0000000000000000       0x94 STM32F103C6_Drivers/RCC/STM32F103C6_RCC_Driver.o
 .debug_macro   0x0000000000000000       0x3c STM32F103C6_Drivers/RCC/STM32F103C6_RCC_Driver.o
 .debug_macro   0x0000000000000000       0x34 STM32F103C6_Drivers/RCC/STM32F103C6_RCC_Driver.o
 .debug_macro   0x0000000000000000       0x16 STM32F103C6_Drivers/RCC/STM32F103C6_RCC_Driver.o
 .debug_macro   0x0000000000000000      0x10e STM32F103C6_Drivers/RCC/STM32F103C6_RCC_Driver.o
 .debug_macro   0x0000000000000000       0x8d STM32F103C6_Drivers/RCC/STM32F103C6_RCC_Driver.o
 .debug_macro   0x0000000000000000       0x57 STM32F103C6_Drivers/RCC/STM32F103C6_RCC_Driver.o
 .debug_macro   0x0000000000000000       0x52 STM32F103C6_Drivers/RCC/STM32F103C6_RCC_Driver.o
 .debug_macro   0x0000000000000000       0x1f STM32F103C6_Drivers/RCC/STM32F103C6_RCC_Driver.o
 .debug_macro   0x0000000000000000       0x43 STM32F103C6_Drivers/RCC/STM32F103C6_RCC_Driver.o
 .debug_macro   0x0000000000000000       0x20 STM32F103C6_Drivers/RCC/STM32F103C6_RCC_Driver.o
 .debug_macro   0x0000000000000000      0x1a3 STM32F103C6_Drivers/RCC/STM32F103C6_RCC_Driver.o
 .debug_macro   0x0000000000000000      0x330 STM32F103C6_Drivers/RCC/STM32F103C6_RCC_Driver.o
 .debug_macro   0x0000000000000000       0x16 STM32F103C6_Drivers/RCC/STM32F103C6_RCC_Driver.o
 .debug_macro   0x0000000000000000       0x29 STM32F103C6_Drivers/RCC/STM32F103C6_RCC_Driver.o
 .debug_macro   0x0000000000000000       0xef STM32F103C6_Drivers/RCC/STM32F103C6_RCC_Driver.o
 .debug_macro   0x0000000000000000       0x6a STM32F103C6_Drivers/RCC/STM32F103C6_RCC_Driver.o
 .debug_macro   0x0000000000000000      0x1df STM32F103C6_Drivers/RCC/STM32F103C6_RCC_Driver.o
 .debug_macro   0x0000000000000000      0x239 STM32F103C6_Drivers/RCC/STM32F103C6_RCC_Driver.o
 .group         0x0000000000000000        0xc STM32F103C6_Drivers/USART/STM32F103C6_USART_Driver.o
 .group         0x0000000000000000        0xc STM32F103C6_Drivers/USART/STM32F103C6_USART_Driver.o
 .group         0x0000000000000000        0xc STM32F103C6_Drivers/USART/STM32F103C6_USART_Driver.o
 .group         0x0000000000000000        0xc STM32F103C6_Drivers/USART/STM32F103C6_USART_Driver.o
 .group         0x0000000000000000        0xc STM32F103C6_Drivers/USART/STM32F103C6_USART_Driver.o
 .group         0x0000000000000000        0xc STM32F103C6_Drivers/USART/STM32F103C6_USART_Driver.o
 .group         0x0000000000000000        0xc STM32F103C6_Drivers/USART/STM32F103C6_USART_Driver.o
 .group         0x0000000000000000        0xc STM32F103C6_Drivers/USART/STM32F103C6_USART_Driver.o
 .group         0x0000000000000000        0xc STM32F103C6_Drivers/USART/STM32F103C6_USART_Driver.o
 .group         0x0000000000000000        0xc STM32F103C6_Drivers/USART/STM32F103C6_USART_Driver.o
 .group         0x0000000000000000        0xc STM32F103C6_Drivers/USART/STM32F103C6_USART_Driver.o
 .group         0x0000000000000000        0xc STM32F103C6_Drivers/USART/STM32F103C6_USART_Driver.o
 .group         0x0000000000000000        0xc STM32F103C6_Drivers/USART/STM32F103C6_USART_Driver.o
 .group         0x0000000000000000        0xc STM32F103C6_Drivers/USART/STM32F103C6_USART_Driver.o
 .group         0x0000000000000000        0xc STM32F103C6_Drivers/USART/STM32F103C6_USART_Driver.o
 .group         0x0000000000000000        0xc STM32F103C6_Drivers/USART/STM32F103C6_USART_Driver.o
 .group         0x0000000000000000        0xc STM32F103C6_Drivers/USART/STM32F103C6_USART_Driver.o
 .group         0x0000000000000000        0xc STM32F103C6_Drivers/USART/STM32F103C6_USART_Driver.o
 .group         0x0000000000000000        0xc STM32F103C6_Drivers/USART/STM32F103C6_USART_Driver.o
 .group         0x0000000000000000        0xc STM32F103C6_Drivers/USART/STM32F103C6_USART_Driver.o
 .group         0x0000000000000000        0xc STM32F103C6_Drivers/USART/STM32F103C6_USART_Driver.o
 .group         0x0000000000000000        0xc STM32F103C6_Drivers/USART/STM32F103C6_USART_Driver.o
 .group         0x0000000000000000        0xc STM32F103C6_Drivers/USART/STM32F103C6_USART_Driver.o
 .group         0x0000000000000000        0xc STM32F103C6_Drivers/USART/STM32F103C6_USART_Driver.o
 .group         0x0000000000000000        0xc STM32F103C6_Drivers/USART/STM32F103C6_USART_Driver.o
 .group         0x0000000000000000        0xc STM32F103C6_Drivers/USART/STM32F103C6_USART_Driver.o
 .text          0x0000000000000000        0x0 STM32F103C6_Drivers/USART/STM32F103C6_USART_Driver.o
 .data          0x0000000000000000        0x0 STM32F103C6_Drivers/USART/STM32F103C6_USART_Driver.o
 .bss           0x0000000000000000        0x0 STM32F103C6_Drivers/USART/STM32F103C6_USART_Driver.o
 .text.MCAL_UART_DeInit
                0x0000000000000000       0x8c STM32F103C6_Drivers/USART/STM32F103C6_USART_Driver.o
 .text.MCAL_UART_Wait_TC
                0x0000000000000000       0x20 STM32F103C6_Drivers/USART/STM32F103C6_USART_Driver.o
 .debug_macro   0x0000000000000000      0xa60 STM32F103C6_Drivers/USART/STM32F103C6_USART_Driver.o
 .debug_macro   0x0000000000000000       0x18 STM32F103C6_Drivers/USART/STM32F103C6_USART_Driver.o
 .debug_macro   0x0000000000000000       0x22 STM32F103C6_Drivers/USART/STM32F103C6_USART_Driver.o
 .debug_macro   0x0000000000000000       0x40 STM32F103C6_Drivers/USART/STM32F103C6_USART_Driver.o
 .debug_macro   0x0000000000000000       0x94 STM32F103C6_Drivers/USART/STM32F103C6_USART_Driver.o
 .debug_macro   0x0000000000000000       0x3c STM32F103C6_Drivers/USART/STM32F103C6_USART_Driver.o
 .debug_macro   0x0000000000000000       0x34 STM32F103C6_Drivers/USART/STM32F103C6_USART_Driver.o
 .debug_macro   0x0000000000000000       0x16 STM32F103C6_Drivers/USART/STM32F103C6_USART_Driver.o
 .debug_macro   0x0000000000000000      0x10e STM32F103C6_Drivers/USART/STM32F103C6_USART_Driver.o
 .debug_macro   0x0000000000000000       0x8d STM32F103C6_Drivers/USART/STM32F103C6_USART_Driver.o
 .debug_macro   0x0000000000000000       0x57 STM32F103C6_Drivers/USART/STM32F103C6_USART_Driver.o
 .debug_macro   0x0000000000000000       0x52 STM32F103C6_Drivers/USART/STM32F103C6_USART_Driver.o
 .debug_macro   0x0000000000000000       0x1f STM32F103C6_Drivers/USART/STM32F103C6_USART_Driver.o
 .debug_macro   0x0000000000000000       0x43 STM32F103C6_Drivers/USART/STM32F103C6_USART_Driver.o
 .debug_macro   0x0000000000000000       0x20 STM32F103C6_Drivers/USART/STM32F103C6_USART_Driver.o
 .debug_macro   0x0000000000000000      0x1a3 STM32F103C6_Drivers/USART/STM32F103C6_USART_Driver.o
 .debug_macro   0x0000000000000000      0x330 STM32F103C6_Drivers/USART/STM32F103C6_USART_Driver.o
 .debug_macro   0x0000000000000000       0x16 STM32F103C6_Drivers/USART/STM32F103C6_USART_Driver.o
 .debug_macro   0x0000000000000000       0x29 STM32F103C6_Drivers/USART/STM32F103C6_USART_Driver.o
 .debug_macro   0x0000000000000000       0xef STM32F103C6_Drivers/USART/STM32F103C6_USART_Driver.o
 .debug_macro   0x0000000000000000       0x6a STM32F103C6_Drivers/USART/STM32F103C6_USART_Driver.o
 .debug_macro   0x0000000000000000      0x1df STM32F103C6_Drivers/USART/STM32F103C6_USART_Driver.o
 .debug_macro   0x0000000000000000      0x239 STM32F103C6_Drivers/USART/STM32F103C6_USART_Driver.o
 .debug_macro   0x0000000000000000       0xd0 STM32F103C6_Drivers/USART/STM32F103C6_USART_Driver.o
 .group         0x0000000000000000        0xc Src/main.o
 .group         0x0000000000000000        0xc Src/main.o
 .group         0x0000000000000000        0xc Src/main.o
 .group         0x0000000000000000        0xc Src/main.o
 .group         0x0000000000000000        0xc Src/main.o
 .group         0x0000000000000000        0xc Src/main.o
 .group         0x0000000000000000        0xc Src/main.o
 .group         0x0000000000000000        0xc Src/main.o
 .group         0x0000000000000000        0xc Src/main.o
 .group         0x0000000000000000        0xc Src/main.o
 .group         0x0000000000000000        0xc Src/main.o
 .group         0x0000000000000000        0xc Src/main.o
 .group         0x0000000000000000        0xc Src/main.o
 .group         0x0000000000000000        0xc Src/main.o
 .group         0x0000000000000000        0xc Src/main.o
 .group         0x0000000000000000        0xc Src/main.o
 .group         0x0000000000000000        0xc Src/main.o
 .group         0x0000000000000000        0xc Src/main.o
 .group         0x0000000000000000        0xc Src/main.o
 .group         0x0000000000000000        0xc Src/main.o
 .group         0x0000000000000000        0xc Src/main.o
 .group         0x0000000000000000        0xc Src/main.o
 .group         0x0000000000000000        0xc Src/main.o
 .group         0x0000000000000000        0xc Src/main.o
 .group         0x0000000000000000        0xc Src/main.o
 .group         0x0000000000000000        0xc Src/main.o
 .group         0x0000000000000000        0xc Src/main.o
 .group         0x0000000000000000        0xc Src/main.o
 .text          0x0000000000000000        0x0 Src/main.o
 .data          0x0000000000000000        0x0 Src/main.o
 .bss           0x0000000000000000        0x0 Src/main.o
 .debug_macro   0x0000000000000000      0xa60 Src/main.o
 .debug_macro   0x0000000000000000       0x18 Src/main.o
 .debug_macro   0x0000000000000000       0x22 Src/main.o
 .debug_macro   0x0000000000000000       0x40 Src/main.o
 .debug_macro   0x0000000000000000       0x94 Src/main.o
 .debug_macro   0x0000000000000000       0x3c Src/main.o
 .debug_macro   0x0000000000000000       0x34 Src/main.o
 .debug_macro   0x0000000000000000       0x16 Src/main.o
 .debug_macro   0x0000000000000000      0x10e Src/main.o
 .debug_macro   0x0000000000000000       0x8d Src/main.o
 .debug_macro   0x0000000000000000       0x57 Src/main.o
 .debug_macro   0x0000000000000000       0x52 Src/main.o
 .debug_macro   0x0000000000000000       0x1f Src/main.o
 .debug_macro   0x0000000000000000       0x43 Src/main.o
 .debug_macro   0x0000000000000000       0x20 Src/main.o
 .debug_macro   0x0000000000000000      0x1a3 Src/main.o
 .debug_macro   0x0000000000000000      0x330 Src/main.o
 .debug_macro   0x0000000000000000       0x16 Src/main.o
 .debug_macro   0x0000000000000000       0x29 Src/main.o
 .debug_macro   0x0000000000000000       0xef Src/main.o
 .debug_macro   0x0000000000000000       0x6a Src/main.o
 .debug_macro   0x0000000000000000      0x1df Src/main.o
 .debug_macro   0x0000000000000000      0x239 Src/main.o
 .debug_macro   0x0000000000000000       0xca Src/main.o
 .debug_macro   0x0000000000000000       0x16 Src/main.o
 .debug_macro   0x0000000000000000       0xe4 Src/main.o
 .group         0x0000000000000000        0xc Src/syscalls.o
 .group         0x0000000000000000        0xc Src/syscalls.o
 .group         0x0000000000000000        0xc Src/syscalls.o
 .group         0x0000000000000000        0xc Src/syscalls.o
 .group         0x0000000000000000        0xc Src/syscalls.o
 .group         0x0000000000000000        0xc Src/syscalls.o
 .group         0x0000000000000000        0xc Src/syscalls.o
 .group         0x0000000000000000        0xc Src/syscalls.o
 .group         0x0000000000000000        0xc Src/syscalls.o
 .group         0x0000000000000000        0xc Src/syscalls.o
 .group         0x0000000000000000        0xc Src/syscalls.o
 .group         0x0000000000000000        0xc Src/syscalls.o
 .group         0x0000000000000000        0xc Src/syscalls.o
 .group         0x0000000000000000        0xc Src/syscalls.o
 .group         0x0000000000000000        0xc Src/syscalls.o
 .group         0x0000000000000000        0xc Src/syscalls.o
 .group         0x0000000000000000        0xc Src/syscalls.o
 .group         0x0000000000000000        0xc Src/syscalls.o
 .group         0x0000000000000000        0xc Src/syscalls.o
 .group         0x0000000000000000        0xc Src/syscalls.o
 .group         0x0000000000000000        0xc Src/syscalls.o
 .group         0x0000000000000000        0xc Src/syscalls.o
 .group         0x0000000000000000        0xc Src/syscalls.o
 .group         0x0000000000000000        0xc Src/syscalls.o
 .group         0x0000000000000000        0xc Src/syscalls.o
 .group         0x0000000000000000        0xc Src/syscalls.o
 .group         0x0000000000000000        0xc Src/syscalls.o
 .group         0x0000000000000000        0xc Src/syscalls.o
 .group         0x0000000000000000        0xc Src/syscalls.o
 .group         0x0000000000000000        0xc Src/syscalls.o
 .group         0x0000000000000000        0xc Src/syscalls.o
 .group         0x0000000000000000        0xc Src/syscalls.o
 .group         0x0000000000000000        0xc Src/syscalls.o
 .group         0x0000000000000000        0xc Src/syscalls.o
 .group         0x0000000000000000        0xc Src/syscalls.o
 .group         0x0000000000000000        0xc Src/syscalls.o
 .group         0x0000000000000000        0xc Src/syscalls.o
 .group         0x0000000000000000        0xc Src/syscalls.o
 .group         0x0000000000000000        0xc Src/syscalls.o
 .group         0x0000000000000000        0xc Src/syscalls.o
 .group         0x0000000000000000        0xc Src/syscalls.o
 .group         0x0000000000000000        0xc Src/syscalls.o
 .group         0x0000000000000000        0xc Src/syscalls.o
 .group         0x0000000000000000        0xc Src/syscalls.o
 .text          0x0000000000000000        0x0 Src/syscalls.o
 .data          0x0000000000000000        0x0 Src/syscalls.o
 .bss           0x0000000000000000        0x0 Src/syscalls.o
 .bss.__env     0x0000000000000000        0x4 Src/syscalls.o
 .data.environ  0x0000000000000000        0x4 Src/syscalls.o
 .text.initialise_monitor_handles
                0x0000000000000000        0xc Src/syscalls.o
 .text._getpid  0x0000000000000000        0xe Src/syscalls.o
 .text._kill    0x0000000000000000       0x20 Src/syscalls.o
 .text._exit    0x0000000000000000       0x14 Src/syscalls.o
 .text._read    0x0000000000000000       0x3a Src/syscalls.o
 .text._write   0x0000000000000000       0x38 Src/syscalls.o
 .text._close   0x0000000000000000       0x16 Src/syscalls.o
 .text._fstat   0x0000000000000000       0x1e Src/syscalls.o
 .text._isatty  0x0000000000000000       0x14 Src/syscalls.o
 .text._lseek   0x0000000000000000       0x18 Src/syscalls.o
 .text._open    0x0000000000000000       0x1a Src/syscalls.o
 .text._wait    0x0000000000000000       0x1e Src/syscalls.o
 .text._unlink  0x0000000000000000       0x1e Src/syscalls.o
 .text._times   0x0000000000000000       0x16 Src/syscalls.o
 .text._stat    0x0000000000000000       0x1e Src/syscalls.o
 .text._link    0x0000000000000000       0x20 Src/syscalls.o
 .text._fork    0x0000000000000000       0x16 Src/syscalls.o
 .text._execve  0x0000000000000000       0x22 Src/syscalls.o
 .debug_info    0x0000000000000000     0x1038 Src/syscalls.o
 .debug_abbrev  0x0000000000000000      0x254 Src/syscalls.o
 .debug_loc     0x0000000000000000      0x5b8 Src/syscalls.o
 .debug_aranges
                0x0000000000000000       0xa8 Src/syscalls.o
 .debug_ranges  0x0000000000000000       0x98 Src/syscalls.o
 .debug_macro   0x0000000000000000      0x243 Src/syscalls.o
 .debug_macro   0x0000000000000000      0xa60 Src/syscalls.o
 .debug_macro   0x0000000000000000       0x22 Src/syscalls.o
 .debug_macro   0x0000000000000000       0x40 Src/syscalls.o
 .debug_macro   0x0000000000000000       0x18 Src/syscalls.o
 .debug_macro   0x0000000000000000       0x94 Src/syscalls.o
 .debug_macro   0x0000000000000000       0x3c Src/syscalls.o
 .debug_macro   0x0000000000000000       0x34 Src/syscalls.o
 .debug_macro   0x0000000000000000       0x57 Src/syscalls.o
 .debug_macro   0x0000000000000000      0x174 Src/syscalls.o
 .debug_macro   0x0000000000000000      0x330 Src/syscalls.o
 .debug_macro   0x0000000000000000       0x52 Src/syscalls.o
 .debug_macro   0x0000000000000000       0x1f Src/syscalls.o
 .debug_macro   0x0000000000000000       0x43 Src/syscalls.o
 .debug_macro   0x0000000000000000       0x20 Src/syscalls.o
 .debug_macro   0x0000000000000000      0x1a3 Src/syscalls.o
 .debug_macro   0x0000000000000000       0x10 Src/syscalls.o
 .debug_macro   0x0000000000000000       0x35 Src/syscalls.o
 .debug_macro   0x0000000000000000       0x10 Src/syscalls.o
 .debug_macro   0x0000000000000000       0x10 Src/syscalls.o
 .debug_macro   0x0000000000000000       0x10 Src/syscalls.o
 .debug_macro   0x0000000000000000       0x6a Src/syscalls.o
 .debug_macro   0x0000000000000000       0x1c Src/syscalls.o
 .debug_macro   0x0000000000000000       0x52 Src/syscalls.o
 .debug_macro   0x0000000000000000       0x40 Src/syscalls.o
 .debug_macro   0x0000000000000000       0x10 Src/syscalls.o
 .debug_macro   0x0000000000000000       0x40 Src/syscalls.o
 .debug_macro   0x0000000000000000       0xd7 Src/syscalls.o
 .debug_macro   0x0000000000000000       0x1c Src/syscalls.o
 .debug_macro   0x0000000000000000       0x3d Src/syscalls.o
 .debug_macro   0x0000000000000000       0x35 Src/syscalls.o
 .debug_macro   0x0000000000000000      0x122 Src/syscalls.o
 .debug_macro   0x0000000000000000       0x16 Src/syscalls.o
 .debug_macro   0x0000000000000000       0x16 Src/syscalls.o
 .debug_macro   0x0000000000000000       0x29 Src/syscalls.o
 .debug_macro   0x0000000000000000       0x10 Src/syscalls.o
 .debug_macro   0x0000000000000000      0x241 Src/syscalls.o
 .debug_macro   0x0000000000000000       0x1c Src/syscalls.o
 .debug_macro   0x0000000000000000       0x10 Src/syscalls.o
 .debug_macro   0x0000000000000000       0x10 Src/syscalls.o
 .debug_macro   0x0000000000000000       0x16 Src/syscalls.o
 .debug_macro   0x0000000000000000      0x145 Src/syscalls.o
 .debug_macro   0x0000000000000000      0x189 Src/syscalls.o
 .debug_macro   0x0000000000000000       0x16 Src/syscalls.o
 .debug_macro   0x0000000000000000       0x88 Src/syscalls.o
 .debug_line    0x0000000000000000      0x739 Src/syscalls.o
 .debug_str     0x0000000000000000     0x8899 Src/syscalls.o
 .comment       0x0000000000000000       0x7c Src/syscalls.o
 .debug_frame   0x0000000000000000      0x2ac Src/syscalls.o
 .ARM.attributes
                0x0000000000000000       0x33 Src/syscalls.o
 .group         0x0000000000000000        0xc Src/sysmem.o
 .group         0x0000000000000000        0xc Src/sysmem.o
 .group         0x0000000000000000        0xc Src/sysmem.o
 .group         0x0000000000000000        0xc Src/sysmem.o
 .group         0x0000000000000000        0xc Src/sysmem.o
 .group         0x0000000000000000        0xc Src/sysmem.o
 .group         0x0000000000000000        0xc Src/sysmem.o
 .group         0x0000000000000000        0xc Src/sysmem.o
 .group         0x0000000000000000        0xc Src/sysmem.o
 .group         0x0000000000000000        0xc Src/sysmem.o
 .group         0x0000000000000000        0xc Src/sysmem.o
 .group         0x0000000000000000        0xc Src/sysmem.o
 .group         0x0000000000000000        0xc Src/sysmem.o
 .group         0x0000000000000000        0xc Src/sysmem.o
 .group         0x0000000000000000        0xc Src/sysmem.o
 .group         0x0000000000000000        0xc Src/sysmem.o
 .group         0x0000000000000000        0xc Src/sysmem.o
 .group         0x0000000000000000        0xc Src/sysmem.o
 .group         0x0000000000000000        0xc Src/sysmem.o
 .text          0x0000000000000000        0x0 Src/sysmem.o
 .data          0x0000000000000000        0x0 Src/sysmem.o
 .bss           0x0000000000000000        0x0 Src/sysmem.o
 .bss.__sbrk_heap_end
                0x0000000000000000        0x4 Src/sysmem.o
 .text._sbrk    0x0000000000000000       0x6c Src/sysmem.o
 .debug_info    0x0000000000000000      0xa7c Src/sysmem.o
 .debug_abbrev  0x0000000000000000      0x18e Src/sysmem.o
 .debug_loc     0x0000000000000000       0x50 Src/sysmem.o
 .debug_aranges
                0x0000000000000000       0x20 Src/sysmem.o
 .debug_ranges  0x0000000000000000       0x10 Src/sysmem.o
 .debug_macro   0x0000000000000000       0xee Src/sysmem.o
 .debug_macro   0x0000000000000000      0xa60 Src/sysmem.o
 .debug_macro   0x0000000000000000       0x10 Src/sysmem.o
 .debug_macro   0x0000000000000000       0x22 Src/sysmem.o
 .debug_macro   0x0000000000000000       0x40 Src/sysmem.o
 .debug_macro   0x0000000000000000       0x18 Src/sysmem.o
 .debug_macro   0x0000000000000000       0x94 Src/sysmem.o
 .debug_macro   0x0000000000000000       0x3c Src/sysmem.o
 .debug_macro   0x0000000000000000       0x34 Src/sysmem.o
 .debug_macro   0x0000000000000000      0x174 Src/sysmem.o
 .debug_macro   0x0000000000000000       0x57 Src/sysmem.o
 .debug_macro   0x0000000000000000       0x52 Src/sysmem.o
 .debug_macro   0x0000000000000000       0x1f Src/sysmem.o
 .debug_macro   0x0000000000000000       0x43 Src/sysmem.o
 .debug_macro   0x0000000000000000       0x20 Src/sysmem.o
 .debug_macro   0x0000000000000000      0x1a3 Src/sysmem.o
 .debug_macro   0x0000000000000000      0x23b Src/sysmem.o
 .debug_macro   0x0000000000000000       0xef Src/sysmem.o
 .debug_macro   0x0000000000000000       0x6a Src/sysmem.o
 .debug_macro   0x0000000000000000      0x1df Src/sysmem.o
 .debug_line    0x0000000000000000      0x4c2 Src/sysmem.o
 .debug_str     0x0000000000000000     0x5f67 Src/sysmem.o
 .comment       0x0000000000000000       0x7c Src/sysmem.o
 .debug_frame   0x0000000000000000       0x34 Src/sysmem.o
 .ARM.attributes
                0x0000000000000000       0x33 Src/sysmem.o
 .text          0x0000000000000000       0x14 Startup/startup_stm32f103c6tx.o
 .data          0x0000000000000000        0x0 Startup/startup_stm32f103c6tx.o
 .bss           0x0000000000000000        0x0 Startup/startup_stm32f103c6tx.o
 .text          0x0000000000000000        0x0 c:/st/stm32cubeide_1.4.0/stm32cubeide/plugins/com.st.stm32cube.ide.mcu.externaltools.gnu-tools-for-stm32.7-2018-q2-update.win32_1.4.0.202007081208/tools/bin/../lib/gcc/arm-none-eabi/7.3.1/../../../../arm-none-eabi/lib/thumb/v7-m\libc_nano.a(lib_a-errno.o)
 .data          0x0000000000000000        0x0 c:/st/stm32cubeide_1.4.0/stm32cubeide/plugins/com.st.stm32cube.ide.mcu.externaltools.gnu-tools-for-stm32.7-2018-q2-update.win32_1.4.0.202007081208/tools/bin/../lib/gcc/arm-none-eabi/7.3.1/../../../../arm-none-eabi/lib/thumb/v7-m\libc_nano.a(lib_a-errno.o)
 .bss           0x0000000000000000        0x0 c:/st/stm32cubeide_1.4.0/stm32cubeide/plugins/com.st.stm32cube.ide.mcu.externaltools.gnu-tools-for-stm32.7-2018-q2-update.win32_1.4.0.202007081208/tools/bin/../lib/gcc/arm-none-eabi/7.3.1/../../../../arm-none-eabi/lib/thumb/v7-m\libc_nano.a(lib_a-errno.o)
 .text.__errno  0x0000000000000000        0xc c:/st/stm32cubeide_1.4.0/stm32cubeide/plugins/com.st.stm32cube.ide.mcu.externaltools.gnu-tools-for-stm32.7-2018-q2-update.win32_1.4.0.202007081208/tools/bin/../lib/gcc/arm-none-eabi/7.3.1/../../../../arm-none-eabi/lib/thumb/v7-m\libc_nano.a(lib_a-errno.o)
 .debug_frame   0x0000000000000000       0x20 c:/st/stm32cubeide_1.4.0/stm32cubeide/plugins/com.st.stm32cube.ide.mcu.externaltools.gnu-tools-for-stm32.7-2018-q2-update.win32_1.4.0.202007081208/tools/bin/../lib/gcc/arm-none-eabi/7.3.1/../../../../arm-none-eabi/lib/thumb/v7-m\libc_nano.a(lib_a-errno.o)
 .ARM.attributes
                0x0000000000000000       0x2d c:/st/stm32cubeide_1.4.0/stm32cubeide/plugins/com.st.stm32cube.ide.mcu.externaltools.gnu-tools-for-stm32.7-2018-q2-update.win32_1.4.0.202007081208/tools/bin/../lib/gcc/arm-none-eabi/7.3.1/../../../../arm-none-eabi/lib/thumb/v7-m\libc_nano.a(lib_a-errno.o)
 .text          0x0000000000000000        0x0 c:/st/stm32cubeide_1.4.0/stm32cubeide/plugins/com.st.stm32cube.ide.mcu.externaltools.gnu-tools-for-stm32.7-2018-q2-update.win32_1.4.0.202007081208/tools/bin/../lib/gcc/arm-none-eabi/7.3.1/../../../../arm-none-eabi/lib/thumb/v7-m\libc_nano.a(lib_a-exit.o)
 .data          0x0000000000000000        0x0 c:/st/stm32cubeide_1.4.0/stm32cubeide/plugins/com.st.stm32cube.ide.mcu.externaltools.gnu-tools-for-stm32.7-2018-q2-update.win32_1.4.0.202007081208/tools/bin/../lib/gcc/arm-none-eabi/7.3.1/../../../../arm-none-eabi/lib/thumb/v7-m\libc_nano.a(lib_a-exit.o)
 .bss           0x0000000000000000        0x0 c:/st/stm32cubeide_1.4.0/stm32cubeide/plugins/com.st.stm32cube.ide.mcu.externaltools.gnu-tools-for-stm32.7-2018-q2-update.win32_1.4.0.202007081208/tools/bin/../lib/gcc/arm-none-eabi/7.3.1/../../../../arm-none-eabi/lib/thumb/v7-m\libc_nano.a(lib_a-exit.o)
 .text.exit     0x0000000000000000       0x28 c:/st/stm32cubeide_1.4.0/stm32cubeide/plugins/com.st.stm32cube.ide.mcu.externaltools.gnu-tools-for-stm32.7-2018-q2-update.win32_1.4.0.202007081208/tools/bin/../lib/gcc/arm-none-eabi/7.3.1/../../../../arm-none-eabi/lib/thumb/v7-m\libc_nano.a(lib_a-exit.o)
 .debug_frame   0x0000000000000000       0x28 c:/st/stm32cubeide_1.4.0/stm32cubeide/plugins/com.st.stm32cube.ide.mcu.externaltools.gnu-tools-for-stm32.7-2018-q2-update.win32_1.4.0.202007081208/tools/bin/../lib/gcc/arm-none-eabi/7.3.1/../../../../arm-none-eabi/lib/thumb/v7-m\libc_nano.a(lib_a-exit.o)
 .ARM.attributes
                0x0000000000000000       0x2d c:/st/stm32cubeide_1.4.0/stm32cubeide/plugins/com.st.stm32cube.ide.mcu.externaltools.gnu-tools-for-stm32.7-2018-q2-update.win32_1.4.0.202007081208/tools/bin/../lib/gcc/arm-none-eabi/7.3.1/../../../../arm-none-eabi/lib/thumb/v7-m\libc_nano.a(lib_a-exit.o)
 .text          0x0000000000000000        0x0 c:/st/stm32cubeide_1.4.0/stm32cubeide/plugins/com.st.stm32cube.ide.mcu.externaltools.gnu-tools-for-stm32.7-2018-q2-update.win32_1.4.0.202007081208/tools/bin/../lib/gcc/arm-none-eabi/7.3.1/../../../../arm-none-eabi/lib/thumb/v7-m\libc_nano.a(lib_a-impure.o)
 .data          0x0000000000000000        0x0 c:/st/stm32cubeide_1.4.0/stm32cubeide/plugins/com.st.stm32cube.ide.mcu.externaltools.gnu-tools-for-stm32.7-2018-q2-update.win32_1.4.0.202007081208/tools/bin/../lib/gcc/arm-none-eabi/7.3.1/../../../../arm-none-eabi/lib/thumb/v7-m\libc_nano.a(lib_a-impure.o)
 .bss           0x0000000000000000        0x0 c:/st/stm32cubeide_1.4.0/stm32cubeide/plugins/com.st.stm32cube.ide.mcu.externaltools.gnu-tools-for-stm32.7-2018-q2-update.win32_1.4.0.202007081208/tools/bin/../lib/gcc/arm-none-eabi/7.3.1/../../../../arm-none-eabi/lib/thumb/v7-m\libc_nano.a(lib_a-impure.o)
 .data._impure_ptr
                0x0000000000000000        0x4 c:/st/stm32cubeide_1.4.0/stm32cubeide/plugins/com.st.stm32cube.ide.mcu.externaltools.gnu-tools-for-stm32.7-2018-q2-update.win32_1.4.0.202007081208/tools/bin/../lib/gcc/arm-none-eabi/7.3.1/../../../../arm-none-eabi/lib/thumb/v7-m\libc_nano.a(lib_a-impure.o)
 .data.impure_data
                0x0000000000000000       0x60 c:/st/stm32cubeide_1.4.0/stm32cubeide/plugins/com.st.stm32cube.ide.mcu.externaltools.gnu-tools-for-stm32.7-2018-q2-update.win32_1.4.0.202007081208/tools/bin/../lib/gcc/arm-none-eabi/7.3.1/../../../../arm-none-eabi/lib/thumb/v7-m\libc_nano.a(lib_a-impure.o)
 .rodata._global_impure_ptr
                0x0000000000000000        0x4 c:/st/stm32cubeide_1.4.0/stm32cubeide/plugins/com.st.stm32cube.ide.mcu.externaltools.gnu-tools-for-stm32.7-2018-q2-update.win32_1.4.0.202007081208/tools/bin/../lib/gcc/arm-none-eabi/7.3.1/../../../../arm-none-eabi/lib/thumb/v7-m\libc_nano.a(lib_a-impure.o)
 .ARM.attributes
                0x0000000000000000       0x2d c:/st/stm32cubeide_1.4.0/stm32cubeide/plugins/com.st.stm32cube.ide.mcu.externaltools.gnu-tools-for-stm32.7-2018-q2-update.win32_1.4.0.202007081208/tools/bin/../lib/gcc/arm-none-eabi/7.3.1/../../../../arm-none-eabi/lib/thumb/v7-m\libc_nano.a(lib_a-impure.o)
 .text          0x0000000000000000        0x0 c:/st/stm32cubeide_1.4.0/stm32cubeide/plugins/com.st.stm32cube.ide.mcu.externaltools.gnu-tools-for-stm32.7-2018-q2-update.win32_1.4.0.202007081208/tools/bin/../lib/gcc/arm-none-eabi/7.3.1/../../../../arm-none-eabi/lib/thumb/v7-m\libc_nano.a(lib_a-init.o)
 .data          0x0000000000000000        0x0 c:/st/stm32cubeide_1.4.0/stm32cubeide/plugins/com.st.stm32cube.ide.mcu.externaltools.gnu-tools-for-stm32.7-2018-q2-update.win32_1.4.0.202007081208/tools/bin/../lib/gcc/arm-none-eabi/7.3.1/../../../../arm-none-eabi/lib/thumb/v7-m\libc_nano.a(lib_a-init.o)
 .bss           0x0000000000000000        0x0 c:/st/stm32cubeide_1.4.0/stm32cubeide/plugins/com.st.stm32cube.ide.mcu.externaltools.gnu-tools-for-stm32.7-2018-q2-update.win32_1.4.0.202007081208/tools/bin/../lib/gcc/arm-none-eabi/7.3.1/../../../../arm-none-eabi/lib/thumb/v7-m\libc_nano.a(lib_a-init.o)
 .text          0x0000000000000000        0x0 c:/st/stm32cubeide_1.4.0/stm32cubeide/plugins/com.st.stm32cube.ide.mcu.externaltools.gnu-tools-for-stm32.7-2018-q2-update.win32_1.4.0.202007081208/tools/bin/../lib/gcc/arm-none-eabi/7.3.1/../../../../arm-none-eabi/lib/thumb/v7-m\libc_nano.a(lib_a-memset.o)
 .data          0x0000000000000000        0x0 c:/st/stm32cubeide_1.4.0/stm32cubeide/plugins/com.st.stm32cube.ide.mcu.externaltools.gnu-tools-for-stm32.7-2018-q2-update.win32_1.4.0.202007081208/tools/bin/../lib/gcc/arm-none-eabi/7.3.1/../../../../arm-none-eabi/lib/thumb/v7-m\libc_nano.a(lib_a-memset.o)
 .bss           0x0000000000000000        0x0 c:/st/stm32cubeide_1.4.0/stm32cubeide/plugins/com.st.stm32cube.ide.mcu.externaltools.gnu-tools-for-stm32.7-2018-q2-update.win32_1.4.0.202007081208/tools/bin/../lib/gcc/arm-none-eabi/7.3.1/../../../../arm-none-eabi/lib/thumb/v7-m\libc_nano.a(lib_a-memset.o)
 .text.memset   0x0000000000000000       0x10 c:/st/stm32cubeide_1.4.0/stm32cubeide/plugins/com.st.stm32cube.ide.mcu.externaltools.gnu-tools-for-stm32.7-2018-q2-update.win32_1.4.0.202007081208/tools/bin/../lib/gcc/arm-none-eabi/7.3.1/../../../../arm-none-eabi/lib/thumb/v7-m\libc_nano.a(lib_a-memset.o)
 .debug_frame   0x0000000000000000       0x20 c:/st/stm32cubeide_1.4.0/stm32cubeide/plugins/com.st.stm32cube.ide.mcu.externaltools.gnu-tools-for-stm32.7-2018-q2-update.win32_1.4.0.202007081208/tools/bin/../lib/gcc/arm-none-eabi/7.3.1/../../../../arm-none-eabi/lib/thumb/v7-m\libc_nano.a(lib_a-memset.o)
 .ARM.attributes
                0x0000000000000000       0x2d c:/st/stm32cubeide_1.4.0/stm32cubeide/plugins/com.st.stm32cube.ide.mcu.externaltools.gnu-tools-for-stm32.7-2018-q2-update.win32_1.4.0.202007081208/tools/bin/../lib/gcc/arm-none-eabi/7.3.1/../../../../arm-none-eabi/lib/thumb/v7-m\libc_nano.a(lib_a-memset.o)
 .text          0x0000000000000000        0x0 c:/st/stm32cubeide_1.4.0/stm32cubeide/plugins/com.st.stm32cube.ide.mcu.externaltools.gnu-tools-for-stm32.7-2018-q2-update.win32_1.4.0.202007081208/tools/bin/../lib/gcc/arm-none-eabi/7.3.1/thumb/v7-m/crtend.o
 .data          0x0000000000000000        0x0 c:/st/stm32cubeide_1.4.0/stm32cubeide/plugins/com.st.stm32cube.ide.mcu.externaltools.gnu-tools-for-stm32.7-2018-q2-update.win32_1.4.0.202007081208/tools/bin/../lib/gcc/arm-none-eabi/7.3.1/thumb/v7-m/crtend.o
 .bss           0x0000000000000000        0x0 c:/st/stm32cubeide_1.4.0/stm32cubeide/plugins/com.st.stm32cube.ide.mcu.externaltools.gnu-tools-for-stm32.7-2018-q2-update.win32_1.4.0.202007081208/tools/bin/../lib/gcc/arm-none-eabi/7.3.1/thumb/v7-m/crtend.o
 .eh_frame      0x0000000000000000        0x4 c:/st/stm32cubeide_1.4.0/stm32cubeide/plugins/com.st.stm32cube.ide.mcu.externaltools.gnu-tools-for-stm32.7-2018-q2-update.win32_1.4.0.202007081208/tools/bin/../lib/gcc/arm-none-eabi/7.3.1/thumb/v7-m/crtend.o
 .ARM.attributes
                0x0000000000000000       0x2d c:/st/stm32cubeide_1.4.0/stm32cubeide/plugins/com.st.stm32cube.ide.mcu.externaltools.gnu-tools-for-stm32.7-2018-q2-update.win32_1.4.0.202007081208/tools/bin/../lib/gcc/arm-none-eabi/7.3.1/thumb/v7-m/crtend.o
 .text          0x0000000000000000        0x0 c:/st/stm32cubeide_1.4.0/stm32cubeide/plugins/com.st.stm32cube.ide.mcu.externaltools.gnu-tools-for-stm32.7-2018-q2-update.win32_1.4.0.202007081208/tools/bin/../lib/gcc/arm-none-eabi/7.3.1/thumb/v7-m/crtn.o
 .data          0x0000000000000000        0x0 c:/st/stm32cubeide_1.4.0/stm32cubeide/plugins/com.st.stm32cube.ide.mcu.externaltools.gnu-tools-for-stm32.7-2018-q2-update.win32_1.4.0.202007081208/tools/bin/../lib/gcc/arm-none-eabi/7.3.1/thumb/v7-m/crtn.o
 .bss           0x0000000000000000        0x0 c:/st/stm32cubeide_1.4.0/stm32cubeide/plugins/com.st.stm32cube.ide.mcu.externaltools.gnu-tools-for-stm32.7-2018-q2-update.win32_1.4.0.202007081208/tools/bin/../lib/gcc/arm-none-eabi/7.3.1/thumb/v7-m/crtn.o

Memory Configuration

Name             Origin             Length             Attributes
RAM              0x0000000020000000 0x0000000000002800 xrw
ROM              0x0000000008000000 0x0000000000008000 xr
*default*        0x0000000000000000 0xffffffffffffffff

Linker script and memory map

LOAD c:/st/stm32cubeide_1.4.0/stm32cubeide/plugins/com.st.stm32cube.ide.mcu.externaltools.gnu-tools-for-stm32.7-2018-q2-update.win32_1.4.0.202007081208/tools/bin/../lib/gcc/arm-none-eabi/7.3.1/thumb/v7-m/crti.o
LOAD c:/st/stm32cubeide_1.4.0/stm32cubeide/plugins/com.st.stm32cube.ide.mcu.externaltools.gnu-tools-for-stm32.7-2018-q2-update.win32_1.4.0.202007081208/tools/bin/../lib/gcc/arm-none-eabi/7.3.1/thumb/v7-m/crtbegin.o
LOAD c:/st/stm32cubeide_1.4.0/stm32cubeide/plugins/com.st.stm32cube.ide.mcu.externaltools.gnu-tools-for-stm32.7-2018-q2-update.win32_1.4.0.202007081208/tools/bin/../lib/gcc/arm-none-eabi/7.3.1/../../../../arm-none-eabi/lib/thumb/v7-m/crt0.o
LOAD HAL/KEYPAD_Driver/KEYPAD.o
LOAD HAL/LCD_Driver/LCD.o
LOAD STM32F103C6_Drivers/EXTI/STM32F103C6_EXTI_Driver.o
LOAD STM32F103C6_Drivers/GPIO/STM32F103C6_GPIO_Driver.o
LOAD STM32F103C6_Drivers/RCC/STM32F103C6_RCC_Driver.o
LOAD STM32F103C6_Drivers/USART/STM32F103C6_USART_Driver.o
LOAD Src/main.o
LOAD Src/syscalls.o
LOAD Src/sysmem.o
LOAD Startup/startup_stm32f103c6tx.o
START GROUP
LOAD c:/st/stm32cubeide_1.4.0/stm32cubeide/plugins/com.st.stm32cube.ide.mcu.externaltools.gnu-tools-for-stm32.7-2018-q2-update.win32_1.4.0.202007081208/tools/bin/../lib/gcc/arm-none-eabi/7.3.1/../../../../arm-none-eabi/lib/thumb/v7-m\libc_nano.a
LOAD c:/st/stm32cubeide_1.4.0/stm32cubeide/plugins/com.st.stm32cube.ide.mcu.externaltools.gnu-tools-for-stm32.7-2018-q2-update.win32_1.4.0.202007081208/tools/bin/../lib/gcc/arm-none-eabi/7.3.1/../../../../arm-none-eabi/lib/thumb/v7-m\libm.a
END GROUP
START GROUP
LOAD c:/st/stm32cubeide_1.4.0/stm32cubeide/plugins/com.st.stm32cube.ide.mcu.externaltools.gnu-tools-for-stm32.7-2018-q2-update.win32_1.4.0.202007081208/tools/bin/../lib/gcc/arm-none-eabi/7.3.1/thumb/v7-m\libgcc.a
LOAD c:/st/stm32cubeide_1.4.0/stm32cubeide/plugins/com.st.stm32cube.ide.mcu.externaltools.gnu-tools-for-stm32.7-2018-q2-update.win32_1.4.0.202007081208/tools/bin/../lib/gcc/arm-none-eabi/7.3.1/../../../../arm-none-eabi/lib/thumb/v7-m\libg_nano.a
LOAD c:/st/stm32cubeide_1.4.0/stm32cubeide/plugins/com.st.stm32cube.ide.mcu.externaltools.gnu-tools-for-stm32.7-2018-q2-update.win32_1.4.0.202007081208/tools/bin/../lib/gcc/arm-none-eabi/7.3.1/../../../../arm-none-eabi/lib/thumb/v7-m\libc_nano.a
END GROUP
START GROUP
LOAD c:/st/stm32cubeide_1.4.0/stm32cubeide/plugins/com.st.stm32cube.ide.mcu.externaltools.gnu-tools-for-stm32.7-2018-q2-update.win32_1.4.0.202007081208/tools/bin/../lib/gcc/arm-none-eabi/7.3.1/thumb/v7-m\libgcc.a
LOAD c:/st/stm32cubeide_1.4.0/stm32cubeide/plugins/com.st.stm32cube.ide.mcu.externaltools.gnu-tools-for-stm32.7-2018-q2-update.win32_1.4.0.202007081208/tools/bin/../lib/gcc/arm-none-eabi/7.3.1/../../../../arm-none-eabi/lib/thumb/v7-m\libc_nano.a
LOAD c:/st/stm32cubeide_1.4.0/stm32cubeide/plugins/com.st.stm32cube.ide.mcu.externaltools.gnu-tools-for-stm32.7-2018-q2-update.win32_1.4.0.202007081208/tools/bin/../lib/gcc/arm-none-eabi/7.3.1/../../../../arm-none-eabi/lib/thumb/v7-m\libnosys.a
END GROUP
START GROUP
LOAD c:/st/stm32cubeide_1.4.0/stm32cubeide/plugins/com.st.stm32cube.ide.mcu.externaltools.gnu-tools-for-stm32.7-2018-q2-update.win32_1.4.0.202007081208/tools/bin/../lib/gcc/arm-none-eabi/7.3.1/thumb/v7-m\libgcc.a
LOAD c:/st/stm32cubeide_1.4.0/stm32cubeide/plugins/com.st.stm32cube.ide.mcu.externaltools.gnu-tools-for-stm32.7-2018-q2-update.win32_1.4.0.202007081208/tools/bin/../lib/gcc/arm-none-eabi/7.3.1/../../../../arm-none-eabi/lib/thumb/v7-m\libc_nano.a
LOAD c:/st/stm32cubeide_1.4.0/stm32cubeide/plugins/com.st.stm32cube.ide.mcu.externaltools.gnu-tools-for-stm32.7-2018-q2-update.win32_1.4.0.202007081208/tools/bin/../lib/gcc/arm-none-eabi/7.3.1/../../../../arm-none-eabi/lib/thumb/v7-m\libnosys.a
END GROUP
LOAD c:/st/stm32cubeide_1.4.0/stm32cubeide/plugins/com.st.stm32cube.ide.mcu.externaltools.gnu-tools-for-stm32.7-2018-q2-update.win32_1.4.0.202007081208/tools/bin/../lib/gcc/arm-none-eabi/7.3.1/thumb/v7-m/crtend.o
LOAD c:/st/stm32cubeide_1.4.0/stm32cubeide/plugins/com.st.stm32cube.ide.mcu.externaltools.gnu-tools-for-stm32.7-2018-q2-update.win32_1.4.0.202007081208/tools/bin/../lib/gcc/arm-none-eabi/7.3.1/thumb/v7-m/crtn.o
                0x0000000020002800                _estack = (ORIGIN (RAM) + LENGTH (RAM))
                0x0000000000000200                _Min_Heap_Size = 0x200
                0x0000000000000400                _Min_Stack_Size = 0x400

.isr_vector     0x0000000008000000      0x130
                0x0000000008000000                . = ALIGN (0x4)
 *(.isr_vector)
 .isr_vector    0x0000000008000000      0x130 Startup/startup_stm32f103c6tx.o
                0x0000000008000000                g_pfnVectors
                0x0000000008000130                . = ALIGN (0x4)

.text           0x0000000008000130      0xa28
                0x0000000008000130                . = ALIGN (0x4)
 *(.text)
 .text          0x0000000008000130       0x40 c:/st/stm32cubeide_1.4.0/stm32cubeide/plugins/com.st.stm32cube.ide.mcu.externaltools.gnu-tools-for-stm32.7-2018-q2-update.win32_1.4.0.202007081208/tools/bin/../lib/gcc/arm-none-eabi/7.3.1/thumb/v7-m/crtbegin.o
 *(.text*)
 .text.EXTI0_IRQHandler
                0x0000000008000170       0x24 STM32F103C6_Drivers/EXTI/STM32F103C6_EXTI_Driver.o
                0x0000000008000170                EXTI0_IRQHandler
 .text.EXTI1_IRQHandler
                0x0000000008000194       0x24 STM32F103C6_Drivers/EXTI/STM32F103C6_EXTI_Driver.o
                0x0000000008000194                EXTI1_IRQHandler
 .text.EXTI2_IRQHandler
                0x00000000080001b8       0x24 STM32F103C6_Drivers/EXTI/STM32F103C6_EXTI_Driver.o
                0x00000000080001b8                EXTI2_IRQHandler
 .text.EXTI3_IRQHandler
                0x00000000080001dc       0x24 STM32F103C6_Drivers/EXTI/STM32F103C6_EXTI_Driver.o
                0x00000000080001dc                EXTI3_IRQHandler
 .text.EXTI4_IRQHandler
                0x0000000008000200       0x24 STM32F103C6_Drivers/EXTI/STM32F103C6_EXTI_Driver.o
                0x0000000008000200                EXTI4_IRQHandler
 .text.EXTI9_5_IRQHandler
                0x0000000008000224       0xbc STM32F103C6_Drivers/EXTI/STM32F103C6_EXTI_Driver.o
                0x0000000008000224                EXTI9_5_IRQHandler
 .text.EXTI15_10_IRQHandler
                0x00000000080002e0       0xdc STM32F103C6_Drivers/EXTI/STM32F103C6_EXTI_Driver.o
                0x00000000080002e0                EXTI15_10_IRQHandler
 .text.Get_CRLH_Postion
                0x00000000080003bc       0xc6 STM32F103C6_Drivers/GPIO/STM32F103C6_GPIO_Driver.o
 .text.MCAL_GPIO_INIT
                0x0000000008000482       0xfe STM32F103C6_Drivers/GPIO/STM32F103C6_GPIO_Driver.o
                0x0000000008000482                MCAL_GPIO_INIT
 .text.MCAL_RCC_GetSYSCLK_Freq
                0x0000000008000580       0x3c STM32F103C6_Drivers/RCC/STM32F103C6_RCC_Driver.o
                0x0000000008000580                MCAL_RCC_GetSYSCLK_Freq
 .text.MCAL_RCC_GetHCLK_Freq
                0x00000000080005bc       0x2c STM32F103C6_Drivers/RCC/STM32F103C6_RCC_Driver.o
                0x00000000080005bc                MCAL_RCC_GetHCLK_Freq
 .text.MCAL_RCC_GetPCLK1_Freq
                0x00000000080005e8       0x28 STM32F103C6_Drivers/RCC/STM32F103C6_RCC_Driver.o
                0x00000000080005e8                MCAL_RCC_GetPCLK1_Freq
 .text.MCAL_RCC_GetPCLK2_Freq
                0x0000000008000610       0x28 STM32F103C6_Drivers/RCC/STM32F103C6_RCC_Driver.o
                0x0000000008000610                MCAL_RCC_GetPCLK2_Freq
 .text.MCAL_UART_Init
                0x0000000008000638      0x198 STM32F103C6_Drivers/USART/STM32F103C6_USART_Driver.o
                0x0000000008000638                MCAL_UART_Init
 .text.MCAL_UART_SendData
                0x00000000080007d0       0x74 STM32F103C6_Drivers/USART/STM32F103C6_USART_Driver.o
                0x00000000080007d0                MCAL_UART_SendData
 .text.MCAL_UART_ReceiveData
                0x0000000008000844       0xe0 STM32F103C6_Drivers/USART/STM32F103C6_USART_Driver.o
                0x0000000008000844                MCAL_UART_ReceiveData
 .text.MCAL_UART_GPIO_SetPins
                0x0000000008000924       0xcc STM32F103C6_Drivers/USART/STM32F103C6_USART_Driver.o
                0x0000000008000924                MCAL_UART_GPIO_SetPins
 .text.USART1_IRQHandler
                0x00000000080009f0        0xc STM32F103C6_Drivers/USART/STM32F103C6_USART_Driver.o
                0x00000000080009f0                USART1_IRQHandler
 .text.USART2_IRQHandler
                0x00000000080009fc        0xc STM32F103C6_Drivers/USART/STM32F103C6_USART_Driver.o
                0x00000000080009fc                USART2_IRQHandler
 .text.USART3_IRQHandler
                0x0000000008000a08        0xc STM32F103C6_Drivers/USART/STM32F103C6_USART_Driver.o
                0x0000000008000a08                USART3_IRQHandler
 .text.clk_Init
                0x0000000008000a14       0x34 Src/main.o
                0x0000000008000a14                clk_Init
 .text.main     0x0000000008000a48       0x5c Src/main.o
                0x0000000008000a48                main
 .text.Reset_Handler
                0x0000000008000aa4       0x50 Startup/startup_stm32f103c6tx.o
                0x0000000008000aa4                Reset_Handler
 .text.Default_Handler
                0x0000000008000af4        0x2 Startup/startup_stm32f103c6tx.o
                0x0000000008000af4                TIM8_TRG_COM_IRQHandler
                0x0000000008000af4                TIM8_CC_IRQHandler
                0x0000000008000af4                DebugMon_Handler
                0x0000000008000af4                TIM1_CC_IRQHandler
                0x0000000008000af4                HardFault_Handler
                0x0000000008000af4                TIM6_IRQHandler
                0x0000000008000af4                SysTick_Handler
                0x0000000008000af4                PVD_IRQHandler
                0x0000000008000af4                SDIO_IRQHandler
                0x0000000008000af4                PendSV_Handler
                0x0000000008000af4                NMI_Handler
                0x0000000008000af4                USB_HP_CAN_TX_IRQHandler
                0x0000000008000af4                I2C2_EV_IRQHandler
                0x0000000008000af4                UsageFault_Handler
                0x0000000008000af4                ADC1_2_IRQHandler
                0x0000000008000af4                SPI1_IRQHandler
                0x0000000008000af4                CAN_SCE_IRQHandler
                0x0000000008000af4                TAMPER_IRQHandler
                0x0000000008000af4                TIM8_UP_IRQHandler
                0x0000000008000af4                DMA2_Channel2_IRQHandler
                0x0000000008000af4                DMA1_Channel4_IRQHandler
                0x0000000008000af4                RTC_IRQHandler
                0x0000000008000af4                DMA1_Channel7_IRQHandler
                0x0000000008000af4                UART5_IRQHandler
                0x0000000008000af4                ADC3_IRQHandler
                0x0000000008000af4                TIM4_IRQHandler
                0x0000000008000af4                CAN_RX1_IRQHandler
                0x0000000008000af4                DMA2_Channel1_IRQHandler
                0x0000000008000af4                I2C1_EV_IRQHandler
                0x0000000008000af4                DMA1_Channel6_IRQHandler
                0x0000000008000af4                UART4_IRQHandler
                0x0000000008000af4                TIM3_IRQHandler
                0x0000000008000af4                RCC_IRQHandler
                0x0000000008000af4                TIM1_TRG_COM_IRQHandler
                0x0000000008000af4                DMA1_Channel1_IRQHandler
                0x0000000008000af4                Default_Handler
                0x0000000008000af4                TIM7_IRQHandler
                0x0000000008000af4                TIM5_IRQHandler
                0x0000000008000af4                SPI2_IRQHandler
                0x0000000008000af4                USB_LP_CAN_RX0_IRQHandler
                0x0000000008000af4                MemManage_Handler
                0x0000000008000af4                SVC_Handler
                0x0000000008000af4                DMA1_Channel5_IRQHandler
                0x0000000008000af4                DMA1_Channel3_IRQHandler
                0x0000000008000af4                FSMC_IRQHandler
                0x0000000008000af4                TIM1_UP_IRQHandler
                0x0000000008000af4                WWDG_IRQHandler
                0x0000000008000af4                TIM2_IRQHandler
                0x0000000008000af4                TIM1_BRK_IRQHandler
                0x0000000008000af4                RTCAlarm_IRQHandler
                0x0000000008000af4                DMA2_Channel4_5_IRQHandler
                0x0000000008000af4                I2C2_ER_IRQHandler
                0x0000000008000af4                DMA1_Channel2_IRQHandler
                0x0000000008000af4                TIM8_BRK_IRQHandler
                0x0000000008000af4                FLASH_IRQHandler
                0x0000000008000af4                BusFault_Handler
                0x0000000008000af4                SPI3_IRQHandler
                0x0000000008000af4                I2C1_ER_IRQHandler
                0x0000000008000af4                DMA2_Channel3_IRQHandler
 *fill*         0x0000000008000af6        0x2 
 .text.__libc_init_array
                0x0000000008000af8       0x48 c:/st/stm32cubeide_1.4.0/stm32cubeide/plugins/com.st.stm32cube.ide.mcu.externaltools.gnu-tools-for-stm32.7-2018-q2-update.win32_1.4.0.202007081208/tools/bin/../lib/gcc/arm-none-eabi/7.3.1/../../../../arm-none-eabi/lib/thumb/v7-m\libc_nano.a(lib_a-init.o)
                0x0000000008000af8                __libc_init_array
 *(.glue_7)
 .glue_7        0x0000000008000b40        0x0 linker stubs
 *(.glue_7t)
 .glue_7t       0x0000000008000b40        0x0 linker stubs
 *(.eh_frame)
 .eh_frame      0x0000000008000b40        0x0 c:/st/stm32cubeide_1.4.0/stm32cubeide/plugins/com.st.stm32cube.ide.mcu.externaltools.gnu-tools-for-stm32.7-2018-q2-update.win32_1.4.0.202007081208/tools/bin/../lib/gcc/arm-none-eabi/7.3.1/thumb/v7-m/crtbegin.o
 *(.init)
 .init          0x0000000008000b40        0x4 c:/st/stm32cubeide_1.4.0/stm32cubeide/plugins/com.st.stm32cube.ide.mcu.externaltools.gnu-tools-for-stm32.7-2018-q2-update.win32_1.4.0.202007081208/tools/bin/../lib/gcc/arm-none-eabi/7.3.1/thumb/v7-m/crti.o
                0x0000000008000b40                _init
 .init          0x0000000008000b44        0x8 c:/st/stm32cubeide_1.4.0/stm32cubeide/plugins/com.st.stm32cube.ide.mcu.externaltools.gnu-tools-for-stm32.7-2018-q2-update.win32_1.4.0.202007081208/tools/bin/../lib/gcc/arm-none-eabi/7.3.1/thumb/v7-m/crtn.o
 *(.fini)
 .fini          0x0000000008000b4c        0x4 c:/st/stm32cubeide_1.4.0/stm32cubeide/plugins/com.st.stm32cube.ide.mcu.externaltools.gnu-tools-for-stm32.7-2018-q2-update.win32_1.4.0.202007081208/tools/bin/../lib/gcc/arm-none-eabi/7.3.1/thumb/v7-m/crti.o
                0x0000000008000b4c                _fini
 .fini          0x0000000008000b50        0x8 c:/st/stm32cubeide_1.4.0/stm32cubeide/plugins/com.st.stm32cube.ide.mcu.externaltools.gnu-tools-for-stm32.7-2018-q2-update.win32_1.4.0.202007081208/tools/bin/../lib/gcc/arm-none-eabi/7.3.1/thumb/v7-m/crtn.o
                0x0000000008000b58                . = ALIGN (0x4)
                0x0000000008000b58                _etext = .

.vfp11_veneer   0x0000000008000b58        0x0
 .vfp11_veneer  0x0000000008000b58        0x0 linker stubs

.v4_bx          0x0000000008000b58        0x0
 .v4_bx         0x0000000008000b58        0x0 linker stubs

.iplt           0x0000000008000b58        0x0
 .iplt          0x0000000008000b58        0x0 c:/st/stm32cubeide_1.4.0/stm32cubeide/plugins/com.st.stm32cube.ide.mcu.externaltools.gnu-tools-for-stm32.7-2018-q2-update.win32_1.4.0.202007081208/tools/bin/../lib/gcc/arm-none-eabi/7.3.1/thumb/v7-m/crtbegin.o

.rodata         0x0000000008000b58       0x28
                0x0000000008000b58                . = ALIGN (0x4)
 *(.rodata)
 *(.rodata*)
 .rodata.APB_PrescalerTable
                0x0000000008000b58        0x8 STM32F103C6_Drivers/RCC/STM32F103C6_RCC_Driver.o
                0x0000000008000b58                APB_PrescalerTable
 .rodata.AHB_PrescalerTable
                0x0000000008000b60       0x20 STM32F103C6_Drivers/RCC/STM32F103C6_RCC_Driver.o
                0x0000000008000b60                AHB_PrescalerTable
                0x0000000008000b80                . = ALIGN (0x4)

.rel.dyn        0x0000000008000b80        0x0
 .rel.iplt      0x0000000008000b80        0x0 c:/st/stm32cubeide_1.4.0/stm32cubeide/plugins/com.st.stm32cube.ide.mcu.externaltools.gnu-tools-for-stm32.7-2018-q2-update.win32_1.4.0.202007081208/tools/bin/../lib/gcc/arm-none-eabi/7.3.1/thumb/v7-m/crtbegin.o

.ARM.extab      0x0000000008000b80        0x0
                0x0000000008000b80                . = ALIGN (0x4)
 *(.ARM.extab* .gnu.linkonce.armextab.*)
                0x0000000008000b80                . = ALIGN (0x4)

.ARM            0x0000000008000b80        0x0
                0x0000000008000b80                . = ALIGN (0x4)
                0x0000000008000b80                __exidx_start = .
 *(.ARM.exidx*)
                0x0000000008000b80                __exidx_end = .
                0x0000000008000b80                . = ALIGN (0x4)

.preinit_array  0x0000000008000b80        0x0
                0x0000000008000b80                . = ALIGN (0x4)
                0x0000000008000b80                PROVIDE (__preinit_array_start = .)
 *(.preinit_array*)
                0x0000000008000b80                PROVIDE (__preinit_array_end = .)
                0x0000000008000b80                . = ALIGN (0x4)

.init_array     0x0000000008000b80        0x4
                0x0000000008000b80                . = ALIGN (0x4)
                0x0000000008000b80                PROVIDE (__init_array_start = .)
 *(SORT_BY_NAME(.init_array.*))
 *(.init_array*)
 .init_array    0x0000000008000b80        0x4 c:/st/stm32cubeide_1.4.0/stm32cubeide/plugins/com.st.stm32cube.ide.mcu.externaltools.gnu-tools-for-stm32.7-2018-q2-update.win32_1.4.0.202007081208/tools/bin/../lib/gcc/arm-none-eabi/7.3.1/thumb/v7-m/crtbegin.o
                0x0000000008000b84                PROVIDE (__init_array_end = .)
                0x0000000008000b84                . = ALIGN (0x4)

.fini_array     0x0000000008000b84        0x4
                0x0000000008000b84                . = ALIGN (0x4)
                [!provide]                        PROVIDE (__fini_array_start = .)
 *(SORT_BY_NAME(.fini_array.*))
 *(.fini_array*)
 .fini_array    0x0000000008000b84        0x4 c:/st/stm32cubeide_1.4.0/stm32cubeide/plugins/com.st.stm32cube.ide.mcu.externaltools.gnu-tools-for-stm32.7-2018-q2-update.win32_1.4.0.202007081208/tools/bin/../lib/gcc/arm-none-eabi/7.3.1/thumb/v7-m/crtbegin.o
                [!provide]                        PROVIDE (__fini_array_end = .)
                0x0000000008000b88                . = ALIGN (0x4)
                0x0000000008000b88                _sidata = LOADADDR (.data)

.data           0x0000000020000000        0x0 load address 0x0000000008000b88
                0x0000000020000000                . = ALIGN (0x4)
                0x0000000020000000                _sdata = .
 *(.data)
 *(.data*)
                0x0000000020000000                . = ALIGN (0x4)
                0x0000000020000000                _edata = .

.igot.plt       0x0000000020000000        0x0 load address 0x0000000008000b88
 .igot.plt      0x0000000020000000        0x0 c:/st/stm32cubeide_1.4.0/stm32cubeide/plugins/com.st.stm32cube.ide.mcu.externaltools.gnu-tools-for-stm32.7-2018-q2-update.win32_1.4.0.202007081208/tools/bin/../lib/gcc/arm-none-eabi/7.3.1/thumb/v7-m/crtbegin.o
                0x0000000020000000                . = ALIGN (0x4)

.bss            0x0000000020000000       0x68 load address 0x0000000008000b88
                0x0000000020000000                _sbss = .
                0x0000000020000000                __bss_start__ = _sbss
 *(.bss)
 .bss           0x0000000020000000       0x1c c:/st/stm32cubeide_1.4.0/stm32cubeide/plugins/com.st.stm32cube.ide.mcu.externaltools.gnu-tools-for-stm32.7-2018-q2-update.win32_1.4.0.202007081208/tools/bin/../lib/gcc/arm-none-eabi/7.3.1/thumb/v7-m/crtbegin.o
 *(.bss*)
 .bss.Global_UART1_Config
                0x000000002000001c        0x4 STM32F103C6_Drivers/USART/STM32F103C6_USART_Driver.o
                0x000000002000001c                Global_UART1_Config
 .bss.Global_UART2_Config
                0x0000000020000020        0x4 STM32F103C6_Drivers/USART/STM32F103C6_USART_Driver.o
                0x0000000020000020                Global_UART2_Config
 .bss.Global_UART3_Config
                0x0000000020000024        0x4 STM32F103C6_Drivers/USART/STM32F103C6_USART_Driver.o
                0x0000000020000024                Global_UART3_Config
 *(COMMON)
 COMMON         0x0000000020000028       0x3c STM32F103C6_Drivers/EXTI/STM32F103C6_EXTI_Driver.o
                0x0000000020000028                GP_IRQ_CallBack
 COMMON         0x0000000020000064        0x1 Src/main.o
                0x0000000020000064                ch
                0x0000000020000068                . = ALIGN (0x4)
 *fill*         0x0000000020000065        0x3 
                0x0000000020000068                _ebss = .
                0x0000000020000068                __bss_end__ = _ebss

._user_heap_stack
                0x0000000020000068      0x600 load address 0x0000000008000b88
                0x0000000020000068                . = ALIGN (0x8)
                [!provide]                        PROVIDE (end = .)
                0x0000000020000068                PROVIDE (_end = .)
                0x0000000020000268                . = (. + _Min_Heap_Size)
 *fill*         0x0000000020000068      0x200 
                0x0000000020000668                . = (. + _Min_Stack_Size)
 *fill*         0x0000000020000268      0x400 
                0x0000000020000668                . = ALIGN (0x8)

/DISCARD/
 libc.a(*)
 libm.a(*)
 libgcc.a(*)

.ARM.attributes
                0x0000000000000000       0x29
 *(.ARM.attributes)
 .ARM.attributes
                0x0000000000000000       0x1d c:/st/stm32cubeide_1.4.0/stm32cubeide/plugins/com.st.stm32cube.ide.mcu.externaltools.gnu-tools-for-stm32.7-2018-q2-update.win32_1.4.0.202007081208/tools/bin/../lib/gcc/arm-none-eabi/7.3.1/thumb/v7-m/crti.o
 .ARM.attributes
                0x000000000000001d       0x2d c:/st/stm32cubeide_1.4.0/stm32cubeide/plugins/com.st.stm32cube.ide.mcu.externaltools.gnu-tools-for-stm32.7-2018-q2-update.win32_1.4.0.202007081208/tools/bin/../lib/gcc/arm-none-eabi/7.3.1/thumb/v7-m/crtbegin.o
 .ARM.attributes
                0x000000000000004a       0x33 STM32F103C6_Drivers/EXTI/STM32F103C6_EXTI_Driver.o
 .ARM.attributes
                0x000000000000007d       0x33 STM32F103C6_Drivers/GPIO/STM32F103C6_GPIO_Driver.o
 .ARM.attributes
                0x00000000000000b0       0x33 STM32F103C6_Drivers/RCC/STM32F103C6_RCC_Driver.o
 .ARM.attributes
                0x00000000000000e3       0x33 STM32F103C6_Drivers/USART/STM32F103C6_USART_Driver.o
 .ARM.attributes
                0x0000000000000116       0x33 Src/main.o
 .ARM.attributes
                0x0000000000000149       0x21 Startup/startup_stm32f103c6tx.o
 .ARM.attributes
                0x000000000000016a       0x2d c:/st/stm32cubeide_1.4.0/stm32cubeide/plugins/com.st.stm32cube.ide.mcu.externaltools.gnu-tools-for-stm32.7-2018-q2-update.win32_1.4.0.202007081208/tools/bin/../lib/gcc/arm-none-eabi/7.3.1/../../../../arm-none-eabi/lib/thumb/v7-m\libc_nano.a(lib_a-init.o)
 .ARM.attributes
                0x0000000000000197       0x1d c:/st/stm32cubeide_1.4.0/stm32cubeide/plugins/com.st.stm32cube.ide.mcu.externaltools.gnu-tools-for-stm32.7-2018-q2-update.win32_1.4.0.202007081208/tools/bin/../lib/gcc/arm-none-eabi/7.3.1/thumb/v7-m/crtn.o
OUTPUT(Drivers.elf elf32-littlearm)

.debug_info     0x0000000000000000     0x4098
 .debug_info    0x0000000000000000      0xdbd STM32F103C6_Drivers/EXTI/STM32F103C6_EXTI_Driver.o
 .debug_info    0x0000000000000dbd      0xd58 STM32F103C6_Drivers/GPIO/STM32F103C6_GPIO_Driver.o
 .debug_info    0x0000000000001b15      0xb24 STM32F103C6_Drivers/RCC/STM32F103C6_RCC_Driver.o
 .debug_info    0x0000000000002639      0xe20 STM32F103C6_Drivers/USART/STM32F103C6_USART_Driver.o
 .debug_info    0x0000000000003459      0xc1d Src/main.o
 .debug_info    0x0000000000004076       0x22 Startup/startup_stm32f103c6tx.o

.debug_abbrev   0x0000000000000000      0xa0a
 .debug_abbrev  0x0000000000000000      0x226 STM32F103C6_Drivers/EXTI/STM32F103C6_EXTI_Driver.o
 .debug_abbrev  0x0000000000000226      0x230 STM32F103C6_Drivers/GPIO/STM32F103C6_GPIO_Driver.o
 .debug_abbrev  0x0000000000000456      0x19b STM32F103C6_Drivers/RCC/STM32F103C6_RCC_Driver.o
 .debug_abbrev  0x00000000000005f1      0x232 STM32F103C6_Drivers/USART/STM32F103C6_USART_Driver.o
 .debug_abbrev  0x0000000000000823      0x1d5 Src/main.o
 .debug_abbrev  0x00000000000009f8       0x12 Startup/startup_stm32f103c6tx.o

.debug_loc      0x0000000000000000      0xa70
 .debug_loc     0x0000000000000000      0x320 STM32F103C6_Drivers/EXTI/STM32F103C6_EXTI_Driver.o
 .debug_loc     0x0000000000000320      0x330 STM32F103C6_Drivers/GPIO/STM32F103C6_GPIO_Driver.o
 .debug_loc     0x0000000000000650       0xc8 STM32F103C6_Drivers/RCC/STM32F103C6_RCC_Driver.o
 .debug_loc     0x0000000000000718      0x2dc STM32F103C6_Drivers/USART/STM32F103C6_USART_Driver.o
 .debug_loc     0x00000000000009f4       0x7c Src/main.o

.debug_aranges  0x0000000000000000      0x1c8
 .debug_aranges
                0x0000000000000000       0x80 STM32F103C6_Drivers/EXTI/STM32F103C6_EXTI_Driver.o
 .debug_aranges
                0x0000000000000080       0x60 STM32F103C6_Drivers/GPIO/STM32F103C6_GPIO_Driver.o
 .debug_aranges
                0x00000000000000e0       0x38 STM32F103C6_Drivers/RCC/STM32F103C6_RCC_Driver.o
 .debug_aranges
                0x0000000000000118       0x60 STM32F103C6_Drivers/USART/STM32F103C6_USART_Driver.o
 .debug_aranges
                0x0000000000000178       0x28 Src/main.o
 .debug_aranges
                0x00000000000001a0       0x28 Startup/startup_stm32f103c6tx.o

.debug_ranges   0x0000000000000000      0x170
 .debug_ranges  0x0000000000000000       0x70 STM32F103C6_Drivers/EXTI/STM32F103C6_EXTI_Driver.o
 .debug_ranges  0x0000000000000070       0x50 STM32F103C6_Drivers/GPIO/STM32F103C6_GPIO_Driver.o
 .debug_ranges  0x00000000000000c0       0x28 STM32F103C6_Drivers/RCC/STM32F103C6_RCC_Driver.o
 .debug_ranges  0x00000000000000e8       0x50 STM32F103C6_Drivers/USART/STM32F103C6_USART_Driver.o
 .debug_ranges  0x0000000000000138       0x18 Src/main.o
 .debug_ranges  0x0000000000000150       0x20 Startup/startup_stm32f103c6tx.o

.debug_macro    0x0000000000000000      0xbb2
 .debug_macro   0x0000000000000000      0x152 STM32F103C6_Drivers/EXTI/STM32F103C6_EXTI_Driver.o
 .debug_macro   0x0000000000000152       0xd0 STM32F103C6_Drivers/EXTI/STM32F103C6_EXTI_Driver.o
 .debug_macro   0x0000000000000222      0x224 STM32F103C6_Drivers/EXTI/STM32F103C6_EXTI_Driver.o
 .debug_macro   0x0000000000000446      0x13f STM32F103C6_Drivers/GPIO/STM32F103C6_GPIO_Driver.o
 .debug_macro   0x0000000000000585      0x13f STM32F103C6_Drivers/RCC/STM32F103C6_RCC_Driver.o
 .debug_macro   0x00000000000006c4       0x10 STM32F103C6_Drivers/RCC/STM32F103C6_RCC_Driver.o
 .debug_macro   0x00000000000006d4      0x151 STM32F103C6_Drivers/USART/STM32F103C6_USART_Driver.o
 .debug_macro   0x0000000000000825       0x16 STM32F103C6_Drivers/USART/STM32F103C6_USART_Driver.o
 .debug_macro   0x000000000000083b       0xe4 STM32F103C6_Drivers/USART/STM32F103C6_USART_Driver.o
 .debug_macro   0x000000000000091f      0x171 Src/main.o
 .debug_macro   0x0000000000000a90       0xd6 Src/main.o
 .debug_macro   0x0000000000000b66       0x4c Src/main.o

.debug_line     0x0000000000000000     0x2191
 .debug_line    0x0000000000000000      0x75f STM32F103C6_Drivers/EXTI/STM32F103C6_EXTI_Driver.o
 .debug_line    0x000000000000075f      0x69e STM32F103C6_Drivers/GPIO/STM32F103C6_GPIO_Driver.o
 .debug_line    0x0000000000000dfd      0x5c5 STM32F103C6_Drivers/RCC/STM32F103C6_RCC_Driver.o
 .debug_line    0x00000000000013c2      0x708 STM32F103C6_Drivers/USART/STM32F103C6_USART_Driver.o
 .debug_line    0x0000000000001aca      0x643 Src/main.o
 .debug_line    0x000000000000210d       0x84 Startup/startup_stm32f103c6tx.o

.debug_str      0x0000000000000000     0xa24a
 .debug_str     0x0000000000000000     0x93a6 STM32F103C6_Drivers/EXTI/STM32F103C6_EXTI_Driver.o
                                       0x9616 (size before relaxing)
 .debug_str     0x00000000000093a6      0x159 STM32F103C6_Drivers/GPIO/STM32F103C6_GPIO_Driver.o
                                       0x80d4 (size before relaxing)
 .debug_str     0x00000000000094ff      0x10c STM32F103C6_Drivers/RCC/STM32F103C6_RCC_Driver.o
                                       0x7c85 (size before relaxing)
 .debug_str     0x000000000000960b      0x80c STM32F103C6_Drivers/USART/STM32F103C6_USART_Driver.o
                                       0x8822 (size before relaxing)
 .debug_str     0x0000000000009e17      0x402 Src/main.o
                                       0x8abc (size before relaxing)
 .debug_str     0x000000000000a219       0x31 Startup/startup_stm32f103c6tx.o
                                         0x8a (size before relaxing)

.comment        0x0000000000000000       0x7b
 .comment       0x0000000000000000       0x7b STM32F103C6_Drivers/EXTI/STM32F103C6_EXTI_Driver.o
                                         0x7c (size before relaxing)
 .comment       0x000000000000007b       0x7c STM32F103C6_Drivers/GPIO/STM32F103C6_GPIO_Driver.o
 .comment       0x000000000000007b       0x7c STM32F103C6_Drivers/RCC/STM32F103C6_RCC_Driver.o
 .comment       0x000000000000007b       0x7c STM32F103C6_Drivers/USART/STM32F103C6_USART_Driver.o
 .comment       0x000000000000007b       0x7c Src/main.o

.debug_frame    0x0000000000000000      0x580
 .debug_frame   0x0000000000000000      0x1b0 STM32F103C6_Drivers/EXTI/STM32F103C6_EXTI_Driver.o
 .debug_frame   0x00000000000001b0      0x178 STM32F103C6_Drivers/GPIO/STM32F103C6_GPIO_Driver.o
 .debug_frame   0x0000000000000328       0x84 STM32F103C6_Drivers/RCC/STM32F103C6_RCC_Driver.o
 .debug_frame   0x00000000000003ac      0x158 STM32F103C6_Drivers/USART/STM32F103C6_USART_Driver.o
 .debug_frame   0x0000000000000504       0x50 Src/main.o
 .debug_frame   0x0000000000000554       0x2c c:/st/stm32cubeide_1.4.0/stm32cubeide/plugins/com.st.stm32cube.ide.mcu.externaltools.gnu-tools-for-stm32.7-2018-q2-update.win32_1.4.0.202007081208/tools/bin/../lib/gcc/arm-none-eabi/7.3.1/../../../../arm-none-eabi/lib/thumb/v7-m\libc_nano.a(lib_a-init.o)
