14:29:01 **** Incremental Build of configuration Debug for project Stack_Memory ****
make -j8 all 
arm-none-eabi-gcc "../Src/main.c" -mcpu=cortex-m3 -std=gnu11 -g3 -DSTM32 -DSTM32F1 -DSTM32F103C6Tx -DDEBUG -c -I../Inc -O0 -ffunction-sections -fdata-sections -Wall -fstack-usage -MMD -MP -MF"Src/main.d" -MT"Src/main.o" --specs=nano.specs -mfloat-abi=soft -mthumb -o "Src/main.o"
../Src/main.c:44:19: warning: initialization makes integer from pointer without a cast [-Wint-conversion]
 uint32_t _S_MSP = &_estack;
                   ^
In file included from ../Inc/STM32F103C6_EXTI_Driver.h:14:0,
                 from ../Src/main.c:23:
../Src/main.c: In function 'main':
../Inc/STM32F103C6_GPIO_Driver.h:49:31: warning: large integer implicitly truncated to unsigned type [-Woverflow]
 #define GPIO_PIN_9            ((uint16_t)0x0200) /* Pin 9 Selected */
                               ^
../Inc/STM32F103C6_EXTI_Driver.h:133:70: note: in expansion of macro 'GPIO_PIN_9'
 #define EXTI_LINE9_PB9           (EXTI_GPIO_Mapping_t){EXTI9, GPIOB, GPIO_PIN_9, EXTI9_IRQ}
                                                                      ^~~~~~~~~~
../Src/main.c:168:23: note: in expansion of macro 'EXTI_LINE9_PB9'
  EXTI_Conf.EXTI_PIN = EXTI_LINE9_PB9; // Set line 9, GPIOB, Pin9 an EXTI
                       ^~~~~~~~~~~~~~
arm-none-eabi-gcc -o "Stack_Memory.axf" @"objects.list"   -mcpu=cortex-m3 -T"C:\Users\abdel\Downloads\Mastering_embedded_system\3rd Term\unit14\session5\Stack_Memory\STM32F103C6TX_FLASH.ld" --specs=nosys.specs -Wl,-Map="Stack_Memory.map" -Wl,--gc-sections -static --specs=nano.specs -mfloat-abi=soft -mthumb -Wl,--start-group -lc -lm -Wl,--end-group
Finished building target: Stack_Memory.axf
 
arm-none-eabi-objdump -h -S  Stack_Memory.axf  > "Stack_Memory.list"
arm-none-eabi-objcopy  -O binary  Stack_Memory.axf  "Stack_Memory.bin"
arm-none-eabi-size   Stack_Memory.axf 
   text	   data	    bss	    dec	    hex	filename
   3092	     12	   1652	   4756	   1294	Stack_Memory.axf
Finished building: default.size.stdout
 
Finished building: Stack_Memory.bin
Finished building: Stack_Memory.list
 
 

14:29:02 Build Finished. 0 errors, 2 warnings. (took 848ms)

