STM32F103C6_EXTI_Driver.c:38:6:Enable_NVIC	16	static
STM32F103C6_EXTI_Driver.c:76:6:Disable_NVIC	16	static
STM32F103C6_EXTI_Driver.c:115:6:Update_EXTI	24	static
STM32F103C6_EXTI_Driver.c:192:6:MCAL_EXTI_GPIO_DeInit	4	static
STM32F103C6_EXTI_Driver.c:222:6:MCAL_EXTI_GPIO_Init	16	static
STM32F103C6_EXTI_Driver.c:236:6:MCAL_EXTI_GPIO_Update	16	static
STM32F103C6_EXTI_Driver.c:249:6:EXTI0_IRQHandler	8	static
STM32F103C6_EXTI_Driver.c:257:6:EXTI1_IRQHandler	8	static
STM32F103C6_EXTI_Driver.c:265:6:EXTI2_IRQHandler	8	static
STM32F103C6_EXTI_Driver.c:273:6:EXTI3_IRQHandler	8	static
STM32F103C6_EXTI_Driver.c:281:6:EXTI4_IRQHandler	8	static
STM32F103C6_EXTI_Driver.c:289:6:EXTI9_5_IRQHandler	8	static
STM32F103C6_EXTI_Driver.c:298:6:EXTI15_10_IRQHandler	8	static
