15:12:09 **** Incremental Build of configuration Debug for project Lab1_Lesson4_Unit6 ****
make -j8 all 
arm-none-eabi-gcc -gdwarf-2 "../Src/main.c" -mcpu=cortex-m3 -std=gnu11 -g3 -DSTM32 -DSTM32F103C6Ux -DSTM32F1 -DDEBUG -c -I../Inc -O0 -ffunction-sections -fdata-sections -Wall -fstack-usage -MMD -MP -MF"Src/main.d" -MT"Src/main.o" --specs=nano.specs -mfloat-abi=soft -mthumb -o "Src/main.o"
arm-none-eabi-gcc -gdwarf-2 -o "Lab1_Lesson4_Unit6.elf" @"objects.list"   -mcpu=cortex-m3 -T"C:\Users\abdel\Downloads\Mastering_embedded_system\2nd Term\unit6\Lecture4\Lab1_Lesson4_Unit6\STM32F103C6UX_FLASH.ld" --specs=nosys.specs -Wl,-Map="Lab1_Lesson4_Unit6.map" -Wl,--gc-sections -static --specs=nano.specs -mfloat-abi=soft -mthumb -Wl,--start-group -lc -lm -Wl,--end-group
Finished building target: Lab1_Lesson4_Unit6.elf
 
arm-none-eabi-objdump -h -S  Lab1_Lesson4_Unit6.elf  > "Lab1_Lesson4_Unit6.list"
arm-none-eabi-objcopy  -O binary  Lab1_Lesson4_Unit6.elf  "Lab1_Lesson4_Unit6.bin"
arm-none-eabi-size   Lab1_Lesson4_Unit6.elf 
   text	   data	    bss	    dec	    hex	filename
    760	      8	   1568	   2336	    920	Lab1_Lesson4_Unit6.elf
Finished building: default.size.stdout
 
Finished building: Lab1_Lesson4_Unit6.bin
Finished building: Lab1_Lesson4_Unit6.list
 
 
