16:12:26 **** Build of configuration Debug for project Drivers ****
make -j8 all 
arm-none-eabi-gcc -mcpu=cortex-m3 -g3 -c -x assembler-with-cpp -MMD -MP -MF"Startup/startup_stm32f103c6tx.d" -MT"Startup/startup_stm32f103c6tx.o" --specs=nano.specs -mfloat-abi=soft -mthumb -o "Startup/startup_stm32f103c6tx.o" "../Startup/startup_stm32f103c6tx.s"
arm-none-eabi-gcc "../Src/main.c" -mcpu=cortex-m3 -std=gnu11 -g3 -DSTM32 -DSTM32F1 -DSTM32F103C6Tx -DDEBUG -c -I../Inc -O0 -ffunction-sections -fdata-sections -Wall -fstack-usage -MMD -MP -MF"Src/main.d" -MT"Src/main.o" --specs=nano.specs -mfloat-abi=soft -mthumb -o "Src/main.o"
arm-none-eabi-gcc "../Src/syscalls.c" -mcpu=cortex-m3 -std=gnu11 -g3 -DSTM32 -DSTM32F1 -DSTM32F103C6Tx -DDEBUG -c -I../Inc -O0 -ffunction-sections -fdata-sections -Wall -fstack-usage -MMD -MP -MF"Src/syscalls.d" -MT"Src/syscalls.o" --specs=nano.specs -mfloat-abi=soft -mthumb -o "Src/syscalls.o"
arm-none-eabi-gcc "../Src/sysmem.c" -mcpu=cortex-m3 -std=gnu11 -g3 -DSTM32 -DSTM32F1 -DSTM32F103C6Tx -DDEBUG -c -I../Inc -O0 -ffunction-sections -fdata-sections -Wall -fstack-usage -MMD -MP -MF"Src/sysmem.d" -MT"Src/sysmem.o" --specs=nano.specs -mfloat-abi=soft -mthumb -o "Src/sysmem.o"
arm-none-eabi-gcc "../STM32F103C6_Drivers/STM32F103C6_GPIO_Driver.c" -mcpu=cortex-m3 -std=gnu11 -g3 -DSTM32 -DSTM32F1 -DSTM32F103C6Tx -DDEBUG -c -I../Inc -O0 -ffunction-sections -fdata-sections -Wall -fstack-usage -MMD -MP -MF"STM32F103C6_Drivers/STM32F103C6_GPIO_Driver.d" -MT"STM32F103C6_Drivers/STM32F103C6_GPIO_Driver.o" --specs=nano.specs -mfloat-abi=soft -mthumb -o "STM32F103C6_Drivers/STM32F103C6_GPIO_Driver.o"
arm-none-eabi-gcc -o "Drivers.elf" @"objects.list"   -mcpu=cortex-m3 -T"C:\Users\abdel\Downloads\Mastering_embedded_system\2nd Term\unit7\Lecture3\Drivers\STM32F103C6TX_FLASH.ld" --specs=nosys.specs -Wl,-Map="Drivers.map" -Wl,--gc-sections -static --specs=nano.specs -mfloat-abi=soft -mthumb -Wl,--start-group -lc -lm -Wl,--end-group
Finished building target: Drivers.elf
 
arm-none-eabi-size   Drivers.elf 
arm-none-eabi-objdump -h -S  Drivers.elf  > "Drivers.list"
arm-none-eabi-objcopy  -O binary  Drivers.elf  "Drivers.bin"
   text	   data	    bss	    dec	    hex	filename
    556	      8	   1568	   2132	    854	Drivers.elf
Finished building: default.size.stdout
 
Finished building: Drivers.bin
Finished building: Drivers.list
 
 
16:14:23 **** Incremental Build of configuration Debug for project Drivers ****
make -j8 all 
arm-none-eabi-gcc -gdwarf-2 -mcpu=cortex-m3 -g3 -c -x assembler-with-cpp -MMD -MP -MF"Startup/startup_stm32f103c6tx.d" -MT"Startup/startup_stm32f103c6tx.o" --specs=nano.specs -mfloat-abi=soft -mthumb -o "Startup/startup_stm32f103c6tx.o" "../Startup/startup_stm32f103c6tx.s"
arm-none-eabi-gcc -gdwarf-2 "../Src/main.c" -mcpu=cortex-m3 -std=gnu11 -g3 -DSTM32 -DSTM32F1 -DSTM32F103C6Tx -DDEBUG -c -I../Inc -I"C:/Users/abdel/Downloads/Mastering_embedded_system/2nd Term/unit7/Lecture3/Drivers/STM32F103C6_Drivers/Inc" -O0 -ffunction-sections -fdata-sections -Wall -fstack-usage -MMD -MP -MF"Src/main.d" -MT"Src/main.o" --specs=nano.specs -mfloat-abi=soft -mthumb -o "Src/main.o"
arm-none-eabi-gcc -gdwarf-2 "../Src/syscalls.c" -mcpu=cortex-m3 -std=gnu11 -g3 -DSTM32 -DSTM32F1 -DSTM32F103C6Tx -DDEBUG -c -I../Inc -I"C:/Users/abdel/Downloads/Mastering_embedded_system/2nd Term/unit7/Lecture3/Drivers/STM32F103C6_Drivers/Inc" -O0 -ffunction-sections -fdata-sections -Wall -fstack-usage -MMD -MP -MF"Src/syscalls.d" -MT"Src/syscalls.o" --specs=nano.specs -mfloat-abi=soft -mthumb -o "Src/syscalls.o"
arm-none-eabi-gcc -gdwarf-2 "../Src/sysmem.c" -mcpu=cortex-m3 -std=gnu11 -g3 -DSTM32 -DSTM32F1 -DSTM32F103C6Tx -DDEBUG -c -I../Inc -I"C:/Users/abdel/Downloads/Mastering_embedded_system/2nd Term/unit7/Lecture3/Drivers/STM32F103C6_Drivers/Inc" -O0 -ffunction-sections -fdata-sections -Wall -fstack-usage -MMD -MP -MF"Src/sysmem.d" -MT"Src/sysmem.o" --specs=nano.specs -mfloat-abi=soft -mthumb -o "Src/sysmem.o"
arm-none-eabi-gcc -gdwarf-2 "../STM32F103C6_Drivers/STM32F103C6_GPIO_Driver.c" -mcpu=cortex-m3 -std=gnu11 -g3 -DSTM32 -DSTM32F1 -DSTM32F103C6Tx -DDEBUG -c -I../Inc -I"C:/Users/abdel/Downloads/Mastering_embedded_system/2nd Term/unit7/Lecture3/Drivers/STM32F103C6_Drivers/Inc" -O0 -ffunction-sections -fdata-sections -Wall -fstack-usage -MMD -MP -MF"STM32F103C6_Drivers/STM32F103C6_GPIO_Driver.d" -MT"STM32F103C6_Drivers/STM32F103C6_GPIO_Driver.o" --specs=nano.specs -mfloat-abi=soft -mthumb -o "STM32F103C6_Drivers/STM32F103C6_GPIO_Driver.o"
arm-none-eabi-gcc -gdwarf-2 -o "Drivers.elf" @"objects.list"   -mcpu=cortex-m3 -T"C:\Users\abdel\Downloads\Mastering_embedded_system\2nd Term\unit7\Lecture3\Drivers\STM32F103C6TX_FLASH.ld" --specs=nosys.specs -Wl,-Map="Drivers.map" -Wl,--gc-sections -static --specs=nano.specs -mfloat-abi=soft -mthumb -Wl,--start-group -lc -lm -Wl,--end-group
Finished building target: Drivers.elf
 
arm-none-eabi-objdump -h -S  Drivers.elf  > "Drivers.list"
arm-none-eabi-objcopy  -O binary  Drivers.elf  "Drivers.bin"
arm-none-eabi-size   Drivers.elf 
   text	   data	    bss	    dec	    hex	filename
    556	      8	   1568	   2132	    854	Drivers.elf
Finished building: default.size.stdout
 
Finished building: Drivers.list
Finished building: Drivers.bin
 
 
18:18:47 **** Incremental Build of configuration Debug for project Drivers ****
make -j8 all 
arm-none-eabi-gcc -gdwarf-2 "../Src/main.c" -mcpu=cortex-m3 -std=gnu11 -g3 -DSTM32 -DSTM32F1 -DSTM32F103C6Tx -DDEBUG -c -I../Inc -I"C:/Users/abdel/Downloads/Mastering_embedded_system/2nd Term/unit7/Lecture3/Drivers/STM32F103C6_Drivers/Inc" -O0 -ffunction-sections -fdata-sections -Wall -fstack-usage -MMD -MP -MF"Src/main.d" -MT"Src/main.o" --specs=nano.specs -mfloat-abi=soft -mthumb -o "Src/main.o"
arm-none-eabi-gcc -gdwarf-2 "../STM32F103C6_Drivers/STM32F103C6_GPIO_Driver.c" -mcpu=cortex-m3 -std=gnu11 -g3 -DSTM32 -DSTM32F1 -DSTM32F103C6Tx -DDEBUG -c -I../Inc -I"C:/Users/abdel/Downloads/Mastering_embedded_system/2nd Term/unit7/Lecture3/Drivers/STM32F103C6_Drivers/Inc" -O0 -ffunction-sections -fdata-sections -Wall -fstack-usage -MMD -MP -MF"STM32F103C6_Drivers/STM32F103C6_GPIO_Driver.d" -MT"STM32F103C6_Drivers/STM32F103C6_GPIO_Driver.o" --specs=nano.specs -mfloat-abi=soft -mthumb -o "STM32F103C6_Drivers/STM32F103C6_GPIO_Driver.o"
arm-none-eabi-gcc -gdwarf-2 -o "Drivers.elf" @"objects.list"   -mcpu=cortex-m3 -T"C:\Users\abdel\Downloads\Mastering_embedded_system\2nd Term\unit7\Lecture3\Drivers\STM32F103C6TX_FLASH.ld" --specs=nosys.specs -Wl,-Map="Drivers.map" -Wl,--gc-sections -static --specs=nano.specs -mfloat-abi=soft -mthumb -Wl,--start-group -lc -lm -Wl,--end-group
Finished building target: Drivers.elf
 
arm-none-eabi-objdump -h -S  Drivers.elf  > "Drivers.list"
arm-none-eabi-objcopy  -O binary  Drivers.elf  "Drivers.bin"
arm-none-eabi-size   Drivers.elf 
   text	   data	    bss	    dec	    hex	filename
    556	      8	   1568	   2132	    854	Drivers.elf
Finished building: default.size.stdout
 
Finished building: Drivers.bin
 
Finished building: Drivers.list
 
16:56:25 **** Incremental Build of configuration Debug for project Drivers ****
make -j8 all 
arm-none-eabi-size   Drivers.elf 
   text	   data	    bss	    dec	    hex	filename
    556	      8	   1568	   2132	    854	Drivers.elf
Finished building: default.size.stdout
 
17:36:28 **** Incremental Build of configuration Debug for project Drivers ****
make -j8 all 
arm-none-eabi-size   Drivers.elf 
   text	   data	    bss	    dec	    hex	filename
    556	      8	   1568	   2132	    854	Drivers.elf
Finished building: default.size.stdout
 
17:37:40 **** Incremental Build of configuration Debug for project Drivers ****
make -j8 all 
arm-none-eabi-gcc -gdwarf-2 "../Src/main.c" -mcpu=cortex-m3 -std=gnu11 -g3 -DSTM32 -DSTM32F1 -DSTM32F103C6Tx -DDEBUG -c -I../Inc -I"C:/Users/abdel/Downloads/Mastering_embedded_system/2nd Term/unit7/Lecture3/Drivers/STM32F103C6_Drivers/Inc" -O0 -ffunction-sections -fdata-sections -Wall -fstack-usage -MMD -MP -MF"Src/main.d" -MT"Src/main.o" --specs=nano.specs -mfloat-abi=soft -mthumb -o "Src/main.o"
In file included from ../Src/main.c:20:0:
C:/Users/abdel/Downloads/Mastering_embedded_system/2nd Term/unit7/Lecture3/Drivers/STM32F103C6_Drivers/Inc/STM32F103C6_GPIO_Driver.h:31:10: error: duplicate member 'GPIO_MODE'
  uint8_t GPIO_MODE;
          ^~~~~~~~~
C:/Users/abdel/Downloads/Mastering_embedded_system/2nd Term/unit7/Lecture3/Drivers/STM32F103C6_Drivers/Inc/STM32F103C6_GPIO_Driver.h:32:1: warning: unnamed struct/union that defines no instances
 };
 ^
C:/Users/abdel/Downloads/Mastering_embedded_system/2nd Term/unit7/Lecture3/Drivers/STM32F103C6_Drivers/Inc/STM32F103C6_GPIO_Driver.h:80:42: error: expected declaration specifiers or '...' before ')' token
 void MCAL_GPIO_INIT(GPIO_TypeDef *GPIOX, );
                                          ^
make: *** [Src/subdir.mk:24: Src/main.o] Error 1
"make -j8 all" terminated with exit code 2. Build might be incomplete.
17:37:55 **** Incremental Build of configuration Debug for project Drivers ****
make -j8 all 
arm-none-eabi-gcc -gdwarf-2 "../Src/main.c" -mcpu=cortex-m3 -std=gnu11 -g3 -DSTM32 -DSTM32F1 -DSTM32F103C6Tx -DDEBUG -c -I../Inc -I"C:/Users/abdel/Downloads/Mastering_embedded_system/2nd Term/unit7/Lecture3/Drivers/STM32F103C6_Drivers/Inc" -O0 -ffunction-sections -fdata-sections -Wall -fstack-usage -MMD -MP -MF"Src/main.d" -MT"Src/main.o" --specs=nano.specs -mfloat-abi=soft -mthumb -o "Src/main.o"
In file included from ../Src/main.c:20:0:
C:/Users/abdel/Downloads/Mastering_embedded_system/2nd Term/unit7/Lecture3/Drivers/STM32F103C6_Drivers/Inc/STM32F103C6_GPIO_Driver.h:31:10: error: duplicate member 'GPIO_MODE'
  uint8_t GPIO_MODE;
          ^~~~~~~~~
C:/Users/abdel/Downloads/Mastering_embedded_system/2nd Term/unit7/Lecture3/Drivers/STM32F103C6_Drivers/Inc/STM32F103C6_GPIO_Driver.h:32:1: warning: unnamed struct/union that defines no instances
 };
 ^
make: *** [Src/subdir.mk:24: Src/main.o] Error 1
"make -j8 all" terminated with exit code 2. Build might be incomplete.
17:38:55 **** Incremental Build of configuration Debug for project Drivers ****
make -j8 all 
arm-none-eabi-gcc -gdwarf-2 "../Src/main.c" -mcpu=cortex-m3 -std=gnu11 -g3 -DSTM32 -DSTM32F1 -DSTM32F103C6Tx -DDEBUG -c -I../Inc -I"C:/Users/abdel/Downloads/Mastering_embedded_system/2nd Term/unit7/Lecture3/Drivers/STM32F103C6_Drivers/Inc" -O0 -ffunction-sections -fdata-sections -Wall -fstack-usage -MMD -MP -MF"Src/main.d" -MT"Src/main.o" --specs=nano.specs -mfloat-abi=soft -mthumb -o "Src/main.o"
In file included from ../Src/main.c:20:0:
C:/Users/abdel/Downloads/Mastering_embedded_system/2nd Term/unit7/Lecture3/Drivers/STM32F103C6_Drivers/Inc/STM32F103C6_GPIO_Driver.h:31:10: error: duplicate member 'GPIO_MODE'
  uint8_t GPIO_MODE;
          ^~~~~~~~~
make: *** [Src/subdir.mk:24: Src/main.o] Error 1
"make -j8 all" terminated with exit code 2. Build might be incomplete.
17:39:33 **** Incremental Build of configuration Debug for project Drivers ****
make -j8 all 
arm-none-eabi-gcc -gdwarf-2 "../Src/main.c" -mcpu=cortex-m3 -std=gnu11 -g3 -DSTM32 -DSTM32F1 -DSTM32F103C6Tx -DDEBUG -c -I../Inc -I"C:/Users/abdel/Downloads/Mastering_embedded_system/2nd Term/unit7/Lecture3/Drivers/STM32F103C6_Drivers/Inc" -O0 -ffunction-sections -fdata-sections -Wall -fstack-usage -MMD -MP -MF"Src/main.d" -MT"Src/main.o" --specs=nano.specs -mfloat-abi=soft -mthumb -o "Src/main.o"
arm-none-eabi-gcc -gdwarf-2 -o "Drivers.elf" @"objects.list"   -mcpu=cortex-m3 -T"C:\Users\abdel\Downloads\Mastering_embedded_system\2nd Term\unit7\Lecture3\Drivers\STM32F103C6TX_FLASH.ld" --specs=nosys.specs -Wl,-Map="Drivers.map" -Wl,--gc-sections -static --specs=nano.specs -mfloat-abi=soft -mthumb -Wl,--start-group -lc -lm -Wl,--end-group
Finished building target: Drivers.elf
 
arm-none-eabi-objdump -h -S  Drivers.elf  > "Drivers.list"
arm-none-eabi-objcopy  -O binary  Drivers.elf  "Drivers.bin"
arm-none-eabi-size   Drivers.elf 
   text	   data	    bss	    dec	    hex	filename
    556	      8	   1568	   2132	    854	Drivers.elf
Finished building: default.size.stdout
 
Finished building: Drivers.bin
 
Finished building: Drivers.list
 
18:14:45 **** Incremental Build of configuration Debug for project Drivers ****
make -j8 all 
arm-none-eabi-gcc -gdwarf-2 "../Src/main.c" -mcpu=cortex-m3 -std=gnu11 -g3 -DSTM32 -DSTM32F1 -DSTM32F103C6Tx -DDEBUG -c -I../Inc -I"C:/Users/abdel/Downloads/Mastering_embedded_system/2nd Term/unit7/Lecture3/Drivers/STM32F103C6_Drivers/Inc" -O0 -ffunction-sections -fdata-sections -Wall -fstack-usage -MMD -MP -MF"Src/main.d" -MT"Src/main.o" --specs=nano.specs -mfloat-abi=soft -mthumb -o "Src/main.o"
arm-none-eabi-gcc -gdwarf-2 "../STM32F103C6_Drivers/STM32F103C6_GPIO_Driver.c" -mcpu=cortex-m3 -std=gnu11 -g3 -DSTM32 -DSTM32F1 -DSTM32F103C6Tx -DDEBUG -c -I../Inc -I"C:/Users/abdel/Downloads/Mastering_embedded_system/2nd Term/unit7/Lecture3/Drivers/STM32F103C6_Drivers/Inc" -O0 -ffunction-sections -fdata-sections -Wall -fstack-usage -MMD -MP -MF"STM32F103C6_Drivers/STM32F103C6_GPIO_Driver.d" -MT"STM32F103C6_Drivers/STM32F103C6_GPIO_Driver.o" --specs=nano.specs -mfloat-abi=soft -mthumb -o "STM32F103C6_Drivers/STM32F103C6_GPIO_Driver.o"
../STM32F103C6_Drivers/STM32F103C6_GPIO_Driver.c: In function 'MCAL_GPIO_ReadPin':
../STM32F103C6_Drivers/STM32F103C6_GPIO_Driver.c:49:1: warning: control reaches end of non-void function [-Wreturn-type]
 }
 ^
../STM32F103C6_Drivers/STM32F103C6_GPIO_Driver.c: In function 'MCAL_GPIO_ReadPort':
../STM32F103C6_Drivers/STM32F103C6_GPIO_Driver.c:63:1: warning: control reaches end of non-void function [-Wreturn-type]
 }
 ^
../STM32F103C6_Drivers/STM32F103C6_GPIO_Driver.c: In function 'MCAL_GPIO_LockPin':
../STM32F103C6_Drivers/STM32F103C6_GPIO_Driver.c:120:1: warning: control reaches end of non-void function [-Wreturn-type]
 }
 ^
arm-none-eabi-gcc -gdwarf-2 -o "Drivers.elf" @"objects.list"   -mcpu=cortex-m3 -T"C:\Users\abdel\Downloads\Mastering_embedded_system\2nd Term\unit7\Lecture3\Drivers\STM32F103C6TX_FLASH.ld" --specs=nosys.specs -Wl,-Map="Drivers.map" -Wl,--gc-sections -static --specs=nano.specs -mfloat-abi=soft -mthumb -Wl,--start-group -lc -lm -Wl,--end-group
Finished building target: Drivers.elf
 
arm-none-eabi-objdump -h -S  Drivers.elf  > "Drivers.list"
arm-none-eabi-objcopy  -O binary  Drivers.elf  "Drivers.bin"
arm-none-eabi-size   Drivers.elf 
   text	   data	    bss	    dec	    hex	filename
    556	      8	   1568	   2132	    854	Drivers.elf
Finished building: default.size.stdout
 
Finished building: Drivers.bin
Finished building: Drivers.list
 
 
20:18:11 **** Incremental Build of configuration Debug for project Drivers ****
make -j8 all 
arm-none-eabi-gcc -gdwarf-2 "../Src/main.c" -mcpu=cortex-m3 -std=gnu11 -g3 -DSTM32 -DSTM32F1 -DSTM32F103C6Tx -DDEBUG -c -I../Inc -I"C:/Users/abdel/Downloads/Mastering_embedded_system/2nd Term/unit7/Lecture3/Drivers/STM32F103C6_Drivers/Inc" -O0 -ffunction-sections -fdata-sections -Wall -fstack-usage -MMD -MP -MF"Src/main.d" -MT"Src/main.o" --specs=nano.specs -mfloat-abi=soft -mthumb -o "Src/main.o"
arm-none-eabi-gcc -gdwarf-2 "../STM32F103C6_Drivers/STM32F103C6_GPIO_Driver.c" -mcpu=cortex-m3 -std=gnu11 -g3 -DSTM32 -DSTM32F1 -DSTM32F103C6Tx -DDEBUG -c -I../Inc -I"C:/Users/abdel/Downloads/Mastering_embedded_system/2nd Term/unit7/Lecture3/Drivers/STM32F103C6_Drivers/Inc" -O0 -ffunction-sections -fdata-sections -Wall -fstack-usage -MMD -MP -MF"STM32F103C6_Drivers/STM32F103C6_GPIO_Driver.d" -MT"STM32F103C6_Drivers/STM32F103C6_GPIO_Driver.o" --specs=nano.specs -mfloat-abi=soft -mthumb -o "STM32F103C6_Drivers/STM32F103C6_GPIO_Driver.o"
../STM32F103C6_Drivers/STM32F103C6_GPIO_Driver.c: In function 'MCAL_GPIO_ReadPin':
../STM32F103C6_Drivers/STM32F103C6_GPIO_Driver.c:49:1: warning: control reaches end of non-void function [-Wreturn-type]
 }
 ^
../STM32F103C6_Drivers/STM32F103C6_GPIO_Driver.c: In function 'MCAL_GPIO_ReadPort':
../STM32F103C6_Drivers/STM32F103C6_GPIO_Driver.c:63:1: warning: control reaches end of non-void function [-Wreturn-type]
 }
 ^
../STM32F103C6_Drivers/STM32F103C6_GPIO_Driver.c: In function 'MCAL_GPIO_LockPin':
../STM32F103C6_Drivers/STM32F103C6_GPIO_Driver.c:120:1: warning: control reaches end of non-void function [-Wreturn-type]
 }
 ^
arm-none-eabi-gcc -gdwarf-2 -o "Drivers.elf" @"objects.list"   -mcpu=cortex-m3 -T"C:\Users\abdel\Downloads\Mastering_embedded_system\2nd Term\unit7\Lecture3\Drivers\STM32F103C6TX_FLASH.ld" --specs=nosys.specs -Wl,-Map="Drivers.map" -Wl,--gc-sections -static --specs=nano.specs -mfloat-abi=soft -mthumb -Wl,--start-group -lc -lm -Wl,--end-group
Finished building target: Drivers.elf
 
arm-none-eabi-objdump -h -S  Drivers.elf  > "Drivers.list"
arm-none-eabi-objcopy  -O binary  Drivers.elf  "Drivers.bin"
arm-none-eabi-size   Drivers.elf 
   text	   data	    bss	    dec	    hex	filename
    580	      8	   1568	   2156	    86c	Drivers.elf
Finished building: default.size.stdout
 
Finished building: Drivers.bin
Finished building: Drivers.list
 
 
22:40:09 **** Incremental Build of configuration Debug for project Drivers ****
make -j8 all 
arm-none-eabi-gcc -gdwarf-2 "../Src/main.c" -mcpu=cortex-m3 -std=gnu11 -g3 -DSTM32 -DSTM32F1 -DSTM32F103C6Tx -DDEBUG -c -I../Inc -I"C:/Users/abdel/Downloads/Mastering_embedded_system/2nd Term/unit7/Lecture3/Drivers/STM32F103C6_Drivers/Inc" -O0 -ffunction-sections -fdata-sections -Wall -fstack-usage -MMD -MP -MF"Src/main.d" -MT"Src/main.o" --specs=nano.specs -mfloat-abi=soft -mthumb -o "Src/main.o"
arm-none-eabi-gcc -gdwarf-2 "../STM32F103C6_Drivers/STM32F103C6_GPIO_Driver.c" -mcpu=cortex-m3 -std=gnu11 -g3 -DSTM32 -DSTM32F1 -DSTM32F103C6Tx -DDEBUG -c -I../Inc -I"C:/Users/abdel/Downloads/Mastering_embedded_system/2nd Term/unit7/Lecture3/Drivers/STM32F103C6_Drivers/Inc" -O0 -ffunction-sections -fdata-sections -Wall -fstack-usage -MMD -MP -MF"STM32F103C6_Drivers/STM32F103C6_GPIO_Driver.d" -MT"STM32F103C6_Drivers/STM32F103C6_GPIO_Driver.o" --specs=nano.specs -mfloat-abi=soft -mthumb -o "STM32F103C6_Drivers/STM32F103C6_GPIO_Driver.o"
../STM32F103C6_Drivers/STM32F103C6_GPIO_Driver.c: In function 'MCAL_GPIO_INIT':
../STM32F103C6_Drivers/STM32F103C6_GPIO_Driver.c:82:10: error: 'PinConfig' redeclared as different kind of symbol
  uint8_t PinConfig = 0;
          ^~~~~~~~~
../STM32F103C6_Drivers/STM32F103C6_GPIO_Driver.c:77:60: note: previous definition of 'PinConfig' was here
 void MCAL_GPIO_INIT(GPIO_TypeDef *GPIOx, GPIO_PinConfig_t *PinConfig)
                                                            ^~~~~~~~~
../STM32F103C6_Drivers/STM32F103C6_GPIO_Driver.c:83:30: error: invalid type argument of '->' (have 'int')
  Config_Register = (PinConfig->GPIO_PinNumber < GPIO_PINS_8)? &GPIOx->CRL : &GPIOx->CRH;
                              ^~
../STM32F103C6_Drivers/STM32F103C6_GPIO_Driver.c:86:60: error: invalid type argument of '->' (have 'int')
  (* Config_Register) &= ~(0xF << Get_CRLH_Postion(PinConfig->GPIO_PinNumber));
                                                            ^~
../STM32F103C6_Drivers/STM32F103C6_GPIO_Driver.c:89:14: error: invalid type argument of '->' (have 'int')
  if(PinConfig->GPIO_MODE == GPIO_MODE_OUTPUT_PP || PinConfig->GPIO_MODE == GPIO_MODE_OUTPUT_OD || PinConfig->GPIO_MODE == GPIO_MODE_OUTPUT_AF_PP || PinConfig->GPIO_MODE == GPIO_MODE_OUTPUT_AF_OD )
              ^~
../STM32F103C6_Drivers/STM32F103C6_GPIO_Driver.c:89:61: error: invalid type argument of '->' (have 'int')
  if(PinConfig->GPIO_MODE == GPIO_MODE_OUTPUT_PP || PinConfig->GPIO_MODE == GPIO_MODE_OUTPUT_OD || PinConfig->GPIO_MODE == GPIO_MODE_OUTPUT_AF_PP || PinConfig->GPIO_MODE == GPIO_MODE_OUTPUT_AF_OD )
                                                             ^~
../STM32F103C6_Drivers/STM32F103C6_GPIO_Driver.c:89:108: error: invalid type argument of '->' (have 'int')
  if(PinConfig->GPIO_MODE == GPIO_MODE_OUTPUT_PP || PinConfig->GPIO_MODE == GPIO_MODE_OUTPUT_OD || PinConfig->GPIO_MODE == GPIO_MODE_OUTPUT_AF_PP || PinConfig->GPIO_MODE == GPIO_MODE_OUTPUT_AF_OD )
                                                                                                            ^~
../STM32F103C6_Drivers/STM32F103C6_GPIO_Driver.c:89:158: error: invalid type argument of '->' (have 'int')
  if(PinConfig->GPIO_MODE == GPIO_MODE_OUTPUT_PP || PinConfig->GPIO_MODE == GPIO_MODE_OUTPUT_OD || PinConfig->GPIO_MODE == GPIO_MODE_OUTPUT_AF_PP || PinConfig->GPIO_MODE == GPIO_MODE_OUTPUT_AF_OD )
                                                                                                                                                              ^~
../STM32F103C6_Drivers/STM32F103C6_GPIO_Driver.c: In function 'MCAL_GPIO_ReadPin':
../STM32F103C6_Drivers/STM32F103C6_GPIO_Driver.c:123:1: warning: control reaches end of non-void function [-Wreturn-type]
 }
 ^
../STM32F103C6_Drivers/STM32F103C6_GPIO_Driver.c: In function 'MCAL_GPIO_ReadPort':
../STM32F103C6_Drivers/STM32F103C6_GPIO_Driver.c:137:1: warning: control reaches end of non-void function [-Wreturn-type]
 }
 ^
../STM32F103C6_Drivers/STM32F103C6_GPIO_Driver.c: In function 'MCAL_GPIO_LockPin':
../STM32F103C6_Drivers/STM32F103C6_GPIO_Driver.c:194:1: warning: control reaches end of non-void function [-Wreturn-type]
 }
 ^
make: *** [STM32F103C6_Drivers/subdir.mk:18: STM32F103C6_Drivers/STM32F103C6_GPIO_Driver.o] Error 1
make: *** Waiting for unfinished jobs....
"make -j8 all" terminated with exit code 2. Build might be incomplete.
22:40:38 **** Incremental Build of configuration Debug for project Drivers ****
make -j8 all 
arm-none-eabi-gcc -gdwarf-2 "../STM32F103C6_Drivers/STM32F103C6_GPIO_Driver.c" -mcpu=cortex-m3 -std=gnu11 -g3 -DSTM32 -DSTM32F1 -DSTM32F103C6Tx -DDEBUG -c -I../Inc -I"C:/Users/abdel/Downloads/Mastering_embedded_system/2nd Term/unit7/Lecture3/Drivers/STM32F103C6_Drivers/Inc" -O0 -ffunction-sections -fdata-sections -Wall -fstack-usage -MMD -MP -MF"STM32F103C6_Drivers/STM32F103C6_GPIO_Driver.d" -MT"STM32F103C6_Drivers/STM32F103C6_GPIO_Driver.o" --specs=nano.specs -mfloat-abi=soft -mthumb -o "STM32F103C6_Drivers/STM32F103C6_GPIO_Driver.o"
../STM32F103C6_Drivers/STM32F103C6_GPIO_Driver.c: In function 'MCAL_GPIO_INIT':
../STM32F103C6_Drivers/STM32F103C6_GPIO_Driver.c:82:10: warning: unused variable 'PINConfig' [-Wunused-variable]
  uint8_t PINConfig = 0;
          ^~~~~~~~~
../STM32F103C6_Drivers/STM32F103C6_GPIO_Driver.c: In function 'MCAL_GPIO_ReadPin':
../STM32F103C6_Drivers/STM32F103C6_GPIO_Driver.c:123:1: warning: control reaches end of non-void function [-Wreturn-type]
 }
 ^
../STM32F103C6_Drivers/STM32F103C6_GPIO_Driver.c: In function 'MCAL_GPIO_ReadPort':
../STM32F103C6_Drivers/STM32F103C6_GPIO_Driver.c:137:1: warning: control reaches end of non-void function [-Wreturn-type]
 }
 ^
../STM32F103C6_Drivers/STM32F103C6_GPIO_Driver.c: In function 'MCAL_GPIO_LockPin':
../STM32F103C6_Drivers/STM32F103C6_GPIO_Driver.c:194:1: warning: control reaches end of non-void function [-Wreturn-type]
 }
 ^
arm-none-eabi-gcc -gdwarf-2 -o "Drivers.elf" @"objects.list"   -mcpu=cortex-m3 -T"C:\Users\abdel\Downloads\Mastering_embedded_system\2nd Term\unit7\Lecture3\Drivers\STM32F103C6TX_FLASH.ld" --specs=nosys.specs -Wl,-Map="Drivers.map" -Wl,--gc-sections -static --specs=nano.specs -mfloat-abi=soft -mthumb -Wl,--start-group -lc -lm -Wl,--end-group
Finished building target: Drivers.elf
 
arm-none-eabi-objdump -h -S  Drivers.elf  > "Drivers.list"
arm-none-eabi-objcopy  -O binary  Drivers.elf  "Drivers.bin"
arm-none-eabi-size   Drivers.elf 
   text	   data	    bss	    dec	    hex	filename
    580	      8	   1568	   2156	    86c	Drivers.elf
Finished building: default.size.stdout
 
Finished building: Drivers.bin
 
Finished building: Drivers.list
 
23:08:57 **** Incremental Build of configuration Debug for project Drivers ****
make -j8 all 
arm-none-eabi-gcc -gdwarf-2 "../STM32F103C6_Drivers/STM32F103C6_GPIO_Driver.c" -mcpu=cortex-m3 -std=gnu11 -g3 -DSTM32 -DSTM32F1 -DSTM32F103C6Tx -DDEBUG -c -I../Inc -I"C:/Users/abdel/Downloads/Mastering_embedded_system/2nd Term/unit7/Lecture3/Drivers/STM32F103C6_Drivers/Inc" -O0 -ffunction-sections -fdata-sections -Wall -fstack-usage -MMD -MP -MF"STM32F103C6_Drivers/STM32F103C6_GPIO_Driver.d" -MT"STM32F103C6_Drivers/STM32F103C6_GPIO_Driver.o" --specs=nano.specs -mfloat-abi=soft -mthumb -o "STM32F103C6_Drivers/STM32F103C6_GPIO_Driver.o"
../STM32F103C6_Drivers/STM32F103C6_GPIO_Driver.c: In function 'MCAL_GPIO_INIT':
../STM32F103C6_Drivers/STM32F103C6_GPIO_Driver.c:126:18: error: invalid operands to binary | (have 'volatile uint32_t * {aka volatile long unsigned int *}' and 'int')
  Config_Register |= PINConfig << Get_CRLH_Postion(PinConfig->GPIO_PinNumber) ;
                  ^~ ~~~~~~~~~~~~~~~~~~~~~~~~~~~~~~~~~~~~~~~~~~~~~~~~~~~~~~~~
../STM32F103C6_Drivers/STM32F103C6_GPIO_Driver.c: In function 'MCAL_GPIO_ReadPin':
../STM32F103C6_Drivers/STM32F103C6_GPIO_Driver.c:157:1: warning: control reaches end of non-void function [-Wreturn-type]
 }
 ^
../STM32F103C6_Drivers/STM32F103C6_GPIO_Driver.c: In function 'MCAL_GPIO_ReadPort':
../STM32F103C6_Drivers/STM32F103C6_GPIO_Driver.c:171:1: warning: control reaches end of non-void function [-Wreturn-type]
 }
 ^
../STM32F103C6_Drivers/STM32F103C6_GPIO_Driver.c: In function 'MCAL_GPIO_LockPin':
../STM32F103C6_Drivers/STM32F103C6_GPIO_Driver.c:228:1: warning: control reaches end of non-void function [-Wreturn-type]
 }
 ^
make: *** [STM32F103C6_Drivers/subdir.mk:18: STM32F103C6_Drivers/STM32F103C6_GPIO_Driver.o] Error 1
"make -j8 all" terminated with exit code 2. Build might be incomplete.
23:09:49 **** Incremental Build of configuration Debug for project Drivers ****
make -j8 all 
arm-none-eabi-gcc -gdwarf-2 "../STM32F103C6_Drivers/STM32F103C6_GPIO_Driver.c" -mcpu=cortex-m3 -std=gnu11 -g3 -DSTM32 -DSTM32F1 -DSTM32F103C6Tx -DDEBUG -c -I../Inc -I"C:/Users/abdel/Downloads/Mastering_embedded_system/2nd Term/unit7/Lecture3/Drivers/STM32F103C6_Drivers/Inc" -O0 -ffunction-sections -fdata-sections -Wall -fstack-usage -MMD -MP -MF"STM32F103C6_Drivers/STM32F103C6_GPIO_Driver.d" -MT"STM32F103C6_Drivers/STM32F103C6_GPIO_Driver.o" --specs=nano.specs -mfloat-abi=soft -mthumb -o "STM32F103C6_Drivers/STM32F103C6_GPIO_Driver.o"
../STM32F103C6_Drivers/STM32F103C6_GPIO_Driver.c: In function 'MCAL_GPIO_INIT':
../STM32F103C6_Drivers/STM32F103C6_GPIO_Driver.c:128:18: error: invalid operands to binary | (have 'volatile uint32_t * {aka volatile long unsigned int *}' and 'int')
  Config_Register |= (PINConfig << Get_CRLH_Postion(PinConfig->GPIO_PinNumber)) ;
                  ^~ ~~~~~~~~~~~~~~~~~~~~~~~~~~~~~~~~~~~~~~~~~~~~~~~~~~~~~~~~~~
../STM32F103C6_Drivers/STM32F103C6_GPIO_Driver.c: In function 'MCAL_GPIO_ReadPin':
../STM32F103C6_Drivers/STM32F103C6_GPIO_Driver.c:157:1: warning: control reaches end of non-void function [-Wreturn-type]
 }
 ^
../STM32F103C6_Drivers/STM32F103C6_GPIO_Driver.c: In function 'MCAL_GPIO_ReadPort':
../STM32F103C6_Drivers/STM32F103C6_GPIO_Driver.c:171:1: warning: control reaches end of non-void function [-Wreturn-type]
 }
 ^
../STM32F103C6_Drivers/STM32F103C6_GPIO_Driver.c: In function 'MCAL_GPIO_LockPin':
../STM32F103C6_Drivers/STM32F103C6_GPIO_Driver.c:228:1: warning: control reaches end of non-void function [-Wreturn-type]
 }
 ^
make: *** [STM32F103C6_Drivers/subdir.mk:18: STM32F103C6_Drivers/STM32F103C6_GPIO_Driver.o] Error 1
"make -j8 all" terminated with exit code 2. Build might be incomplete.
23:11:00 **** Incremental Build of configuration Debug for project Drivers ****
make -j8 all 
arm-none-eabi-gcc -gdwarf-2 "../STM32F103C6_Drivers/STM32F103C6_GPIO_Driver.c" -mcpu=cortex-m3 -std=gnu11 -g3 -DSTM32 -DSTM32F1 -DSTM32F103C6Tx -DDEBUG -c -I../Inc -I"C:/Users/abdel/Downloads/Mastering_embedded_system/2nd Term/unit7/Lecture3/Drivers/STM32F103C6_Drivers/Inc" -O0 -ffunction-sections -fdata-sections -Wall -fstack-usage -MMD -MP -MF"STM32F103C6_Drivers/STM32F103C6_GPIO_Driver.d" -MT"STM32F103C6_Drivers/STM32F103C6_GPIO_Driver.o" --specs=nano.specs -mfloat-abi=soft -mthumb -o "STM32F103C6_Drivers/STM32F103C6_GPIO_Driver.o"
../STM32F103C6_Drivers/STM32F103C6_GPIO_Driver.c: In function 'MCAL_GPIO_ReadPin':
../STM32F103C6_Drivers/STM32F103C6_GPIO_Driver.c:157:1: warning: control reaches end of non-void function [-Wreturn-type]
 }
 ^
../STM32F103C6_Drivers/STM32F103C6_GPIO_Driver.c: In function 'MCAL_GPIO_ReadPort':
../STM32F103C6_Drivers/STM32F103C6_GPIO_Driver.c:171:1: warning: control reaches end of non-void function [-Wreturn-type]
 }
 ^
../STM32F103C6_Drivers/STM32F103C6_GPIO_Driver.c: In function 'MCAL_GPIO_LockPin':
../STM32F103C6_Drivers/STM32F103C6_GPIO_Driver.c:228:1: warning: control reaches end of non-void function [-Wreturn-type]
 }
 ^
arm-none-eabi-gcc -gdwarf-2 -o "Drivers.elf" @"objects.list"   -mcpu=cortex-m3 -T"C:\Users\abdel\Downloads\Mastering_embedded_system\2nd Term\unit7\Lecture3\Drivers\STM32F103C6TX_FLASH.ld" --specs=nosys.specs -Wl,-Map="Drivers.map" -Wl,--gc-sections -static --specs=nano.specs -mfloat-abi=soft -mthumb -Wl,--start-group -lc -lm -Wl,--end-group
Finished building target: Drivers.elf
 
arm-none-eabi-objdump -h -S  Drivers.elf  > "Drivers.list"
arm-none-eabi-objcopy  -O binary  Drivers.elf  "Drivers.bin"
arm-none-eabi-size   Drivers.elf 
   text	   data	    bss	    dec	    hex	filename
    580	      8	   1568	   2156	    86c	Drivers.elf
Finished building: default.size.stdout
 
Finished building: Drivers.bin
Finished building: Drivers.list
 
 
23:33:46 **** Incremental Build of configuration Debug for project Drivers ****
make -j8 all 
arm-none-eabi-gcc -gdwarf-2 "../STM32F103C6_Drivers/STM32F103C6_GPIO_Driver.c" -mcpu=cortex-m3 -std=gnu11 -g3 -DSTM32 -DSTM32F1 -DSTM32F103C6Tx -DDEBUG -c -I../Inc -I"C:/Users/abdel/Downloads/Mastering_embedded_system/2nd Term/unit7/Lecture3/Drivers/STM32F103C6_Drivers/Inc" -O0 -ffunction-sections -fdata-sections -Wall -fstack-usage -MMD -MP -MF"STM32F103C6_Drivers/STM32F103C6_GPIO_Driver.d" -MT"STM32F103C6_Drivers/STM32F103C6_GPIO_Driver.o" --specs=nano.specs -mfloat-abi=soft -mthumb -o "STM32F103C6_Drivers/STM32F103C6_GPIO_Driver.o"
In file included from C:/Users/abdel/Downloads/Mastering_embedded_system/2nd Term/unit7/Lecture3/Drivers/STM32F103C6_Drivers/Inc/STM32F103C6_GPIO_Driver.h:13:0,
                 from ../STM32F103C6_Drivers/STM32F103C6_GPIO_Driver.c:8:
../STM32F103C6_Drivers/STM32F103C6_GPIO_Driver.c: In function 'MCAL_GPIO_DEINIT':
C:/Users/abdel/Downloads/Mastering_embedded_system/2nd Term/unit7/Lecture3/Drivers/STM32F103C6_Drivers/Inc/STM32F103X6.h:124:40: error: 'GPIOE_BASE' undeclared (first use in this function); did you mean 'GPIOA_BASE'?
 #define GPIOE         ((GPIO_TypeDef *)GPIOE_BASE)
                                        ^
../STM32F103C6_Drivers/STM32F103C6_GPIO_Driver.c:177:19: note: in expansion of macro 'GPIOE'
  else if(GPIOx == GPIOE)
                   ^~~~~
C:/Users/abdel/Downloads/Mastering_embedded_system/2nd Term/unit7/Lecture3/Drivers/STM32F103C6_Drivers/Inc/STM32F103X6.h:124:40: note: each undeclared identifier is reported only once for each function it appears in
 #define GPIOE         ((GPIO_TypeDef *)GPIOE_BASE)
                                        ^
../STM32F103C6_Drivers/STM32F103C6_GPIO_Driver.c:177:19: note: in expansion of macro 'GPIOE'
  else if(GPIOx == GPIOE)
                   ^~~~~
../STM32F103C6_Drivers/STM32F103C6_GPIO_Driver.c: In function 'MCAL_GPIO_ReadPort':
../STM32F103C6_Drivers/STM32F103C6_GPIO_Driver.c:220:1: warning: control reaches end of non-void function [-Wreturn-type]
 }
 ^
../STM32F103C6_Drivers/STM32F103C6_GPIO_Driver.c: In function 'MCAL_GPIO_LockPin':
../STM32F103C6_Drivers/STM32F103C6_GPIO_Driver.c:277:1: warning: control reaches end of non-void function [-Wreturn-type]
 }
 ^
make: *** [STM32F103C6_Drivers/subdir.mk:18: STM32F103C6_Drivers/STM32F103C6_GPIO_Driver.o] Error 1
"make -j8 all" terminated with exit code 2. Build might be incomplete.
23:34:42 **** Incremental Build of configuration Debug for project Drivers ****
make -j8 all 
arm-none-eabi-gcc -gdwarf-2 "../Src/main.c" -mcpu=cortex-m3 -std=gnu11 -g3 -DSTM32 -DSTM32F1 -DSTM32F103C6Tx -DDEBUG -c -I../Inc -I"C:/Users/abdel/Downloads/Mastering_embedded_system/2nd Term/unit7/Lecture3/Drivers/STM32F103C6_Drivers/Inc" -O0 -ffunction-sections -fdata-sections -Wall -fstack-usage -MMD -MP -MF"Src/main.d" -MT"Src/main.o" --specs=nano.specs -mfloat-abi=soft -mthumb -o "Src/main.o"
arm-none-eabi-gcc -gdwarf-2 "../STM32F103C6_Drivers/STM32F103C6_GPIO_Driver.c" -mcpu=cortex-m3 -std=gnu11 -g3 -DSTM32 -DSTM32F1 -DSTM32F103C6Tx -DDEBUG -c -I../Inc -I"C:/Users/abdel/Downloads/Mastering_embedded_system/2nd Term/unit7/Lecture3/Drivers/STM32F103C6_Drivers/Inc" -O0 -ffunction-sections -fdata-sections -Wall -fstack-usage -MMD -MP -MF"STM32F103C6_Drivers/STM32F103C6_GPIO_Driver.d" -MT"STM32F103C6_Drivers/STM32F103C6_GPIO_Driver.o" --specs=nano.specs -mfloat-abi=soft -mthumb -o "STM32F103C6_Drivers/STM32F103C6_GPIO_Driver.o"
../STM32F103C6_Drivers/STM32F103C6_GPIO_Driver.c: In function 'MCAL_GPIO_ReadPort':
../STM32F103C6_Drivers/STM32F103C6_GPIO_Driver.c:220:1: warning: control reaches end of non-void function [-Wreturn-type]
 }
 ^
../STM32F103C6_Drivers/STM32F103C6_GPIO_Driver.c: In function 'MCAL_GPIO_LockPin':
../STM32F103C6_Drivers/STM32F103C6_GPIO_Driver.c:277:1: warning: control reaches end of non-void function [-Wreturn-type]
 }
 ^
arm-none-eabi-gcc -gdwarf-2 -o "Drivers.elf" @"objects.list"   -mcpu=cortex-m3 -T"C:\Users\abdel\Downloads\Mastering_embedded_system\2nd Term\unit7\Lecture3\Drivers\STM32F103C6TX_FLASH.ld" --specs=nosys.specs -Wl,-Map="Drivers.map" -Wl,--gc-sections -static --specs=nano.specs -mfloat-abi=soft -mthumb -Wl,--start-group -lc -lm -Wl,--end-group
Finished building target: Drivers.elf
 
arm-none-eabi-objdump -h -S  Drivers.elf  > "Drivers.list"
arm-none-eabi-objcopy  -O binary  Drivers.elf  "Drivers.bin"
arm-none-eabi-size   Drivers.elf 
   text	   data	    bss	    dec	    hex	filename
    580	      8	   1568	   2156	    86c	Drivers.elf
Finished building: default.size.stdout
 
Finished building: Drivers.bin
Finished building: Drivers.list
 
 
23:52:40 **** Incremental Build of configuration Debug for project Drivers ****
make -j8 all 
arm-none-eabi-gcc -gdwarf-2 "../STM32F103C6_Drivers/STM32F103C6_GPIO_Driver.c" -mcpu=cortex-m3 -std=gnu11 -g3 -DSTM32 -DSTM32F1 -DSTM32F103C6Tx -DDEBUG -c -I../Inc -I"C:/Users/abdel/Downloads/Mastering_embedded_system/2nd Term/unit7/Lecture3/Drivers/STM32F103C6_Drivers/Inc" -O0 -ffunction-sections -fdata-sections -Wall -fstack-usage -MMD -MP -MF"STM32F103C6_Drivers/STM32F103C6_GPIO_Driver.d" -MT"STM32F103C6_Drivers/STM32F103C6_GPIO_Driver.o" --specs=nano.specs -mfloat-abi=soft -mthumb -o "STM32F103C6_Drivers/STM32F103C6_GPIO_Driver.o"
../STM32F103C6_Drivers/STM32F103C6_GPIO_Driver.c: In function 'MCAL_GPIO_LockPin':
../STM32F103C6_Drivers/STM32F103C6_GPIO_Driver.c:295:17: error: 'Temp' undeclared (first use in this function); did you mean 'temp'?
  GPIOx->LCKR |= Temp;
                 ^~~~
                 temp
../STM32F103C6_Drivers/STM32F103C6_GPIO_Driver.c:295:17: note: each undeclared identifier is reported only once for each function it appears in
make: *** [STM32F103C6_Drivers/subdir.mk:18: STM32F103C6_Drivers/STM32F103C6_GPIO_Driver.o] Error 1
"make -j8 all" terminated with exit code 2. Build might be incomplete.
23:52:48 **** Incremental Build of configuration Debug for project Drivers ****
make -j8 all 
arm-none-eabi-gcc -gdwarf-2 "../STM32F103C6_Drivers/STM32F103C6_GPIO_Driver.c" -mcpu=cortex-m3 -std=gnu11 -g3 -DSTM32 -DSTM32F1 -DSTM32F103C6Tx -DDEBUG -c -I../Inc -I"C:/Users/abdel/Downloads/Mastering_embedded_system/2nd Term/unit7/Lecture3/Drivers/STM32F103C6_Drivers/Inc" -O0 -ffunction-sections -fdata-sections -Wall -fstack-usage -MMD -MP -MF"STM32F103C6_Drivers/STM32F103C6_GPIO_Driver.d" -MT"STM32F103C6_Drivers/STM32F103C6_GPIO_Driver.o" --specs=nano.specs -mfloat-abi=soft -mthumb -o "STM32F103C6_Drivers/STM32F103C6_GPIO_Driver.o"
../STM32F103C6_Drivers/STM32F103C6_GPIO_Driver.c: In function 'MCAL_GPIO_LockPin':
../STM32F103C6_Drivers/STM32F103C6_GPIO_Driver.c:299:17: error: 'Temp' undeclared (first use in this function); did you mean 'temp'?
  GPIOx->LCKR |= Temp;
                 ^~~~
                 temp
../STM32F103C6_Drivers/STM32F103C6_GPIO_Driver.c:299:17: note: each undeclared identifier is reported only once for each function it appears in
make: *** [STM32F103C6_Drivers/subdir.mk:18: STM32F103C6_Drivers/STM32F103C6_GPIO_Driver.o] Error 1
"make -j8 all" terminated with exit code 2. Build might be incomplete.
23:52:54 **** Incremental Build of configuration Debug for project Drivers ****
make -j8 all 
arm-none-eabi-gcc -gdwarf-2 "../STM32F103C6_Drivers/STM32F103C6_GPIO_Driver.c" -mcpu=cortex-m3 -std=gnu11 -g3 -DSTM32 -DSTM32F1 -DSTM32F103C6Tx -DDEBUG -c -I../Inc -I"C:/Users/abdel/Downloads/Mastering_embedded_system/2nd Term/unit7/Lecture3/Drivers/STM32F103C6_Drivers/Inc" -O0 -ffunction-sections -fdata-sections -Wall -fstack-usage -MMD -MP -MF"STM32F103C6_Drivers/STM32F103C6_GPIO_Driver.d" -MT"STM32F103C6_Drivers/STM32F103C6_GPIO_Driver.o" --specs=nano.specs -mfloat-abi=soft -mthumb -o "STM32F103C6_Drivers/STM32F103C6_GPIO_Driver.o"
arm-none-eabi-gcc -gdwarf-2 -o "Drivers.elf" @"objects.list"   -mcpu=cortex-m3 -T"C:\Users\abdel\Downloads\Mastering_embedded_system\2nd Term\unit7\Lecture3\Drivers\STM32F103C6TX_FLASH.ld" --specs=nosys.specs -Wl,-Map="Drivers.map" -Wl,--gc-sections -static --specs=nano.specs -mfloat-abi=soft -mthumb -Wl,--start-group -lc -lm -Wl,--end-group
Finished building target: Drivers.elf
 
arm-none-eabi-objdump -h -S  Drivers.elf  > "Drivers.list"
arm-none-eabi-objcopy  -O binary  Drivers.elf  "Drivers.bin"
arm-none-eabi-size   Drivers.elf 
   text	   data	    bss	    dec	    hex	filename
    580	      8	   1568	   2156	    86c	Drivers.elf
Finished building: default.size.stdout
 
Finished building: Drivers.bin
Finished building: Drivers.list
 
 
00:06:42 **** Incremental Build of configuration Debug for project Drivers ****
make -j8 all 
arm-none-eabi-gcc -gdwarf-2 "../Src/main.c" -mcpu=cortex-m3 -std=gnu11 -g3 -DSTM32 -DSTM32F1 -DSTM32F103C6Tx -DDEBUG -c -I../Inc -I"C:/Users/abdel/Downloads/Mastering_embedded_system/2nd Term/unit7/Lecture3/Drivers/STM32F103C6_Drivers/Inc" -O0 -ffunction-sections -fdata-sections -Wall -fstack-usage -MMD -MP -MF"Src/main.d" -MT"Src/main.o" --specs=nano.specs -mfloat-abi=soft -mthumb -o "Src/main.o"
../Src/main.c: In function 'GPIO_init':
../Src/main.c:44:11: error: invalid type argument of '->' (have 'GPIO_PinConfig_t {aka struct <anonymous>}')
  Pin_Confg->GPIO_MODE = GPIO_MODE_INPUT_FLO;
           ^~
../Src/main.c:45:11: error: invalid type argument of '->' (have 'GPIO_PinConfig_t {aka struct <anonymous>}')
  Pin_Confg->GPIO_PinNumber = GPIO_PINS_1;
           ^~
../Src/main.c:46:24: error: 'PinConfg' undeclared (first use in this function); did you mean 'Pin_Confg'?
  MCAL_GPIO_INIT(GPIOA, PinConfg);
                        ^~~~~~~~
                        Pin_Confg
../Src/main.c:46:24: note: each undeclared identifier is reported only once for each function it appears in
../Src/main.c:48:11: error: invalid type argument of '->' (have 'GPIO_PinConfig_t {aka struct <anonymous>}')
  Pin_Confg->GPIO_MODE = GPIO_MODE_INPUT_FLO;
           ^~
../Src/main.c:49:11: error: invalid type argument of '->' (have 'GPIO_PinConfig_t {aka struct <anonymous>}')
  Pin_Confg->GPIO_PinNumber = GPIO_PINS_13;
           ^~
../Src/main.c:53:11: error: invalid type argument of '->' (have 'GPIO_PinConfig_t {aka struct <anonymous>}')
  Pin_Confg->GPIO_MODE = GPIO_MODE_OUTPUT_AF_PP;
           ^~
../Src/main.c:54:11: error: invalid type argument of '->' (have 'GPIO_PinConfig_t {aka struct <anonymous>}')
  Pin_Confg->GPIO_PinNumber = GPIO_PINS_1;
           ^~
../Src/main.c:56:11: error: invalid type argument of '->' (have 'GPIO_PinConfig_t {aka struct <anonymous>}')
  Pin_Confg->GPIO_OUTPUT_SPEED = GPIO_SPEED_10M;
           ^~
../Src/main.c:60:11: error: invalid type argument of '->' (have 'GPIO_PinConfig_t {aka struct <anonymous>}')
  Pin_Confg->GPIO_MODE = GPIO_MODE_OUTPUT_AF_PP;
           ^~
../Src/main.c:61:11: error: invalid type argument of '->' (have 'GPIO_PinConfig_t {aka struct <anonymous>}')
  Pin_Confg->GPIO_PinNumber = GPIO_PINS_13;
           ^~
../Src/main.c:63:11: error: invalid type argument of '->' (have 'GPIO_PinConfig_t {aka struct <anonymous>}')
  Pin_Confg->GPIO_OUTPUT_SPEED = GPIO_SPEED_10M;
           ^~
make: *** [Src/subdir.mk:24: Src/main.o] Error 1
"make -j8 all" terminated with exit code 2. Build might be incomplete.
00:07:56 **** Incremental Build of configuration Debug for project Drivers ****
make -j8 all 
arm-none-eabi-gcc -gdwarf-2 "../Src/main.c" -mcpu=cortex-m3 -std=gnu11 -g3 -DSTM32 -DSTM32F1 -DSTM32F103C6Tx -DDEBUG -c -I../Inc -I"C:/Users/abdel/Downloads/Mastering_embedded_system/2nd Term/unit7/Lecture3/Drivers/STM32F103C6_Drivers/Inc" -O0 -ffunction-sections -fdata-sections -Wall -fstack-usage -MMD -MP -MF"Src/main.d" -MT"Src/main.o" --specs=nano.specs -mfloat-abi=soft -mthumb -o "Src/main.o"
../Src/main.c: In function 'GPIO_init':
../Src/main.c:46:24: error: 'PinConfg' undeclared (first use in this function); did you mean 'Pin_Confg'?
  MCAL_GPIO_INIT(GPIOA, PinConfg);
                        ^~~~~~~~
                        Pin_Confg
../Src/main.c:46:24: note: each undeclared identifier is reported only once for each function it appears in
../Src/main.c:42:19: warning: variable 'Pin_Confg' set but not used [-Wunused-but-set-variable]
  GPIO_PinConfig_t Pin_Confg;
                   ^~~~~~~~~
make: *** [Src/subdir.mk:24: Src/main.o] Error 1
"make -j8 all" terminated with exit code 2. Build might be incomplete.
00:08:45 **** Incremental Build of configuration Debug for project Drivers ****
make -j8 all 
arm-none-eabi-gcc -gdwarf-2 "../Src/main.c" -mcpu=cortex-m3 -std=gnu11 -g3 -DSTM32 -DSTM32F1 -DSTM32F103C6Tx -DDEBUG -c -I../Inc -I"C:/Users/abdel/Downloads/Mastering_embedded_system/2nd Term/unit7/Lecture3/Drivers/STM32F103C6_Drivers/Inc" -O0 -ffunction-sections -fdata-sections -Wall -fstack-usage -MMD -MP -MF"Src/main.d" -MT"Src/main.o" --specs=nano.specs -mfloat-abi=soft -mthumb -o "Src/main.o"
../Src/main.c: In function 'GPIO_init':
../Src/main.c:46:25: error: 'PinConfg' undeclared (first use in this function); did you mean 'Pin_Confg'?
  MCAL_GPIO_INIT(GPIOA, &PinConfg);
                         ^~~~~~~~
                         Pin_Confg
../Src/main.c:46:25: note: each undeclared identifier is reported only once for each function it appears in
../Src/main.c:42:19: warning: variable 'Pin_Confg' set but not used [-Wunused-but-set-variable]
  GPIO_PinConfig_t Pin_Confg;
                   ^~~~~~~~~
make: *** [Src/subdir.mk:24: Src/main.o] Error 1
"make -j8 all" terminated with exit code 2. Build might be incomplete.
00:09:13 **** Incremental Build of configuration Debug for project Drivers ****
make -j8 all 
arm-none-eabi-gcc -gdwarf-2 "../Src/main.c" -mcpu=cortex-m3 -std=gnu11 -g3 -DSTM32 -DSTM32F1 -DSTM32F103C6Tx -DDEBUG -c -I../Inc -I"C:/Users/abdel/Downloads/Mastering_embedded_system/2nd Term/unit7/Lecture3/Drivers/STM32F103C6_Drivers/Inc" -O0 -ffunction-sections -fdata-sections -Wall -fstack-usage -MMD -MP -MF"Src/main.d" -MT"Src/main.o" --specs=nano.specs -mfloat-abi=soft -mthumb -o "Src/main.o"
arm-none-eabi-gcc -gdwarf-2 -o "Drivers.elf" @"objects.list"   -mcpu=cortex-m3 -T"C:\Users\abdel\Downloads\Mastering_embedded_system\2nd Term\unit7\Lecture3\Drivers\STM32F103C6TX_FLASH.ld" --specs=nosys.specs -Wl,-Map="Drivers.map" -Wl,--gc-sections -static --specs=nano.specs -mfloat-abi=soft -mthumb -Wl,--start-group -lc -lm -Wl,--end-group
Finished building target: Drivers.elf
 
arm-none-eabi-objdump -h -S  Drivers.elf  > "Drivers.list"
arm-none-eabi-objcopy  -O binary  Drivers.elf  "Drivers.bin"
arm-none-eabi-size   Drivers.elf 
   text	   data	    bss	    dec	    hex	filename
   1380	      8	   1568	   2956	    b8c	Drivers.elf
Finished building: default.size.stdout
 
Finished building: Drivers.bin
Finished building: Drivers.list
 
 
00:10:29 **** Incremental Build of configuration Debug for project Drivers ****
make -j8 all 
arm-none-eabi-size   Drivers.elf 
arm-none-eabi-objcopy  -O ihex  Drivers.elf  "Drivers.hex"
   text	   data	    bss	    dec	    hex	filename
   1380	      8	   1568	   2956	    b8c	Drivers.elf
Finished building: default.size.stdout
 
Finished building: Drivers.hex
 
00:16:16 **** Incremental Build of configuration Debug for project Drivers ****
make -j8 all 
arm-none-eabi-size   Drivers.elf 
arm-none-eabi-objcopy  -O ihex  Drivers.elf  "Drivers.hex"
   text	   data	    bss	    dec	    hex	filename
   1380	      8	   1568	   2956	    b8c	Drivers.elf
Finished building: default.size.stdout
 
Finished building: Drivers.hex
 
00:37:41 **** Incremental Build of configuration Debug for project Drivers ****
make -j8 all 
arm-none-eabi-gcc -gdwarf-2 "../STM32F103C6_Drivers/STM32F103C6_GPIO_Driver.c" -mcpu=cortex-m3 -std=gnu11 -g3 -DSTM32 -DSTM32F1 -DSTM32F103C6Tx -DDEBUG -c -I../Inc -I"C:/Users/abdel/Downloads/Mastering_embedded_system/2nd Term/unit7/Lecture3/Drivers/STM32F103C6_Drivers/Inc" -O0 -ffunction-sections -fdata-sections -Wall -fstack-usage -MMD -MP -MF"STM32F103C6_Drivers/STM32F103C6_GPIO_Driver.d" -MT"STM32F103C6_Drivers/STM32F103C6_GPIO_Driver.o" --specs=nano.specs -mfloat-abi=soft -mthumb -o "STM32F103C6_Drivers/STM32F103C6_GPIO_Driver.o"
arm-none-eabi-gcc -gdwarf-2 -o "Drivers.elf" @"objects.list"   -mcpu=cortex-m3 -T"C:\Users\abdel\Downloads\Mastering_embedded_system\2nd Term\unit7\Lecture3\Drivers\STM32F103C6TX_FLASH.ld" --specs=nosys.specs -Wl,-Map="Drivers.map" -Wl,--gc-sections -static --specs=nano.specs -mfloat-abi=soft -mthumb -Wl,--start-group -lc -lm -Wl,--end-group
Finished building target: Drivers.elf
 
arm-none-eabi-objdump -h -S  Drivers.elf  > "Drivers.list"
arm-none-eabi-objcopy  -O ihex  Drivers.elf  "Drivers.hex"
arm-none-eabi-objcopy  -O binary  Drivers.elf  "Drivers.bin"
arm-none-eabi-size   Drivers.elf 
   text	   data	    bss	    dec	    hex	filename
   1380	      8	   1568	   2956	    b8c	Drivers.elf
Finished building: default.size.stdout
Finished building: Drivers.hex
Finished building: Drivers.list
Finished building: Drivers.bin
 
 
 
 
00:38:41 **** Incremental Build of configuration Debug for project Drivers ****
make -j8 all 
arm-none-eabi-size   Drivers.elf 
arm-none-eabi-objcopy  -O ihex  Drivers.elf  "Drivers.hex"
   text	   data	    bss	    dec	    hex	filename
   1380	      8	   1568	   2956	    b8c	Drivers.elf
Finished building: default.size.stdout
 
Finished building: Drivers.hex
 
00:45:32 **** Incremental Build of configuration Debug for project Drivers ****
make -j8 all 
arm-none-eabi-gcc -gdwarf-2 "../STM32F103C6_Drivers/STM32F103C6_GPIO_Driver.c" -mcpu=cortex-m3 -std=gnu11 -g3 -DSTM32 -DSTM32F1 -DSTM32F103C6Tx -DDEBUG -c -I../Inc -I"C:/Users/abdel/Downloads/Mastering_embedded_system/2nd Term/unit7/Lecture3/Drivers/STM32F103C6_Drivers/Inc" -O0 -ffunction-sections -fdata-sections -Wall -fstack-usage -MMD -MP -MF"STM32F103C6_Drivers/STM32F103C6_GPIO_Driver.d" -MT"STM32F103C6_Drivers/STM32F103C6_GPIO_Driver.o" --specs=nano.specs -mfloat-abi=soft -mthumb -o "STM32F103C6_Drivers/STM32F103C6_GPIO_Driver.o"
arm-none-eabi-gcc -gdwarf-2 -o "Drivers.elf" @"objects.list"   -mcpu=cortex-m3 -T"C:\Users\abdel\Downloads\Mastering_embedded_system\2nd Term\unit7\Lecture3\Drivers\STM32F103C6TX_FLASH.ld" --specs=nosys.specs -Wl,-Map="Drivers.map" -Wl,--gc-sections -static --specs=nano.specs -mfloat-abi=soft -mthumb -Wl,--start-group -lc -lm -Wl,--end-group
Finished building target: Drivers.elf
 
arm-none-eabi-objdump -h -S  Drivers.elf  > "Drivers.list"
arm-none-eabi-objcopy  -O ihex  Drivers.elf  "Drivers.hex"
arm-none-eabi-objcopy  -O binary  Drivers.elf  "Drivers.bin"
arm-none-eabi-size   Drivers.elf 
   text	   data	    bss	    dec	    hex	filename
   1380	      8	   1568	   2956	    b8c	Drivers.elf
Finished building: default.size.stdout
Finished building: Drivers.list
Finished building: Drivers.hex
Finished building: Drivers.bin
 
 
 
 
00:45:43 **** Incremental Build of configuration Debug for project Drivers ****
make -j8 all 
arm-none-eabi-size   Drivers.elf 
   text	   data	    bss	    dec	    hex	filename
   1380	      8	   1568	   2956	    b8c	Drivers.elf
Finished building: default.size.stdout
 
00:52:58 **** Incremental Build of configuration Debug for project Drivers ****
make -j8 all 
arm-none-eabi-gcc -gdwarf-2 "../Src/main.c" -mcpu=cortex-m3 -std=gnu11 -g3 -DSTM32 -DSTM32F1 -DSTM32F103C6Tx -DDEBUG -c -I../Inc -I"C:/Users/abdel/Downloads/Mastering_embedded_system/2nd Term/unit7/Lecture3/Drivers/STM32F103C6_Drivers/Inc" -O0 -ffunction-sections -fdata-sections -Wall -fstack-usage -MMD -MP -MF"Src/main.d" -MT"Src/main.o" --specs=nano.specs -mfloat-abi=soft -mthumb -o "Src/main.o"
arm-none-eabi-gcc -gdwarf-2 -o "Drivers.elf" @"objects.list"   -mcpu=cortex-m3 -T"C:\Users\abdel\Downloads\Mastering_embedded_system\2nd Term\unit7\Lecture3\Drivers\STM32F103C6TX_FLASH.ld" --specs=nosys.specs -Wl,-Map="Drivers.map" -Wl,--gc-sections -static --specs=nano.specs -mfloat-abi=soft -mthumb -Wl,--start-group -lc -lm -Wl,--end-group
Finished building target: Drivers.elf
 
arm-none-eabi-objdump -h -S  Drivers.elf  > "Drivers.list"
arm-none-eabi-objcopy  -O ihex  Drivers.elf  "Drivers.hex"
arm-none-eabi-objcopy  -O binary  Drivers.elf  "Drivers.bin"
arm-none-eabi-size   Drivers.elf 
   text	   data	    bss	    dec	    hex	filename
   1380	      8	   1568	   2956	    b8c	Drivers.elf
Finished building: default.size.stdout
Finished building: Drivers.list
Finished building: Drivers.hex
Finished building: Drivers.bin
 
 
 
 
01:30:40 **** Incremental Build of configuration Debug for project Drivers ****
make -j8 all 
arm-none-eabi-gcc -gdwarf-2 "../STM32F103C6_Drivers/STM32F103C6_GPIO_Driver.c" -mcpu=cortex-m3 -std=gnu11 -g3 -DSTM32 -DSTM32F1 -DSTM32F103C6Tx -DDEBUG -c -I../Inc -I"C:/Users/abdel/Downloads/Mastering_embedded_system/2nd Term/unit7/Lecture3/Drivers/STM32F103C6_Drivers/Inc" -O0 -ffunction-sections -fdata-sections -Wall -fstack-usage -MMD -MP -MF"STM32F103C6_Drivers/STM32F103C6_GPIO_Driver.d" -MT"STM32F103C6_Drivers/STM32F103C6_GPIO_Driver.o" --specs=nano.specs -mfloat-abi=soft -mthumb -o "STM32F103C6_Drivers/STM32F103C6_GPIO_Driver.o"
arm-none-eabi-gcc -gdwarf-2 -o "Drivers.elf" @"objects.list"   -mcpu=cortex-m3 -T"C:\Users\abdel\Downloads\Mastering_embedded_system\2nd Term\unit7\Lecture3\Drivers\STM32F103C6TX_FLASH.ld" --specs=nosys.specs -Wl,-Map="Drivers.map" -Wl,--gc-sections -static --specs=nano.specs -mfloat-abi=soft -mthumb -Wl,--start-group -lc -lm -Wl,--end-group
Finished building target: Drivers.elf
 
arm-none-eabi-objdump -h -S  Drivers.elf  > "Drivers.list"
arm-none-eabi-objcopy  -O ihex  Drivers.elf  "Drivers.hex"
arm-none-eabi-objcopy  -O binary  Drivers.elf  "Drivers.bin"
arm-none-eabi-size   Drivers.elf 
   text	   data	    bss	    dec	    hex	filename
   1380	      8	   1568	   2956	    b8c	Drivers.elf
Finished building: default.size.stdout
Finished building: Drivers.hex
Finished building: Drivers.bin
 
Finished building: Drivers.list
 
 
 
01:31:51 **** Incremental Build of configuration Debug for project Drivers ****
make -j8 all 
arm-none-eabi-gcc -gdwarf-2 -o "Drivers.elf" @"objects.list"   -mcpu=cortex-m3 -T"C:\Users\abdel\Downloads\Mastering_embedded_system\2nd Term\unit7\Lecture3\Drivers\STM32F103C6TX_FLASH.ld" --specs=nosys.specs -Wl,-Map="Drivers.map" -Wl,--gc-sections -static --specs=nano.specs -mfloat-abi=soft -mthumb -Wl,--start-group -lc -lm -Wl,--end-group
Finished building target: Drivers.elf
 
arm-none-eabi-objdump -h -S  Drivers.elf  > "Drivers.list"
arm-none-eabi-objcopy  -O binary  Drivers.elf  "Drivers.bin"
arm-none-eabi-size   Drivers.elf 
arm-none-eabi-objcopy  -O ihex  Drivers.elf  "Drivers.hex"
   text	   data	    bss	    dec	    hex	filename
   1380	      8	   1568	   2956	    b8c	Drivers.elf
Finished building: default.size.stdout
 
Finished building: Drivers.bin
Finished building: Drivers.list
Finished building: Drivers.hex
 
 
 
01:37:33 **** Incremental Build of configuration Debug for project Drivers ****
make -j8 all 
arm-none-eabi-gcc -gdwarf-2 "../Src/main.c" -mcpu=cortex-m3 -std=gnu11 -g3 -DSTM32 -DSTM32F1 -DSTM32F103C6Tx -DDEBUG -c -I../Inc -I"C:/Users/abdel/Downloads/Mastering_embedded_system/2nd Term/unit7/Lecture3/Drivers/STM32F103C6_Drivers/Inc" -O0 -ffunction-sections -fdata-sections -Wall -fstack-usage -MMD -MP -MF"Src/main.d" -MT"Src/main.o" --specs=nano.specs -mfloat-abi=soft -mthumb -o "Src/main.o"
../Src/main.c: In function 'main':
../Src/main.c:82:31: error: 'GPIO_PIN_1' undeclared (first use in this function); did you mean 'GPIO_PINS_1'?
   if(MCAL_GPIO_ReadPin(GPIOA, GPIO_PIN_1) == 0) // btn(PIN A1) pressed
                               ^~~~~~~~~~
                               GPIO_PINS_1
../Src/main.c:82:31: note: each undeclared identifier is reported only once for each function it appears in
../Src/main.c:87:31: error: 'GPIO_PIN_13' undeclared (first use in this function); did you mean 'GPIO_PIN_1'?
   if(MCAL_GPIO_ReadPin(GPIOA, GPIO_PIN_13) == 1) // btn(PIN A13) pressed
                               ^~~~~~~~~~~
                               GPIO_PIN_1
make: *** [Src/subdir.mk:24: Src/main.o] Error 1
"make -j8 all" terminated with exit code 2. Build might be incomplete.
01:37:46 **** Incremental Build of configuration Debug for project Drivers ****
make -j8 all 
arm-none-eabi-gcc -gdwarf-2 "../Src/main.c" -mcpu=cortex-m3 -std=gnu11 -g3 -DSTM32 -DSTM32F1 -DSTM32F103C6Tx -DDEBUG -c -I../Inc -I"C:/Users/abdel/Downloads/Mastering_embedded_system/2nd Term/unit7/Lecture3/Drivers/STM32F103C6_Drivers/Inc" -O0 -ffunction-sections -fdata-sections -Wall -fstack-usage -MMD -MP -MF"Src/main.d" -MT"Src/main.o" --specs=nano.specs -mfloat-abi=soft -mthumb -o "Src/main.o"
../Src/main.c: In function 'main':
../Src/main.c:84:31: error: 'GPIO_PIN_1' undeclared (first use in this function); did you mean 'GPIO_PINS_1'?
    MCAL_GPIO_TogglePin(GPIOB, GPIO_PIN_1);
                               ^~~~~~~~~~
                               GPIO_PINS_1
../Src/main.c:84:31: note: each undeclared identifier is reported only once for each function it appears in
../Src/main.c:87:31: error: 'GPIO_PIN_13' undeclared (first use in this function); did you mean 'GPIO_PIN_1'?
   if(MCAL_GPIO_ReadPin(GPIOA, GPIO_PIN_13) == 1) // btn(PIN A13) pressed
                               ^~~~~~~~~~~
                               GPIO_PIN_1
make: *** [Src/subdir.mk:24: Src/main.o] Error 1
"make -j8 all" terminated with exit code 2. Build might be incomplete.
01:38:02 **** Incremental Build of configuration Debug for project Drivers ****
make -j8 all 
arm-none-eabi-gcc -gdwarf-2 "../Src/main.c" -mcpu=cortex-m3 -std=gnu11 -g3 -DSTM32 -DSTM32F1 -DSTM32F103C6Tx -DDEBUG -c -I../Inc -I"C:/Users/abdel/Downloads/Mastering_embedded_system/2nd Term/unit7/Lecture3/Drivers/STM32F103C6_Drivers/Inc" -O0 -ffunction-sections -fdata-sections -Wall -fstack-usage -MMD -MP -MF"Src/main.d" -MT"Src/main.o" --specs=nano.specs -mfloat-abi=soft -mthumb -o "Src/main.o"
arm-none-eabi-gcc -gdwarf-2 -o "Drivers.elf" @"objects.list"   -mcpu=cortex-m3 -T"C:\Users\abdel\Downloads\Mastering_embedded_system\2nd Term\unit7\Lecture3\Drivers\STM32F103C6TX_FLASH.ld" --specs=nosys.specs -Wl,-Map="Drivers.map" -Wl,--gc-sections -static --specs=nano.specs -mfloat-abi=soft -mthumb -Wl,--start-group -lc -lm -Wl,--end-group
Finished building target: Drivers.elf
 
arm-none-eabi-objdump -h -S  Drivers.elf  > "Drivers.list"
arm-none-eabi-objcopy  -O ihex  Drivers.elf  "Drivers.hex"
arm-none-eabi-objcopy  -O binary  Drivers.elf  "Drivers.bin"
arm-none-eabi-size   Drivers.elf 
   text	   data	    bss	    dec	    hex	filename
   1380	      8	   1568	   2956	    b8c	Drivers.elf
Finished building: default.size.stdout
 
Finished building: Drivers.list
Finished building: Drivers.bin
Finished building: Drivers.hex
 
 
 
01:38:45 **** Incremental Build of configuration Debug for project Drivers ****
make -j8 all 
arm-none-eabi-gcc -gdwarf-2 "../Src/main.c" -mcpu=cortex-m3 -std=gnu11 -g3 -DSTM32 -DSTM32F1 -DSTM32F103C6Tx -DDEBUG -c -I../Inc -I"C:/Users/abdel/Downloads/Mastering_embedded_system/2nd Term/unit7/Lecture3/Drivers/STM32F103C6_Drivers/Inc" -O0 -ffunction-sections -fdata-sections -Wall -fstack-usage -MMD -MP -MF"Src/main.d" -MT"Src/main.o" --specs=nano.specs -mfloat-abi=soft -mthumb -o "Src/main.o"
arm-none-eabi-gcc -gdwarf-2 -o "Drivers.elf" @"objects.list"   -mcpu=cortex-m3 -T"C:\Users\abdel\Downloads\Mastering_embedded_system\2nd Term\unit7\Lecture3\Drivers\STM32F103C6TX_FLASH.ld" --specs=nosys.specs -Wl,-Map="Drivers.map" -Wl,--gc-sections -static --specs=nano.specs -mfloat-abi=soft -mthumb -Wl,--start-group -lc -lm -Wl,--end-group
Finished building target: Drivers.elf
 
arm-none-eabi-objdump -h -S  Drivers.elf  > "Drivers.list"
arm-none-eabi-objcopy  -O ihex  Drivers.elf  "Drivers.hex"
arm-none-eabi-objcopy  -O binary  Drivers.elf  "Drivers.bin"
arm-none-eabi-size   Drivers.elf 
   text	   data	    bss	    dec	    hex	filename
   1380	      8	   1568	   2956	    b8c	Drivers.elf
Finished building: default.size.stdout
 
Finished building: Drivers.hex
Finished building: Drivers.bin
Finished building: Drivers.list
 
 
 
01:43:15 **** Incremental Build of configuration Debug for project Drivers ****
make -j8 all 
arm-none-eabi-gcc -gdwarf-2 "../Src/main.c" -mcpu=cortex-m3 -std=gnu11 -g3 -DSTM32 -DSTM32F1 -DSTM32F103C6Tx -DDEBUG -c -I../Inc -I"C:/Users/abdel/Downloads/Mastering_embedded_system/2nd Term/unit7/Lecture3/Drivers/STM32F103C6_Drivers/Inc" -O0 -ffunction-sections -fdata-sections -Wall -fstack-usage -MMD -MP -MF"Src/main.d" -MT"Src/main.o" --specs=nano.specs -mfloat-abi=soft -mthumb -o "Src/main.o"
arm-none-eabi-gcc -gdwarf-2 "../STM32F103C6_Drivers/STM32F103C6_GPIO_Driver.c" -mcpu=cortex-m3 -std=gnu11 -g3 -DSTM32 -DSTM32F1 -DSTM32F103C6Tx -DDEBUG -c -I../Inc -I"C:/Users/abdel/Downloads/Mastering_embedded_system/2nd Term/unit7/Lecture3/Drivers/STM32F103C6_Drivers/Inc" -O0 -ffunction-sections -fdata-sections -Wall -fstack-usage -MMD -MP -MF"STM32F103C6_Drivers/STM32F103C6_GPIO_Driver.d" -MT"STM32F103C6_Drivers/STM32F103C6_GPIO_Driver.o" --specs=nano.specs -mfloat-abi=soft -mthumb -o "STM32F103C6_Drivers/STM32F103C6_GPIO_Driver.o"
arm-none-eabi-gcc -gdwarf-2 -o "Drivers.elf" @"objects.list"   -mcpu=cortex-m3 -T"C:\Users\abdel\Downloads\Mastering_embedded_system\2nd Term\unit7\Lecture3\Drivers\STM32F103C6TX_FLASH.ld" --specs=nosys.specs -Wl,-Map="Drivers.map" -Wl,--gc-sections -static --specs=nano.specs -mfloat-abi=soft -mthumb -Wl,--start-group -lc -lm -Wl,--end-group
Finished building target: Drivers.elf
 
arm-none-eabi-objdump -h -S  Drivers.elf  > "Drivers.list"
arm-none-eabi-objcopy  -O ihex  Drivers.elf  "Drivers.hex"
arm-none-eabi-objcopy  -O binary  Drivers.elf  "Drivers.bin"
arm-none-eabi-size   Drivers.elf 
   text	   data	    bss	    dec	    hex	filename
   1380	      8	   1568	   2956	    b8c	Drivers.elf
Finished building: default.size.stdout
Finished building: Drivers.hex
Finished building: Drivers.list
Finished building: Drivers.bin
 
 
 
 
01:45:00 **** Incremental Build of configuration Debug for project Drivers ****
make -j8 all 
arm-none-eabi-gcc -gdwarf-2 "../Src/main.c" -mcpu=cortex-m3 -std=gnu11 -g3 -DSTM32 -DSTM32F1 -DSTM32F103C6Tx -DDEBUG -c -I../Inc -I"C:/Users/abdel/Downloads/Mastering_embedded_system/2nd Term/unit7/Lecture3/Drivers/STM32F103C6_Drivers/Inc" -O0 -ffunction-sections -fdata-sections -Wall -fstack-usage -MMD -MP -MF"Src/main.d" -MT"Src/main.o" --specs=nano.specs -mfloat-abi=soft -mthumb -o "Src/main.o"
arm-none-eabi-gcc -gdwarf-2 "../STM32F103C6_Drivers/STM32F103C6_GPIO_Driver.c" -mcpu=cortex-m3 -std=gnu11 -g3 -DSTM32 -DSTM32F1 -DSTM32F103C6Tx -DDEBUG -c -I../Inc -I"C:/Users/abdel/Downloads/Mastering_embedded_system/2nd Term/unit7/Lecture3/Drivers/STM32F103C6_Drivers/Inc" -O0 -ffunction-sections -fdata-sections -Wall -fstack-usage -MMD -MP -MF"STM32F103C6_Drivers/STM32F103C6_GPIO_Driver.d" -MT"STM32F103C6_Drivers/STM32F103C6_GPIO_Driver.o" --specs=nano.specs -mfloat-abi=soft -mthumb -o "STM32F103C6_Drivers/STM32F103C6_GPIO_Driver.o"
../Src/main.c: In function 'GPIO_init':
../Src/main.c:45:29: error: 'GPIO_PINS_1' undeclared (first use in this function); did you mean 'GPIO_PIN_1'?
  Pin_Confg.GPIO_PinNumber = GPIO_PINS_1;
                             ^~~~~~~~~~~
                             GPIO_PIN_1
../Src/main.c:45:29: note: each undeclared identifier is reported only once for each function it appears in
../Src/main.c:49:29: error: 'GPIO_PINS_13' undeclared (first use in this function); did you mean 'GPIO_PINS_1'?
  Pin_Confg.GPIO_PinNumber = GPIO_PINS_13;
                             ^~~~~~~~~~~~
                             GPIO_PINS_1
../Src/main.c: In function 'main':
../Src/main.c:82:32: error: 'GPIO_PINS_1' undeclared (first use in this function); did you mean 'GPIO_PIN_1'?
   if((MCAL_GPIO_ReadPin(GPIOA, GPIO_PINS_1)) == 0)
                                ^~~~~~~~~~~
                                GPIO_PIN_1
../Src/main.c:90:32: error: 'GPIO_PINS_13' undeclared (first use in this function); did you mean 'GPIO_PINS_1'?
   if((MCAL_GPIO_ReadPin(GPIOA, GPIO_PINS_13)) == 1)
                                ^~~~~~~~~~~~
                                GPIO_PINS_1
make: *** [Src/subdir.mk:24: Src/main.o] Error 1
make: *** Waiting for unfinished jobs....
"make -j8 all" terminated with exit code 2. Build might be incomplete.
01:45:18 **** Incremental Build of configuration Debug for project Drivers ****
make -j8 all 
arm-none-eabi-gcc -gdwarf-2 "../Src/main.c" -mcpu=cortex-m3 -std=gnu11 -g3 -DSTM32 -DSTM32F1 -DSTM32F103C6Tx -DDEBUG -c -I../Inc -I"C:/Users/abdel/Downloads/Mastering_embedded_system/2nd Term/unit7/Lecture3/Drivers/STM32F103C6_Drivers/Inc" -O0 -ffunction-sections -fdata-sections -Wall -fstack-usage -MMD -MP -MF"Src/main.d" -MT"Src/main.o" --specs=nano.specs -mfloat-abi=soft -mthumb -o "Src/main.o"
arm-none-eabi-gcc -gdwarf-2 -o "Drivers.elf" @"objects.list"   -mcpu=cortex-m3 -T"C:\Users\abdel\Downloads\Mastering_embedded_system\2nd Term\unit7\Lecture3\Drivers\STM32F103C6TX_FLASH.ld" --specs=nosys.specs -Wl,-Map="Drivers.map" -Wl,--gc-sections -static --specs=nano.specs -mfloat-abi=soft -mthumb -Wl,--start-group -lc -lm -Wl,--end-group
Finished building target: Drivers.elf
 
arm-none-eabi-objdump -h -S  Drivers.elf  > "Drivers.list"
arm-none-eabi-objcopy  -O ihex  Drivers.elf  "Drivers.hex"
arm-none-eabi-objcopy  -O binary  Drivers.elf  "Drivers.bin"
arm-none-eabi-size   Drivers.elf 
   text	   data	    bss	    dec	    hex	filename
   1380	      8	   1568	   2956	    b8c	Drivers.elf
Finished building: default.size.stdout
 
Finished building: Drivers.hex
Finished building: Drivers.bin
Finished building: Drivers.list
 
 
 
15:23:40 **** Clean-only build of configuration Debug for project Drivers ****
make -j8 clean 
rm -rf *
 
15:23:41 **** Incremental Build of configuration Debug for project Drivers ****
make -j8 all 
arm-none-eabi-gcc -gdwarf-2 -mcpu=cortex-m3 -g3 -c -x assembler-with-cpp -MMD -MP -MF"Startup/startup_stm32f103c6tx.d" -MT"Startup/startup_stm32f103c6tx.o" --specs=nano.specs -mfloat-abi=soft -mthumb -o "Startup/startup_stm32f103c6tx.o" "../Startup/startup_stm32f103c6tx.s"
arm-none-eabi-gcc -gdwarf-2 "../Src/main.c" -mcpu=cortex-m3 -std=gnu11 -g3 -DSTM32 -DSTM32F1 -DSTM32F103C6Tx -DDEBUG -c -I../Inc -I"C:/Users/abdel/Downloads/Mastering_embedded_system/2nd Term/unit7/Lecture3/Drivers/STM32F103C6_Drivers/Inc" -O0 -ffunction-sections -fdata-sections -Wall -fstack-usage -MMD -MP -MF"Src/main.d" -MT"Src/main.o" --specs=nano.specs -mfloat-abi=soft -mthumb -o "Src/main.o"
arm-none-eabi-gcc -gdwarf-2 "../Src/syscalls.c" -mcpu=cortex-m3 -std=gnu11 -g3 -DSTM32 -DSTM32F1 -DSTM32F103C6Tx -DDEBUG -c -I../Inc -I"C:/Users/abdel/Downloads/Mastering_embedded_system/2nd Term/unit7/Lecture3/Drivers/STM32F103C6_Drivers/Inc" -O0 -ffunction-sections -fdata-sections -Wall -fstack-usage -MMD -MP -MF"Src/syscalls.d" -MT"Src/syscalls.o" --specs=nano.specs -mfloat-abi=soft -mthumb -o "Src/syscalls.o"
arm-none-eabi-gcc -gdwarf-2 "../Src/sysmem.c" -mcpu=cortex-m3 -std=gnu11 -g3 -DSTM32 -DSTM32F1 -DSTM32F103C6Tx -DDEBUG -c -I../Inc -I"C:/Users/abdel/Downloads/Mastering_embedded_system/2nd Term/unit7/Lecture3/Drivers/STM32F103C6_Drivers/Inc" -O0 -ffunction-sections -fdata-sections -Wall -fstack-usage -MMD -MP -MF"Src/sysmem.d" -MT"Src/sysmem.o" --specs=nano.specs -mfloat-abi=soft -mthumb -o "Src/sysmem.o"
arm-none-eabi-gcc -gdwarf-2 "../STM32F103C6_Drivers/LCD_Driver/LCD.c" -mcpu=cortex-m3 -std=gnu11 -g3 -DSTM32 -DSTM32F1 -DSTM32F103C6Tx -DDEBUG -c -I../Inc -I"C:/Users/abdel/Downloads/Mastering_embedded_system/2nd Term/unit7/Lecture3/Drivers/STM32F103C6_Drivers/Inc" -O0 -ffunction-sections -fdata-sections -Wall -fstack-usage -MMD -MP -MF"STM32F103C6_Drivers/LCD_Driver/LCD.d" -MT"STM32F103C6_Drivers/LCD_Driver/LCD.o" --specs=nano.specs -mfloat-abi=soft -mthumb -o "STM32F103C6_Drivers/LCD_Driver/LCD.o"
arm-none-eabi-gcc -gdwarf-2 "../STM32F103C6_Drivers/STM32F103C6_GPIO_Driver.c" -mcpu=cortex-m3 -std=gnu11 -g3 -DSTM32 -DSTM32F1 -DSTM32F103C6Tx -DDEBUG -c -I../Inc -I"C:/Users/abdel/Downloads/Mastering_embedded_system/2nd Term/unit7/Lecture3/Drivers/STM32F103C6_Drivers/Inc" -O0 -ffunction-sections -fdata-sections -Wall -fstack-usage -MMD -MP -MF"STM32F103C6_Drivers/STM32F103C6_GPIO_Driver.d" -MT"STM32F103C6_Drivers/STM32F103C6_GPIO_Driver.o" --specs=nano.specs -mfloat-abi=soft -mthumb -o "STM32F103C6_Drivers/STM32F103C6_GPIO_Driver.o"
../STM32F103C6_Drivers/LCD_Driver/LCD.c: In function 'LCD_init':
../STM32F103C6_Drivers/LCD_Driver/LCD.c:30:2: error: unterminated comment
  /*
  ^
../STM32F103C6_Drivers/LCD_Driver/LCD.c:28:2: error: expected declaration or statement at end of input
  MCAL_GPIO_INIT(GPIOA, &Pin_Confg);
  ^~~~~~~~~~~~~~
In file included from ../STM32F103C6_Drivers/LCD_Driver/LCD.c:8:0:
../STM32F103C6_Drivers/LCD_Driver/LCD.c: At top level:
../STM32F103C6_Drivers/LCD_Driver/LCD.h:94:13: warning: 'send_falling_edge' declared 'static' but never defined [-Wunused-function]
 static void send_falling_edge(void);
             ^~~~~~~~~~~~~~~~~
make: *** [STM32F103C6_Drivers/LCD_Driver/subdir.mk:18: STM32F103C6_Drivers/LCD_Driver/LCD.o] Error 1
make: *** Waiting for unfinished jobs....
"make -j8 all" terminated with exit code 2. Build might be incomplete.
15:23:49 **** Incremental Build of configuration Debug for project Drivers ****
make -j8 all 
arm-none-eabi-gcc -gdwarf-2 "../STM32F103C6_Drivers/LCD_Driver/LCD.c" -mcpu=cortex-m3 -std=gnu11 -g3 -DSTM32 -DSTM32F1 -DSTM32F103C6Tx -DDEBUG -c -I../Inc -I"C:/Users/abdel/Downloads/Mastering_embedded_system/2nd Term/unit7/Lecture3/Drivers/STM32F103C6_Drivers/Inc" -O0 -ffunction-sections -fdata-sections -Wall -fstack-usage -MMD -MP -MF"STM32F103C6_Drivers/LCD_Driver/LCD.d" -MT"STM32F103C6_Drivers/LCD_Driver/LCD.o" --specs=nano.specs -mfloat-abi=soft -mthumb -o "STM32F103C6_Drivers/LCD_Driver/LCD.o"
In file included from ../STM32F103C6_Drivers/LCD_Driver/LCD.c:8:0:
../STM32F103C6_Drivers/LCD_Driver/LCD.h:94:13: warning: 'send_falling_edge' declared 'static' but never defined [-Wunused-function]
 static void send_falling_edge(void);
             ^~~~~~~~~~~~~~~~~
arm-none-eabi-gcc -gdwarf-2 -o "Drivers.elf" @"objects.list"   -mcpu=cortex-m3 -T"C:\Users\abdel\Downloads\Mastering_embedded_system\2nd Term\unit7\Lecture3\Drivers\STM32F103C6TX_FLASH.ld" --specs=nosys.specs -Wl,-Map="Drivers.map" -Wl,--gc-sections -static --specs=nano.specs -mfloat-abi=soft -mthumb -Wl,--start-group -lc -lm -Wl,--end-group
Finished building target: Drivers.elf
 
arm-none-eabi-size   Drivers.elf 
arm-none-eabi-objdump -h -S  Drivers.elf  > "Drivers.list"
arm-none-eabi-objcopy  -O ihex  Drivers.elf  "Drivers.hex"
arm-none-eabi-objcopy  -O binary  Drivers.elf  "Drivers.bin"
   text	   data	    bss	    dec	    hex	filename
   1380	      8	   1568	   2956	    b8c	Drivers.elf
Finished building: default.size.stdout
 
Finished building: Drivers.bin
Finished building: Drivers.hex
Finished building: Drivers.list
 
 
 
15:28:44 **** Incremental Build of configuration Debug for project Drivers ****
make -j8 all 
arm-none-eabi-gcc -gdwarf-2 "../STM32F103C6_Drivers/LCD_Driver/LCD.c" -mcpu=cortex-m3 -std=gnu11 -g3 -DSTM32 -DSTM32F1 -DSTM32F103C6Tx -DDEBUG -c -I../Inc -I"C:/Users/abdel/Downloads/Mastering_embedded_system/2nd Term/unit7/Lecture3/Drivers/STM32F103C6_Drivers/Inc" -O0 -ffunction-sections -fdata-sections -Wall -fstack-usage -MMD -MP -MF"STM32F103C6_Drivers/LCD_Driver/LCD.d" -MT"STM32F103C6_Drivers/LCD_Driver/LCD.o" --specs=nano.specs -mfloat-abi=soft -mthumb -o "STM32F103C6_Drivers/LCD_Driver/LCD.o"
In file included from ../STM32F103C6_Drivers/LCD_Driver/LCD.c:8:0:
../STM32F103C6_Drivers/LCD_Driver/LCD.h:94:13: warning: 'send_falling_edge' declared 'static' but never defined [-Wunused-function]
 static void send_falling_edge(void);
             ^~~~~~~~~~~~~~~~~
arm-none-eabi-gcc -gdwarf-2 -o "Drivers.elf" @"objects.list"   -mcpu=cortex-m3 -T"C:\Users\abdel\Downloads\Mastering_embedded_system\2nd Term\unit7\Lecture3\Drivers\STM32F103C6TX_FLASH.ld" --specs=nosys.specs -Wl,-Map="Drivers.map" -Wl,--gc-sections -static --specs=nano.specs -mfloat-abi=soft -mthumb -Wl,--start-group -lc -lm -Wl,--end-group
Finished building target: Drivers.elf
 
arm-none-eabi-objdump -h -S  Drivers.elf  > "Drivers.list"
arm-none-eabi-objcopy  -O ihex  Drivers.elf  "Drivers.hex"
arm-none-eabi-objcopy  -O binary  Drivers.elf  "Drivers.bin"
arm-none-eabi-size   Drivers.elf 
   text	   data	    bss	    dec	    hex	filename
   1380	      8	   1568	   2956	    b8c	Drivers.elf
Finished building: default.size.stdout
 
Finished building: Drivers.hex
Finished building: Drivers.bin
Finished building: Drivers.list
 
 
 
15:28:48 **** Incremental Build of configuration Debug for project Drivers ****
make -j8 all 
arm-none-eabi-gcc -gdwarf-2 "../STM32F103C6_Drivers/LCD_Driver/LCD.c" -mcpu=cortex-m3 -std=gnu11 -g3 -DSTM32 -DSTM32F1 -DSTM32F103C6Tx -DDEBUG -c -I../Inc -I"C:/Users/abdel/Downloads/Mastering_embedded_system/2nd Term/unit7/Lecture3/Drivers/STM32F103C6_Drivers/Inc" -O0 -ffunction-sections -fdata-sections -Wall -fstack-usage -MMD -MP -MF"STM32F103C6_Drivers/LCD_Driver/LCD.d" -MT"STM32F103C6_Drivers/LCD_Driver/LCD.o" --specs=nano.specs -mfloat-abi=soft -mthumb -o "STM32F103C6_Drivers/LCD_Driver/LCD.o"
In file included from ../STM32F103C6_Drivers/LCD_Driver/LCD.c:8:0:
../STM32F103C6_Drivers/LCD_Driver/LCD.h:94:13: warning: 'send_falling_edge' declared 'static' but never defined [-Wunused-function]
 static void send_falling_edge(void);
             ^~~~~~~~~~~~~~~~~
arm-none-eabi-gcc -gdwarf-2 -o "Drivers.elf" @"objects.list"   -mcpu=cortex-m3 -T"C:\Users\abdel\Downloads\Mastering_embedded_system\2nd Term\unit7\Lecture3\Drivers\STM32F103C6TX_FLASH.ld" --specs=nosys.specs -Wl,-Map="Drivers.map" -Wl,--gc-sections -static --specs=nano.specs -mfloat-abi=soft -mthumb -Wl,--start-group -lc -lm -Wl,--end-group
Finished building target: Drivers.elf
 
arm-none-eabi-objdump -h -S  Drivers.elf  > "Drivers.list"
arm-none-eabi-objcopy  -O ihex  Drivers.elf  "Drivers.hex"
arm-none-eabi-objcopy  -O binary  Drivers.elf  "Drivers.bin"
arm-none-eabi-size   Drivers.elf 
   text	   data	    bss	    dec	    hex	filename
   1380	      8	   1568	   2956	    b8c	Drivers.elf
Finished building: default.size.stdout
Finished building: Drivers.hex
Finished building: Drivers.bin
 
 
Finished building: Drivers.list
 
 
15:28:52 **** Incremental Build of configuration Debug for project Drivers ****
make -j8 all 
arm-none-eabi-gcc -gdwarf-2 "../STM32F103C6_Drivers/LCD_Driver/LCD.c" -mcpu=cortex-m3 -std=gnu11 -g3 -DSTM32 -DSTM32F1 -DSTM32F103C6Tx -DDEBUG -c -I../Inc -I"C:/Users/abdel/Downloads/Mastering_embedded_system/2nd Term/unit7/Lecture3/Drivers/STM32F103C6_Drivers/Inc" -O0 -ffunction-sections -fdata-sections -Wall -fstack-usage -MMD -MP -MF"STM32F103C6_Drivers/LCD_Driver/LCD.d" -MT"STM32F103C6_Drivers/LCD_Driver/LCD.o" --specs=nano.specs -mfloat-abi=soft -mthumb -o "STM32F103C6_Drivers/LCD_Driver/LCD.o"
In file included from ../STM32F103C6_Drivers/LCD_Driver/LCD.c:8:0:
../STM32F103C6_Drivers/LCD_Driver/LCD.h:94:13: warning: 'send_falling_edge' declared 'static' but never defined [-Wunused-function]
 static void send_falling_edge(void);
             ^~~~~~~~~~~~~~~~~
arm-none-eabi-gcc -gdwarf-2 -o "Drivers.elf" @"objects.list"   -mcpu=cortex-m3 -T"C:\Users\abdel\Downloads\Mastering_embedded_system\2nd Term\unit7\Lecture3\Drivers\STM32F103C6TX_FLASH.ld" --specs=nosys.specs -Wl,-Map="Drivers.map" -Wl,--gc-sections -static --specs=nano.specs -mfloat-abi=soft -mthumb -Wl,--start-group -lc -lm -Wl,--end-group
Finished building target: Drivers.elf
 
arm-none-eabi-objdump -h -S  Drivers.elf  > "Drivers.list"
arm-none-eabi-objcopy  -O ihex  Drivers.elf  "Drivers.hex"
arm-none-eabi-objcopy  -O binary  Drivers.elf  "Drivers.bin"
arm-none-eabi-size   Drivers.elf 
   text	   data	    bss	    dec	    hex	filename
   1380	      8	   1568	   2956	    b8c	Drivers.elf
Finished building: default.size.stdout
Finished building: Drivers.hex
Finished building: Drivers.list
Finished building: Drivers.bin
 
 
 
 
16:06:40 **** Incremental Build of configuration Debug for project Drivers ****
make -j8 all 
arm-none-eabi-gcc -gdwarf-2 "../Src/main.c" -mcpu=cortex-m3 -std=gnu11 -g3 -DSTM32 -DSTM32F1 -DSTM32F103C6Tx -DDEBUG -c -I../Inc -I"C:/Users/abdel/Downloads/Mastering_embedded_system/2nd Term/unit7/Lecture3/Drivers/STM32F103C6_Drivers/LCD_Driver" -I"C:/Users/abdel/Downloads/Mastering_embedded_system/2nd Term/unit7/Lecture3/Drivers/STM32F103C6_Drivers/Inc" -O0 -ffunction-sections -fdata-sections -Wall -fstack-usage -MMD -MP -MF"Src/main.d" -MT"Src/main.o" --specs=nano.specs -mfloat-abi=soft -mthumb -o "Src/main.o"
arm-none-eabi-gcc -gdwarf-2 "../Src/syscalls.c" -mcpu=cortex-m3 -std=gnu11 -g3 -DSTM32 -DSTM32F1 -DSTM32F103C6Tx -DDEBUG -c -I../Inc -I"C:/Users/abdel/Downloads/Mastering_embedded_system/2nd Term/unit7/Lecture3/Drivers/STM32F103C6_Drivers/LCD_Driver" -I"C:/Users/abdel/Downloads/Mastering_embedded_system/2nd Term/unit7/Lecture3/Drivers/STM32F103C6_Drivers/Inc" -O0 -ffunction-sections -fdata-sections -Wall -fstack-usage -MMD -MP -MF"Src/syscalls.d" -MT"Src/syscalls.o" --specs=nano.specs -mfloat-abi=soft -mthumb -o "Src/syscalls.o"
arm-none-eabi-gcc -gdwarf-2 "../Src/sysmem.c" -mcpu=cortex-m3 -std=gnu11 -g3 -DSTM32 -DSTM32F1 -DSTM32F103C6Tx -DDEBUG -c -I../Inc -I"C:/Users/abdel/Downloads/Mastering_embedded_system/2nd Term/unit7/Lecture3/Drivers/STM32F103C6_Drivers/LCD_Driver" -I"C:/Users/abdel/Downloads/Mastering_embedded_system/2nd Term/unit7/Lecture3/Drivers/STM32F103C6_Drivers/Inc" -O0 -ffunction-sections -fdata-sections -Wall -fstack-usage -MMD -MP -MF"Src/sysmem.d" -MT"Src/sysmem.o" --specs=nano.specs -mfloat-abi=soft -mthumb -o "Src/sysmem.o"
arm-none-eabi-gcc -gdwarf-2 "../STM32F103C6_Drivers/LCD_Driver/LCD.c" -mcpu=cortex-m3 -std=gnu11 -g3 -DSTM32 -DSTM32F1 -DSTM32F103C6Tx -DDEBUG -c -I../Inc -I"C:/Users/abdel/Downloads/Mastering_embedded_system/2nd Term/unit7/Lecture3/Drivers/STM32F103C6_Drivers/LCD_Driver" -I"C:/Users/abdel/Downloads/Mastering_embedded_system/2nd Term/unit7/Lecture3/Drivers/STM32F103C6_Drivers/Inc" -O0 -ffunction-sections -fdata-sections -Wall -fstack-usage -MMD -MP -MF"STM32F103C6_Drivers/LCD_Driver/LCD.d" -MT"STM32F103C6_Drivers/LCD_Driver/LCD.o" --specs=nano.specs -mfloat-abi=soft -mthumb -o "STM32F103C6_Drivers/LCD_Driver/LCD.o"
arm-none-eabi-gcc -gdwarf-2 "../STM32F103C6_Drivers/STM32F103C6_GPIO_Driver.c" -mcpu=cortex-m3 -std=gnu11 -g3 -DSTM32 -DSTM32F1 -DSTM32F103C6Tx -DDEBUG -c -I../Inc -I"C:/Users/abdel/Downloads/Mastering_embedded_system/2nd Term/unit7/Lecture3/Drivers/STM32F103C6_Drivers/LCD_Driver" -I"C:/Users/abdel/Downloads/Mastering_embedded_system/2nd Term/unit7/Lecture3/Drivers/STM32F103C6_Drivers/Inc" -O0 -ffunction-sections -fdata-sections -Wall -fstack-usage -MMD -MP -MF"STM32F103C6_Drivers/STM32F103C6_GPIO_Driver.d" -MT"STM32F103C6_Drivers/STM32F103C6_GPIO_Driver.o" --specs=nano.specs -mfloat-abi=soft -mthumb -o "STM32F103C6_Drivers/STM32F103C6_GPIO_Driver.o"
In file included from ../Src/main.c:29:0:
C:/Users/abdel/Downloads/Mastering_embedded_system/2nd Term/unit7/Lecture3/Drivers/STM32F103C6_Drivers/LCD_Driver/LCD.h:96:13: warning: 'send_EnableTrigger' declared 'static' but never defined [-Wunused-function]
 static void send_EnableTrigger(void);
             ^~~~~~~~~~~~~~~~~~
../STM32F103C6_Drivers/LCD_Driver/LCD.c: In function 'LCD_Send_Char':
../STM32F103C6_Drivers/LCD_Driver/LCD.c:107:2: warning: implicit declaration of function 'Send_EnableTrigger'; did you mean 'send_EnableTrigger'? [-Wimplicit-function-declaration]
  Send_EnableTrigger();
  ^~~~~~~~~~~~~~~~~~
  send_EnableTrigger
../STM32F103C6_Drivers/LCD_Driver/LCD.c: At top level:
../STM32F103C6_Drivers/LCD_Driver/LCD.c:123:13: warning: conflicting types for 'Send_EnableTrigger'
 static void Send_EnableTrigger(void)
             ^~~~~~~~~~~~~~~~~~
../STM32F103C6_Drivers/LCD_Driver/LCD.c:123:13: error: static declaration of 'Send_EnableTrigger' follows non-static declaration
../STM32F103C6_Drivers/LCD_Driver/LCD.c:107:2: note: previous implicit declaration of 'Send_EnableTrigger' was here
  Send_EnableTrigger();
  ^~~~~~~~~~~~~~~~~~
../STM32F103C6_Drivers/LCD_Driver/LCD.c: In function 'Send_EnableTrigger':
../STM32F103C6_Drivers/LCD_Driver/LCD.c:127:4: error: expected ';' before 'delay_ms'
    delay_ms(2);
    ^~~~~~~~
../STM32F103C6_Drivers/LCD_Driver/LCD.c:131:2: error: expected ';' before 'delay_ms'
  delay_ms(1);
  ^~~~~~~~
In file included from ../STM32F103C6_Drivers/LCD_Driver/LCD.c:8:0:
../STM32F103C6_Drivers/LCD_Driver/LCD.c: At top level:
../STM32F103C6_Drivers/LCD_Driver/LCD.h:96:13: warning: 'send_EnableTrigger' declared 'static' but never defined [-Wunused-function]
 static void send_EnableTrigger(void);
             ^~~~~~~~~~~~~~~~~~
../STM32F103C6_Drivers/LCD_Driver/LCD.c:123:13: warning: 'Send_EnableTrigger' defined but not used [-Wunused-function]
 static void Send_EnableTrigger(void)
             ^~~~~~~~~~~~~~~~~~
make: *** [STM32F103C6_Drivers/LCD_Driver/subdir.mk:18: STM32F103C6_Drivers/LCD_Driver/LCD.o] Error 1
make: *** Waiting for unfinished jobs....
"make -j8 all" terminated with exit code 2. Build might be incomplete.
16:08:44 **** Incremental Build of configuration Debug for project Drivers ****
make -j8 all 
arm-none-eabi-gcc -gdwarf-2 "../Src/main.c" -mcpu=cortex-m3 -std=gnu11 -g3 -DSTM32 -DSTM32F1 -DSTM32F103C6Tx -DDEBUG -c -I../Inc -I"C:/Users/abdel/Downloads/Mastering_embedded_system/2nd Term/unit7/Lecture3/Drivers/STM32F103C6_Drivers/LCD_Driver" -I"C:/Users/abdel/Downloads/Mastering_embedded_system/2nd Term/unit7/Lecture3/Drivers/STM32F103C6_Drivers/Inc" -O0 -ffunction-sections -fdata-sections -Wall -fstack-usage -MMD -MP -MF"Src/main.d" -MT"Src/main.o" --specs=nano.specs -mfloat-abi=soft -mthumb -o "Src/main.o"
arm-none-eabi-gcc -gdwarf-2 "../STM32F103C6_Drivers/LCD_Driver/LCD.c" -mcpu=cortex-m3 -std=gnu11 -g3 -DSTM32 -DSTM32F1 -DSTM32F103C6Tx -DDEBUG -c -I../Inc -I"C:/Users/abdel/Downloads/Mastering_embedded_system/2nd Term/unit7/Lecture3/Drivers/STM32F103C6_Drivers/LCD_Driver" -I"C:/Users/abdel/Downloads/Mastering_embedded_system/2nd Term/unit7/Lecture3/Drivers/STM32F103C6_Drivers/Inc" -O0 -ffunction-sections -fdata-sections -Wall -fstack-usage -MMD -MP -MF"STM32F103C6_Drivers/LCD_Driver/LCD.d" -MT"STM32F103C6_Drivers/LCD_Driver/LCD.o" --specs=nano.specs -mfloat-abi=soft -mthumb -o "STM32F103C6_Drivers/LCD_Driver/LCD.o"
../STM32F103C6_Drivers/LCD_Driver/LCD.c: In function 'LCD_Init':
../STM32F103C6_Drivers/LCD_Driver/LCD.c:82:2: warning: implicit declaration of function 'LCD_Send_Cmd'; did you mean 'LCD_send_cmd'? [-Wimplicit-function-declaration]
  LCD_Send_Cmd(LCD_FUNCTION_8BIT_2LINES);
  ^~~~~~~~~~~~
  LCD_send_cmd
[...]
  if(USARTx == USART1)
            ^~
../STM32F103C6_Drivers/USART/STM32F103C6_USART_Driver.c:183:17: warning: comparison of distinct pointer types lacks a cast
  else if(USARTx == USART2)
                 ^~
../STM32F103C6_Drivers/USART/STM32F103C6_USART_Driver.c:194:17: warning: comparison of distinct pointer types lacks a cast
  else if(USARTx == USART3)
                 ^~
../STM32F103C6_Drivers/USART/STM32F103C6_USART_Driver.c: In function 'MCAL_UART_ReceiveData':
../STM32F103C6_Drivers/USART/STM32F103C6_USART_Driver.c:239:12: warning: comparison of distinct pointer types lacks a cast
  if(USARTx == USART1)
            ^~
../STM32F103C6_Drivers/USART/STM32F103C6_USART_Driver.c:264:17: warning: comparison of distinct pointer types lacks a cast
  else if(USARTx == USART2)
                 ^~
../STM32F103C6_Drivers/USART/STM32F103C6_USART_Driver.c:289:17: warning: comparison of distinct pointer types lacks a cast
  else if(USARTx == USART3)
                 ^~
../STM32F103C6_Drivers/USART/STM32F103C6_USART_Driver.c: In function 'MCAL_UART_GPIO_SetPins':
../STM32F103C6_Drivers/USART/STM32F103C6_USART_Driver.c:330:14: warning: comparison of distinct pointer types lacks a cast
  if ( USARTx == USART1 )
              ^~
../STM32F103C6_Drivers/USART/STM32F103C6_USART_Driver.c:366:19: warning: comparison of distinct pointer types lacks a cast
  else if ( USARTx == USART2 )
                   ^~
../STM32F103C6_Drivers/USART/STM32F103C6_USART_Driver.c:402:19: warning: comparison of distinct pointer types lacks a cast
  else if ( USARTx == USART3 )
                   ^~
../STM32F103C6_Drivers/USART/STM32F103C6_USART_Driver.c: In function 'USART1_IRQHandler':
../STM32F103C6_Drivers/USART/STM32F103C6_USART_Driver.c:449:21: warning: statement with no effect [-Wunused-value]
  Global_UART1_Config->P_IRQ_CallBack;
  ~~~~~~~~~~~~~~~~~~~^~~~~~~~~~~~~~~~
../STM32F103C6_Drivers/USART/STM32F103C6_USART_Driver.c: In function 'USART2_IRQHandler':
../STM32F103C6_Drivers/USART/STM32F103C6_USART_Driver.c:455:21: warning: statement with no effect [-Wunused-value]
  Global_UART2_Config->P_IRQ_CallBack;
  ~~~~~~~~~~~~~~~~~~~^~~~~~~~~~~~~~~~
../STM32F103C6_Drivers/USART/STM32F103C6_USART_Driver.c: In function 'USART3_IRQHandler':
../STM32F103C6_Drivers/USART/STM32F103C6_USART_Driver.c:461:21: warning: statement with no effect [-Wunused-value]
  Global_UART3_Config->P_IRQ_CallBack;
  ~~~~~~~~~~~~~~~~~~~^~~~~~~~~~~~~~~~
arm-none-eabi-gcc -gdwarf-2 -o "Drivers.elf" @"objects.list"   -mcpu=cortex-m3 -T"C:\Users\abdel\Downloads\Mastering_embedded_system\2nd Term\unit7\Lecture3\Drivers\STM32F103C6TX_FLASH.ld" --specs=nosys.specs -Wl,-Map="Drivers.map" -Wl,--gc-sections -static --specs=nano.specs -mfloat-abi=soft -mthumb -Wl,--start-group -lc -lm -Wl,--end-group
Finished building target: Drivers.elf
 
arm-none-eabi-objdump -h -S  Drivers.elf  > "Drivers.list"
arm-none-eabi-objcopy  -O ihex  Drivers.elf  "Drivers.hex"
arm-none-eabi-objcopy  -O binary  Drivers.elf  "Drivers.bin"
arm-none-eabi-size   Drivers.elf 
   text	   data	    bss	    dec	    hex	filename
   1188	      8	   1624	   2820	    b04	Drivers.elf
Finished building: default.size.stdout
Finished building: Drivers.hex
Finished building: Drivers.bin
Finished building: Drivers.list
 
 
 
 
03:06:33 **** Incremental Build of configuration Debug for project Drivers ****
make -j8 all 
arm-none-eabi-gcc -gdwarf-2 "../Src/main.c" -mcpu=cortex-m3 -std=gnu11 -g3 -DSTM32 -DSTM32F1 -DSTM32F103C6Tx -DDEBUG -c -I../Inc -I"C:/Users/abdel/Downloads/Mastering_embedded_system/2nd Term/unit7/Lecture3/Drivers/STM32F103C6_Drivers/Inc" -I"C:/Users/abdel/Downloads/Mastering_embedded_system/2nd Term/unit7/Lecture3/Drivers/HAL/Includes" -O0 -ffunction-sections -fdata-sections -Wall -fstack-usage -MMD -MP -MF"Src/main.d" -MT"Src/main.o" --specs=nano.specs -mfloat-abi=soft -mthumb -o "Src/main.o"
../Src/main.c: In function 'main':
../Src/main.c:56:26: error: 'UART_Conf' undeclared (first use in this function); did you mean 'UART_Config'?
  MCAL_UART_Init(USART1, &UART_Conf);
                          ^~~~~~~~~
                          UART_Config
../Src/main.c:56:26: note: each undeclared identifier is reported only once for each function it appears in
In file included from C:/Users/abdel/Downloads/Mastering_embedded_system/2nd Term/unit7/Lecture3/Drivers/STM32F103C6_Drivers/Inc/STM32F103C6_GPIO_Driver.h:13:0,
                 from ../Src/main.c:24:
C:/Users/abdel/Downloads/Mastering_embedded_system/2nd Term/unit7/Lecture3/Drivers/STM32F103C6_Drivers/Inc/STM32F103X6.h:176:26: warning: passing argument 1 of 'MCAL_UART_Init' from incompatible pointer type [-Wincompatible-pointer-types]
 #define USART1           ((AFIO_TypeDef *)USART1_BASE)
                          ^
../Src/main.c:56:17: note: in expansion of macro 'USART1'
  MCAL_UART_Init(USART1, &UART_Conf);
                 ^~~~~~
In file included from ../Src/main.c:29:0:
C:/Users/abdel/Downloads/Mastering_embedded_system/2nd Term/unit7/Lecture3/Drivers/STM32F103C6_Drivers/Inc/STM32F103C6_USART_Driver.h:137:6: note: expected 'USART_TypeDef * {aka struct <anonymous> *}' but argument is of type 'AFIO_TypeDef * {aka struct <anonymous> *}'
 void MCAL_UART_Init(USART_TypeDef *USARTx, UART_Config *UART_Conf);
      ^~~~~~~~~~~~~~
In file included from C:/Users/abdel/Downloads/Mastering_embedded_system/2nd Term/unit7/Lecture3/Drivers/STM32F103C6_Drivers/Inc/STM32F103C6_GPIO_Driver.h:13:0,
                 from ../Src/main.c:24:
C:/Users/abdel/Downloads/Mastering_embedded_system/2nd Term/unit7/Lecture3/Drivers/STM32F103C6_Drivers/Inc/STM32F103X6.h:176:26: warning: passing argument 1 of 'MCAL_UART_GPIO_SetPins' from incompatible pointer type [-Wincompatible-pointer-types]
 #define USART1           ((AFIO_TypeDef *)USART1_BASE)
                          ^
../Src/main.c:57:25: note: in expansion of macro 'USART1'
  MCAL_UART_GPIO_SetPins(USART1);
                         ^~~~~~
In file included from ../Src/main.c:29:0:
C:/Users/abdel/Downloads/Mastering_embedded_system/2nd Term/unit7/Lecture3/Drivers/STM32F103C6_Drivers/Inc/STM32F103C6_USART_Driver.h:140:6: note: expected 'USART_TypeDef * {aka struct <anonymous> *}' but argument is of type 'AFIO_TypeDef * {aka struct <anonymous> *}'
 void MCAL_UART_GPIO_SetPins(USART_TypeDef *USARTx);
      ^~~~~~~~~~~~~~~~~~~~~~
In file included from C:/Users/abdel/Downloads/Mastering_embedded_system/2nd Term/unit7/Lecture3/Drivers/STM32F103C6_Drivers/Inc/STM32F103C6_GPIO_Driver.h:13:0,
                 from ../Src/main.c:24:
C:/Users/abdel/Downloads/Mastering_embedded_system/2nd Term/unit7/Lecture3/Drivers/STM32F103C6_Drivers/Inc/STM32F103X6.h:176:26: warning: passing argument 1 of 'MCAL_UART_ReceiveData' from incompatible pointer type [-Wincompatible-pointer-types]
 #define USART1           ((AFIO_TypeDef *)USART1_BASE)
                          ^
../Src/main.c:61:25: note: in expansion of macro 'USART1'
   MCAL_UART_ReceiveData(USART1, &ch, Enable);
                         ^~~~~~
In file included from ../Src/main.c:29:0:
C:/Users/abdel/Downloads/Mastering_embedded_system/2nd Term/unit7/Lecture3/Drivers/STM32F103C6_Drivers/Inc/STM32F103C6_USART_Driver.h:143:6: note: expected 'USART_TypeDef * {aka struct <anonymous> *}' but argument is of type 'AFIO_TypeDef * {aka struct <anonymous> *}'
 void MCAL_UART_ReceiveData(USART_TypeDef *USARTx, uint16_t *TXBuffer, enum Polling_Mechanism Polling_Enable);
      ^~~~~~~~~~~~~~~~~~~~~
../Src/main.c:61:33: warning: passing argument 2 of 'MCAL_UART_ReceiveData' from incompatible pointer type [-Wincompatible-pointer-types]
   MCAL_UART_ReceiveData(USART1, &ch, Enable);
                                 ^
In file included from ../Src/main.c:29:0:
C:/Users/abdel/Downloads/Mastering_embedded_system/2nd Term/unit7/Lecture3/Drivers/STM32F103C6_Drivers/Inc/STM32F103C6_USART_Driver.h:143:6: note: expected 'uint16_t * {aka short unsigned int *}' but argument is of type 'uint8_t * {aka unsigned char *}'
 void MCAL_UART_ReceiveData(USART_TypeDef *USARTx, uint16_t *TXBuffer, enum Polling_Mechanism Polling_Enable);
      ^~~~~~~~~~~~~~~~~~~~~
../Src/main.c:46:14: warning: variable 'uartConf' set but not used [-Wunused-but-set-variable]
  UART_Config uartConf;
              ^~~~~~~~
make: *** [Src/subdir.mk:24: Src/main.o] Error 1
"make -j8 all" terminated with exit code 2. Build might be incomplete.
03:07:31 **** Incremental Build of configuration Debug for project Drivers ****
make -j8 all 
arm-none-eabi-gcc -gdwarf-2 "../Src/main.c" -mcpu=cortex-m3 -std=gnu11 -g3 -DSTM32 -DSTM32F1 -DSTM32F103C6Tx -DDEBUG -c -I../Inc -I"C:/Users/abdel/Downloads/Mastering_embedded_system/2nd Term/unit7/Lecture3/Drivers/STM32F103C6_Drivers/Inc" -I"C:/Users/abdel/Downloads/Mastering_embedded_system/2nd Term/unit7/Lecture3/Drivers/HAL/Includes" -O0 -ffunction-sections -fdata-sections -Wall -fstack-usage -MMD -MP -MF"Src/main.d" -MT"Src/main.o" --specs=nano.specs -mfloat-abi=soft -mthumb -o "Src/main.o"
arm-none-eabi-gcc -gdwarf-2 "../STM32F103C6_Drivers/USART/STM32F103C6_USART_Driver.c" -mcpu=cortex-m3 -std=gnu11 -g3 -DSTM32 -DSTM32F1 -DSTM32F103C6Tx -DDEBUG -c -I../Inc -I"C:/Users/abdel/Downloads/Mastering_embedded_system/2nd Term/unit7/Lecture3/Drivers/STM32F103C6_Drivers/Inc" -I"C:/Users/abdel/Downloads/Mastering_embedded_system/2nd Term/unit7/Lecture3/Drivers/HAL/Includes" -O0 -ffunction-sections -fdata-sections -Wall -fstack-usage -MMD -MP -MF"STM32F103C6_Drivers/USART/STM32F103C6_USART_Driver.d" -MT"STM32F103C6_Drivers/USART/STM32F103C6_USART_Driver.o" --specs=nano.specs -mfloat-abi=soft -mthumb -o "STM32F103C6_Drivers/USART/STM32F103C6_USART_Driver.o"
arm-none-eabi-gcc -gdwarf-2 "../STM32F103C6_Drivers/RCC/STM32F103C6_RCC_Driver.c" -mcpu=cortex-m3 -std=gnu11 -g3 -DSTM32 -DSTM32F1 -DSTM32F103C6Tx -DDEBUG -c -I../Inc -I"C:/Users/abdel/Downloads/Mastering_embedded_system/2nd Term/unit7/Lecture3/Drivers/STM32F103C6_Drivers/Inc" -I"C:/Users/abdel/Downloads/Mastering_embedded_system/2nd Term/unit7/Lecture3/Drivers/HAL/Includes" -O0 -ffunction-sections -fdata-sections -Wall -fstack-usage -MMD -MP -MF"STM32F103C6_Drivers/RCC/STM32F103C6_RCC_Driver.d" -MT"STM32F103C6_Drivers/RCC/STM32F103C6_RCC_Driver.o" --specs=nano.specs -mfloat-abi=soft -mthumb -o "STM32F103C6_Drivers/RCC/STM32F103C6_RCC_Driver.o"
arm-none-eabi-gcc -gdwarf-2 "../STM32F103C6_Drivers/GPIO/STM32F103C6_GPIO_Driver.c" -mcpu=cortex-m3 -std=gnu11 -g3 -DSTM32 -DSTM32F1 -DSTM32F103C6Tx -DDEBUG -c -I../Inc -I"C:/Users/abdel/Downloads/Mastering_embedded_system/2nd Term/unit7/Lecture3/Drivers/STM32F103C6_Drivers/Inc" -I"C:/Users/abdel/Downloads/Mastering_embedded_system/2nd Term/unit7/Lecture3/Drivers/HAL/Includes" -O0 -ffunction-sections -fdata-sections -Wall -fstack-usage -MMD -MP -MF"STM32F103C6_Drivers/GPIO/STM32F103C6_GPIO_Driver.d" -MT"STM32F103C6_Drivers/GPIO/STM32F103C6_GPIO_Driver.o" --specs=nano.specs -mfloat-abi=soft -mthumb -o "STM32F103C6_Drivers/GPIO/STM32F103C6_GPIO_Driver.o"
arm-none-eabi-gcc -gdwarf-2 "../STM32F103C6_Drivers/EXTI/STM32F103C6_EXTI_Driver.c" -mcpu=cortex-m3 -std=gnu11 -g3 -DSTM32 -DSTM32F1 -DSTM32F103C6Tx -DDEBUG -c -I../Inc -I"C:/Users/abdel/Downloads/Mastering_embedded_system/2nd Term/unit7/Lecture3/Drivers/STM32F103C6_Drivers/Inc" -I"C:/Users/abdel/Downloads/Mastering_embedded_system/2nd Term/unit7/Lecture3/Drivers/HAL/Includes" -O0 -ffunction-sections -fdata-sections -Wall -fstack-usage -MMD -MP -MF"STM32F103C6_Drivers/EXTI/STM32F103C6_EXTI_Driver.d" -MT"STM32F103C6_Drivers/EXTI/STM32F103C6_EXTI_Driver.o" --specs=nano.specs -mfloat-abi=soft -mthumb -o "STM32F103C6_Drivers/EXTI/STM32F103C6_EXTI_Driver.o"
arm-none-eabi-gcc -gdwarf-2 "../HAL/LCD_Driver/LCD.c" -mcpu=cortex-m3 -std=gnu11 -g3 -DSTM32 -DSTM32F1 -DSTM32F103C6Tx -DDEBUG -c -I../Inc -I"C:/Users/abdel/Downloads/Mastering_embedded_system/2nd Term/unit7/Lecture3/Drivers/STM32F103C6_Drivers/Inc" -I"C:/Users/abdel/Downloads/Mastering_embedded_system/2nd Term/unit7/Lecture3/Drivers/HAL/Includes" -O0 -ffunction-sections -fdata-sections -Wall -fstack-usage -MMD -MP -MF"HAL/LCD_Driver/LCD.d" -MT"HAL/LCD_Driver/LCD.o" --specs=nano.specs -mfloat-abi=soft -mthumb -o "HAL/LCD_Driver/LCD.o"
arm-none-eabi-gcc -gdwarf-2 "../HAL/KEYPAD_Driver/KEYPAD.c" -mcpu=cortex-m3 -std=gnu11 -g3 -DSTM32 -DSTM32F1 -DSTM32F103C6Tx -DDEBUG -c -I../Inc -I"C:/Users/abdel/Downloads/Mastering_embedded_system/2nd Term/unit7/Lecture3/Drivers/STM32F103C6_Drivers/Inc" -I"C:/Users/abdel/Downloads/Mastering_embedded_system/2nd Term/unit7/Lecture3/Drivers/HAL/Includes" -O0 -ffunction-sections -fdata-sections -Wall -fstack-usage -MMD -MP -MF"HAL/KEYPAD_Driver/KEYPAD.d" -MT"HAL/KEYPAD_Driver/KEYPAD.o" --specs=nano.specs -mfloat-abi=soft -mthumb -o "HAL/KEYPAD_Driver/KEYPAD.o"
../STM32F103C6_Drivers/USART/STM32F103C6_USART_Driver.c: In function 'USART1_IRQHandler':
../STM32F103C6_Drivers/USART/STM32F103C6_USART_Driver.c:449:21: warning: statement with no effect [-Wunused-value]
  Global_UART1_Config->P_IRQ_CallBack;
  ~~~~~~~~~~~~~~~~~~~^~~~~~~~~~~~~~~~
../STM32F103C6_Drivers/USART/STM32F103C6_USART_Driver.c: In function 'USART2_IRQHandler':
../STM32F103C6_Drivers/USART/STM32F103C6_USART_Driver.c:455:21: warning: statement with no effect [-Wunused-value]
  Global_UART2_Config->P_IRQ_CallBack;
  ~~~~~~~~~~~~~~~~~~~^~~~~~~~~~~~~~~~
../STM32F103C6_Drivers/USART/STM32F103C6_USART_Driver.c: In function 'USART3_IRQHandler':
../STM32F103C6_Drivers/USART/STM32F103C6_USART_Driver.c:461:21: warning: statement with no effect [-Wunused-value]
  Global_UART3_Config->P_IRQ_CallBack;
  ~~~~~~~~~~~~~~~~~~~^~~~~~~~~~~~~~~~
../Src/main.c: In function 'main':
../Src/main.c:56:26: error: 'UART_Conf' undeclared (first use in this function); did you mean 'UART_Config'?
  MCAL_UART_Init(USART1, &UART_Conf);
                          ^~~~~~~~~
                          UART_Config
../Src/main.c:56:26: note: each undeclared identifier is reported only once for each function it appears in
../Src/main.c:61:33: warning: passing argument 2 of 'MCAL_UART_ReceiveData' from incompatible pointer type [-Wincompatible-pointer-types]
   MCAL_UART_ReceiveData(USART1, &ch, Enable);
                                 ^
In file included from ../Src/main.c:29:0:
C:/Users/abdel/Downloads/Mastering_embedded_system/2nd Term/unit7/Lecture3/Drivers/STM32F103C6_Drivers/Inc/STM32F103C6_USART_Driver.h:143:6: note: expected 'uint16_t * {aka short unsigned int *}' but argument is of type 'uint8_t * {aka unsigned char *}'
 void MCAL_UART_ReceiveData(USART_TypeDef *USARTx, uint16_t *TXBuffer, enum Polling_Mechanism Polling_Enable);
      ^~~~~~~~~~~~~~~~~~~~~
../Src/main.c:46:14: warning: variable 'uartConf' set but not used [-Wunused-but-set-variable]
  UART_Config uartConf;
              ^~~~~~~~
../STM32F103C6_Drivers/RCC/STM32F103C6_RCC_Driver.c: In function 'MCAL_RCC_GetSYSCLK_Freq':
../STM32F103C6_Drivers/RCC/STM32F103C6_RCC_Driver.c:54:1: warning: control reaches end of non-void function [-Wreturn-type]
 }
 ^
make: *** [Src/subdir.mk:24: Src/main.o] Error 1
make: *** Waiting for unfinished jobs....
"make -j8 all" terminated with exit code 2. Build might be incomplete.
03:08:22 **** Incremental Build of configuration Debug for project Drivers ****
make -j8 all 
arm-none-eabi-gcc -gdwarf-2 "../Src/main.c" -mcpu=cortex-m3 -std=gnu11 -g3 -DSTM32 -DSTM32F1 -DSTM32F103C6Tx -DDEBUG -c -I../Inc -I"C:/Users/abdel/Downloads/Mastering_embedded_system/2nd Term/unit7/Lecture3/Drivers/STM32F103C6_Drivers/Inc" -I"C:/Users/abdel/Downloads/Mastering_embedded_system/2nd Term/unit7/Lecture3/Drivers/HAL/Includes" -O0 -ffunction-sections -fdata-sections -Wall -fstack-usage -MMD -MP -MF"Src/main.d" -MT"Src/main.o" --specs=nano.specs -mfloat-abi=soft -mthumb -o "Src/main.o"
../Src/main.c: In function 'main':
../Src/main.c:61:33: warning: passing argument 2 of 'MCAL_UART_ReceiveData' from incompatible pointer type [-Wincompatible-pointer-types]
   MCAL_UART_ReceiveData(USART1, &ch, Enable);
                                 ^
In file included from ../Src/main.c:29:0:
C:/Users/abdel/Downloads/Mastering_embedded_system/2nd Term/unit7/Lecture3/Drivers/STM32F103C6_Drivers/Inc/STM32F103C6_USART_Driver.h:143:6: note: expected 'uint16_t * {aka short unsigned int *}' but argument is of type 'uint8_t * {aka unsigned char *}'
 void MCAL_UART_ReceiveData(USART_TypeDef *USARTx, uint16_t *TXBuffer, enum Polling_Mechanism Polling_Enable);
      ^~~~~~~~~~~~~~~~~~~~~
arm-none-eabi-gcc -gdwarf-2 -o "Drivers.elf" @"objects.list"   -mcpu=cortex-m3 -T"C:\Users\abdel\Downloads\Mastering_embedded_system\2nd Term\unit7\Lecture3\Drivers\STM32F103C6TX_FLASH.ld" --specs=nosys.specs -Wl,-Map="Drivers.map" -Wl,--gc-sections -static --specs=nano.specs -mfloat-abi=soft -mthumb -Wl,--start-group -lc -lm -Wl,--end-group
Finished building target: Drivers.elf
 
arm-none-eabi-objdump -h -S  Drivers.elf  > "Drivers.list"
arm-none-eabi-objcopy  -O ihex  Drivers.elf  "Drivers.hex"
arm-none-eabi-objcopy  -O binary  Drivers.elf  "Drivers.bin"
arm-none-eabi-size   Drivers.elf 
   text	   data	    bss	    dec	    hex	filename
   2816	      8	   1640	   4464	   1170	Drivers.elf
Finished building: default.size.stdout
 
Finished building: Drivers.hex
Finished building: Drivers.bin
Finished building: Drivers.list
 
 
 
03:09:00 **** Incremental Build of configuration Debug for project Drivers ****
make -j8 all 
arm-none-eabi-gcc -gdwarf-2 "../Src/main.c" -mcpu=cortex-m3 -std=gnu11 -g3 -DSTM32 -DSTM32F1 -DSTM32F103C6Tx -DDEBUG -c -I../Inc -I"C:/Users/abdel/Downloads/Mastering_embedded_system/2nd Term/unit7/Lecture3/Drivers/STM32F103C6_Drivers/Inc" -I"C:/Users/abdel/Downloads/Mastering_embedded_system/2nd Term/unit7/Lecture3/Drivers/HAL/Includes" -O0 -ffunction-sections -fdata-sections -Wall -fstack-usage -MMD -MP -MF"Src/main.d" -MT"Src/main.o" --specs=nano.specs -mfloat-abi=soft -mthumb -o "Src/main.o"
../Src/main.c: In function 'main':
../Src/main.c:61:33: warning: passing argument 2 of 'MCAL_UART_ReceiveData' from incompatible pointer type [-Wincompatible-pointer-types]
   MCAL_UART_ReceiveData(USART1, &ch, Enable);
                                 ^
In file included from ../Src/main.c:29:0:
C:/Users/abdel/Downloads/Mastering_embedded_system/2nd Term/unit7/Lecture3/Drivers/STM32F103C6_Drivers/Inc/STM32F103C6_USART_Driver.h:143:6: note: expected 'uint16_t * {aka short unsigned int *}' but argument is of type 'uint8_t * {aka unsigned char *}'
 void MCAL_UART_ReceiveData(USART_TypeDef *USARTx, uint16_t *TXBuffer, enum Polling_Mechanism Polling_Enable);
      ^~~~~~~~~~~~~~~~~~~~~
../Src/main.c:62:30: warning: passing argument 2 of 'MCAL_UART_SendData' from incompatible pointer type [-Wincompatible-pointer-types]
   MCAL_UART_SendData(USART1, &ch, Enable);
                              ^
In file included from ../Src/main.c:29:0:
C:/Users/abdel/Downloads/Mastering_embedded_system/2nd Term/unit7/Lecture3/Drivers/STM32F103C6_Drivers/Inc/STM32F103C6_USART_Driver.h:142:6: note: expected 'uint16_t * {aka short unsigned int *}' but argument is of type 'uint8_t * {aka unsigned char *}'
 void MCAL_UART_SendData(USART_TypeDef *USARTx, uint16_t *TXBuffer, enum Polling_Mechanism Polling_Enable);
      ^~~~~~~~~~~~~~~~~~
arm-none-eabi-gcc -gdwarf-2 -o "Drivers.elf" @"objects.list"   -mcpu=cortex-m3 -T"C:\Users\abdel\Downloads\Mastering_embedded_system\2nd Term\unit7\Lecture3\Drivers\STM32F103C6TX_FLASH.ld" --specs=nosys.specs -Wl,-Map="Drivers.map" -Wl,--gc-sections -static --specs=nano.specs -mfloat-abi=soft -mthumb -Wl,--start-group -lc -lm -Wl,--end-group
Finished building target: Drivers.elf
 
arm-none-eabi-objdump -h -S  Drivers.elf  > "Drivers.list"
arm-none-eabi-objcopy  -O ihex  Drivers.elf  "Drivers.hex"
arm-none-eabi-objcopy  -O binary  Drivers.elf  "Drivers.bin"
arm-none-eabi-size   Drivers.elf 
   text	   data	    bss	    dec	    hex	filename
   2944	      8	   1640	   4592	   11f0	Drivers.elf
Finished building: default.size.stdout
 
Finished building: Drivers.hex
Finished building: Drivers.list
Finished building: Drivers.bin
 
 
 
