Archive member included because of file (symbol)

c:/program files (x86)/atmel/atmel studio 6.0/extensions/atmel/avrgcc/3.4.1.95/avrtoolchain/bin/../lib/gcc/avr/4.6.2/avr5\libgcc.a(_exit.o)
                              c:/program files (x86)/atmel/atmel studio 6.0/extensions/atmel/avrgcc/3.4.1.95/avrtoolchain/bin/../lib/gcc/avr/4.6.2/../../../../avr/lib/avr5/crtm32.o (exit)
c:/program files (x86)/atmel/atmel studio 6.0/extensions/atmel/avrgcc/3.4.1.95/avrtoolchain/bin/../lib/gcc/avr/4.6.2/avr5\libgcc.a(_copy_data.o)
                              DIO_driver.o (__do_copy_data)
c:/program files (x86)/atmel/atmel studio 6.0/extensions/atmel/avrgcc/3.4.1.95/avrtoolchain/bin/../lib/gcc/avr/4.6.2/avr5\libgcc.a(_clear_bss.o)
                              DIO_driver.o (__do_clear_bss)

Memory Configuration

Name             Origin             Length             Attributes
text             0x00000000         0x00020000         xr
data             0x00800060         0x0000ffa0         rw !x
eeprom           0x00810000         0x00010000         rw !x
fuse             0x00820000         0x00000400         rw !x
lock             0x00830000         0x00000400         rw !x
signature        0x00840000         0x00000400         rw !x
*default*        0x00000000         0xffffffff

Linker script and memory map

LOAD c:/program files (x86)/atmel/atmel studio 6.0/extensions/atmel/avrgcc/3.4.1.95/avrtoolchain/bin/../lib/gcc/avr/4.6.2/../../../../avr/lib/avr5/crtm32.o
LOAD DIO_driver.o
LOAD lcd_driver.o
LOAD main.o
LOAD UART_Driver.o
START GROUP
LOAD c:/program files (x86)/atmel/atmel studio 6.0/extensions/atmel/avrgcc/3.4.1.95/avrtoolchain/bin/../lib/gcc/avr/4.6.2/../../../../avr/lib/avr5\libm.a
END GROUP
LOAD c:/program files (x86)/atmel/atmel studio 6.0/extensions/atmel/avrgcc/3.4.1.95/avrtoolchain/bin/../lib/gcc/avr/4.6.2/avr5\libgcc.a
LOAD c:/program files (x86)/atmel/atmel studio 6.0/extensions/atmel/avrgcc/3.4.1.95/avrtoolchain/bin/../lib/gcc/avr/4.6.2/../../../../avr/lib/avr5\libc.a
LOAD c:/program files (x86)/atmel/atmel studio 6.0/extensions/atmel/avrgcc/3.4.1.95/avrtoolchain/bin/../lib/gcc/avr/4.6.2/avr5\libgcc.a

.hash
 *(.hash)

.dynsym
 *(.dynsym)

.dynstr
 *(.dynstr)

.gnu.version
 *(.gnu.version)

.gnu.version_d
 *(.gnu.version_d)

.gnu.version_r
 *(.gnu.version_r)

.rel.init
 *(.rel.init)

.rela.init
 *(.rela.init)

.rel.text
 *(.rel.text)
 *(.rel.text.*)
 *(.rel.gnu.linkonce.t*)

.rela.text
 *(.rela.text)
 *(.rela.text.*)
 *(.rela.gnu.linkonce.t*)

.rel.fini
 *(.rel.fini)

.rela.fini
 *(.rela.fini)

.rel.rodata
 *(.rel.rodata)
 *(.rel.rodata.*)
 *(.rel.gnu.linkonce.r*)

.rela.rodata
 *(.rela.rodata)
 *(.rela.rodata.*)
 *(.rela.gnu.linkonce.r*)

.rel.data
 *(.rel.data)
 *(.rel.data.*)
 *(.rel.gnu.linkonce.d*)

.rela.data
 *(.rela.data)
 *(.rela.data.*)
 *(.rela.gnu.linkonce.d*)

.rel.ctors
 *(.rel.ctors)

.rela.ctors
 *(.rela.ctors)

.rel.dtors
 *(.rel.dtors)

.rela.dtors
 *(.rela.dtors)

.rel.got
 *(.rel.got)

.rela.got
 *(.rela.got)

.rel.bss
 *(.rel.bss)

.rela.bss
 *(.rela.bss)

.rel.plt
 *(.rel.plt)

.rela.plt
 *(.rela.plt)

.text           0x00000000      0x970
 *(.vectors)
 .vectors       0x00000000       0x54 c:/program files (x86)/atmel/atmel studio 6.0/extensions/atmel/avrgcc/3.4.1.95/avrtoolchain/bin/../lib/gcc/avr/4.6.2/../../../../avr/lib/avr5/crtm32.o
                0x00000000                __vector_default
                0x00000000                __vectors
 *(.vectors)
 *(.progmem.gcc*)
 *(.progmem*)
                0x00000054                . = ALIGN (0x2)
                0x00000054                __trampolines_start = .
 *(.trampolines)
 .trampolines   0x00000054        0x0 linker stubs
 *(.trampolines*)
                0x00000054                __trampolines_end = .
 *(.jumptables)
 *(.jumptables*)
 *(.lowtext)
 *(.lowtext*)
                0x00000054                __ctors_start = .
 *(.ctors)
                0x00000054                __ctors_end = .
                0x00000054                __dtors_start = .
 *(.dtors)
                0x00000054                __dtors_end = .
 SORT(*)(.ctors)
 SORT(*)(.dtors)
 *(.init0)
 .init0         0x00000054        0x0 c:/program files (x86)/atmel/atmel studio 6.0/extensions/atmel/avrgcc/3.4.1.95/avrtoolchain/bin/../lib/gcc/avr/4.6.2/../../../../avr/lib/avr5/crtm32.o
                0x00000054                __init
 *(.init0)
 *(.init1)
 *(.init1)
 *(.init2)
 .init2         0x00000054        0xc c:/program files (x86)/atmel/atmel studio 6.0/extensions/atmel/avrgcc/3.4.1.95/avrtoolchain/bin/../lib/gcc/avr/4.6.2/../../../../avr/lib/avr5/crtm32.o
 *(.init2)
 *(.init3)
 *(.init3)
 *(.init4)
 .init4         0x00000060       0x16 c:/program files (x86)/atmel/atmel studio 6.0/extensions/atmel/avrgcc/3.4.1.95/avrtoolchain/bin/../lib/gcc/avr/4.6.2/avr5\libgcc.a(_copy_data.o)
                0x00000060                __do_copy_data
 .init4         0x00000076       0x10 c:/program files (x86)/atmel/atmel studio 6.0/extensions/atmel/avrgcc/3.4.1.95/avrtoolchain/bin/../lib/gcc/avr/4.6.2/avr5\libgcc.a(_clear_bss.o)
                0x00000076                __do_clear_bss
 *(.init4)
 *(.init5)
 *(.init5)
 *(.init6)
 *(.init6)
 *(.init7)
 *(.init7)
 *(.init8)
 *(.init8)
 *(.init9)
 .init9         0x00000086        0x8 c:/program files (x86)/atmel/atmel studio 6.0/extensions/atmel/avrgcc/3.4.1.95/avrtoolchain/bin/../lib/gcc/avr/4.6.2/../../../../avr/lib/avr5/crtm32.o
 *(.init9)
 *(.text)
 .text          0x0000008e        0x4 c:/program files (x86)/atmel/atmel studio 6.0/extensions/atmel/avrgcc/3.4.1.95/avrtoolchain/bin/../lib/gcc/avr/4.6.2/../../../../avr/lib/avr5/crtm32.o
                0x0000008e                __vector_1
                0x0000008e                __vector_12
                0x0000008e                __bad_interrupt
                0x0000008e                __vector_6
                0x0000008e                __vector_3
                0x0000008e                __vector_11
                0x0000008e                __vector_13
                0x0000008e                __vector_17
                0x0000008e                __vector_19
                0x0000008e                __vector_7
                0x0000008e                __vector_5
                0x0000008e                __vector_4
                0x0000008e                __vector_9
                0x0000008e                __vector_2
                0x0000008e                __vector_15
                0x0000008e                __vector_8
                0x0000008e                __vector_14
                0x0000008e                __vector_10
                0x0000008e                __vector_16
                0x0000008e                __vector_18
                0x0000008e                __vector_20
 .text          0x00000092      0x5da DIO_driver.o
                0x00000092                DIO_vset_pindir
                0x000001b4                DIO_vwrite_pin
                0x000002d6                DIO_U8read_pin
                0x000003a6                DIO_vtoggle
                0x00000440                DIO_vset_portdir
                0x0000047e                DIO_vwrite_port
                0x000004bc                DIO_U8read_port
                0x000004fc                DIO_vtog_port
                0x0000054a                DIO_vcontrolpullup
 .text          0x0000066c      0x2a8 lcd_driver.o
                0x0000069a                vwrite_lownibble
                0x000006fa                vwrite_highnibble
                0x0000075a                LCD_vsend_cmd
                0x0000079e                LCD_vmove_cursor
                0x000007e0                LCD_vclearscreen
                0x000007f4                LCD_vinit
                0x000008b2                LCD_vsend_char
                0x000008f6                LCD_vSend_string
 .text          0x00000914       0x1e main.o
                0x00000914                main
 .text          0x00000932       0x3a UART_Driver.o
                0x00000932                UART_Init
                0x0000095c                UART_Send
                0x00000964                UART_Receive
 .text          0x0000096c        0x0 c:/program files (x86)/atmel/atmel studio 6.0/extensions/atmel/avrgcc/3.4.1.95/avrtoolchain/bin/../lib/gcc/avr/4.6.2/avr5\libgcc.a(_exit.o)
 .text          0x0000096c        0x0 c:/program files (x86)/atmel/atmel studio 6.0/extensions/atmel/avrgcc/3.4.1.95/avrtoolchain/bin/../lib/gcc/avr/4.6.2/avr5\libgcc.a(_copy_data.o)
 .text          0x0000096c        0x0 c:/program files (x86)/atmel/atmel studio 6.0/extensions/atmel/avrgcc/3.4.1.95/avrtoolchain/bin/../lib/gcc/avr/4.6.2/avr5\libgcc.a(_clear_bss.o)
                0x0000096c                . = ALIGN (0x2)
 *(.text.*)
 .text.libgcc   0x0000096c        0x0 c:/program files (x86)/atmel/atmel studio 6.0/extensions/atmel/avrgcc/3.4.1.95/avrtoolchain/bin/../lib/gcc/avr/4.6.2/avr5\libgcc.a(_exit.o)
 .text.libgcc   0x0000096c        0x0 c:/program files (x86)/atmel/atmel studio 6.0/extensions/atmel/avrgcc/3.4.1.95/avrtoolchain/bin/../lib/gcc/avr/4.6.2/avr5\libgcc.a(_copy_data.o)
 .text.libgcc   0x0000096c        0x0 c:/program files (x86)/atmel/atmel studio 6.0/extensions/atmel/avrgcc/3.4.1.95/avrtoolchain/bin/../lib/gcc/avr/4.6.2/avr5\libgcc.a(_clear_bss.o)
                0x0000096c                . = ALIGN (0x2)
 *(.fini9)
 .fini9         0x0000096c        0x0 c:/program files (x86)/atmel/atmel studio 6.0/extensions/atmel/avrgcc/3.4.1.95/avrtoolchain/bin/../lib/gcc/avr/4.6.2/avr5\libgcc.a(_exit.o)
                0x0000096c                _exit
                0x0000096c                exit
 *(.fini9)
 *(.fini8)
 *(.fini8)
 *(.fini7)
 *(.fini7)
 *(.fini6)
 *(.fini6)
 *(.fini5)
 *(.fini5)
 *(.fini4)
 *(.fini4)
 *(.fini3)
 *(.fini3)
 *(.fini2)
 *(.fini2)
 *(.fini1)
 *(.fini1)
 *(.fini0)
 .fini0         0x0000096c        0x4 c:/program files (x86)/atmel/atmel studio 6.0/extensions/atmel/avrgcc/3.4.1.95/avrtoolchain/bin/../lib/gcc/avr/4.6.2/avr5\libgcc.a(_exit.o)
 *(.fini0)
                0x00000970                _etext = .

.data           0x00800060        0x0 load address 0x00000970
                0x00800060                PROVIDE (__data_start, .)
 *(.data)
 .data          0x00800060        0x0 c:/program files (x86)/atmel/atmel studio 6.0/extensions/atmel/avrgcc/3.4.1.95/avrtoolchain/bin/../lib/gcc/avr/4.6.2/../../../../avr/lib/avr5/crtm32.o
 .data          0x00800060        0x0 DIO_driver.o
 .data          0x00800060        0x0 lcd_driver.o
 .data          0x00800060        0x0 main.o
 .data          0x00800060        0x0 UART_Driver.o
 .data          0x00800060        0x0 c:/program files (x86)/atmel/atmel studio 6.0/extensions/atmel/avrgcc/3.4.1.95/avrtoolchain/bin/../lib/gcc/avr/4.6.2/avr5\libgcc.a(_exit.o)
 .data          0x00800060        0x0 c:/program files (x86)/atmel/atmel studio 6.0/extensions/atmel/avrgcc/3.4.1.95/avrtoolchain/bin/../lib/gcc/avr/4.6.2/avr5\libgcc.a(_copy_data.o)
 .data          0x00800060        0x0 c:/program files (x86)/atmel/atmel studio 6.0/extensions/atmel/avrgcc/3.4.1.95/avrtoolchain/bin/../lib/gcc/avr/4.6.2/avr5\libgcc.a(_clear_bss.o)
 *(.data*)
 *(.rodata)
 *(.rodata*)
 *(.gnu.linkonce.d*)
                0x00800060                . = ALIGN (0x2)
                0x00800060                _edata = .
                0x00800060                PROVIDE (__data_end, .)

.bss            0x00800060        0x0
                0x00800060                PROVIDE (__bss_start, .)
 *(.bss)
 .bss           0x00800060        0x0 c:/program files (x86)/atmel/atmel studio 6.0/extensions/atmel/avrgcc/3.4.1.95/avrtoolchain/bin/../lib/gcc/avr/4.6.2/../../../../avr/lib/avr5/crtm32.o
 .bss           0x00800060        0x0 DIO_driver.o
 .bss           0x00800060        0x0 lcd_driver.o
 .bss           0x00800060        0x0 main.o
 .bss           0x00800060        0x0 UART_Driver.o
 .bss           0x00800060        0x0 c:/program files (x86)/atmel/atmel studio 6.0/extensions/atmel/avrgcc/3.4.1.95/avrtoolchain/bin/../lib/gcc/avr/4.6.2/avr5\libgcc.a(_exit.o)
 .bss           0x00800060        0x0 c:/program files (x86)/atmel/atmel studio 6.0/extensions/atmel/avrgcc/3.4.1.95/avrtoolchain/bin/../lib/gcc/avr/4.6.2/avr5\libgcc.a(_copy_data.o)
 .bss           0x00800060        0x0 c:/program files (x86)/atmel/atmel studio 6.0/extensions/atmel/avrgcc/3.4.1.95/avrtoolchain/bin/../lib/gcc/avr/4.6.2/avr5\libgcc.a(_clear_bss.o)
 *(.bss*)
 *(COMMON)
                0x00800060                PROVIDE (__bss_end, .)
                0x00000970                __data_load_start = LOADADDR (.data)
                0x00000970                __data_load_end = (__data_load_start + SIZEOF (.data))

.noinit         0x00800060        0x0
                0x00800060                PROVIDE (__noinit_start, .)
 *(.noinit*)
                0x00800060                PROVIDE (__noinit_end, .)
                0x00800060                _end = .
                0x00800060                PROVIDE (__heap_start, .)

.eeprom         0x00810000        0x0
 *(.eeprom*)
                0x00810000                __eeprom_end = .

.fuse
 *(.fuse)
 *(.lfuse)
 *(.hfuse)
 *(.efuse)

.lock
 *(.lock*)

.signature
 *(.signature*)

.stab           0x00000000      0x6cc
 *(.stab)
 .stab          0x00000000      0x6cc c:/program files (x86)/atmel/atmel studio 6.0/extensions/atmel/avrgcc/3.4.1.95/avrtoolchain/bin/../lib/gcc/avr/4.6.2/../../../../avr/lib/avr5/crtm32.o

.stabstr        0x00000000       0x85
 *(.stabstr)
 .stabstr       0x00000000       0x85 c:/program files (x86)/atmel/atmel studio 6.0/extensions/atmel/avrgcc/3.4.1.95/avrtoolchain/bin/../lib/gcc/avr/4.6.2/../../../../avr/lib/avr5/crtm32.o

.stab.excl
 *(.stab.excl)

.stab.exclstr
 *(.stab.exclstr)

.stab.index
 *(.stab.index)

.stab.indexstr
 *(.stab.indexstr)

.comment
 *(.comment)

.debug
 *(.debug)

.line
 *(.line)

.debug_srcinfo
 *(.debug_srcinfo)

.debug_sfnames
 *(.debug_sfnames)

.debug_aranges  0x00000000       0xe0
 *(.debug_aranges)
 .debug_aranges
                0x00000000       0x20 DIO_driver.o
 .debug_aranges
                0x00000020       0x20 lcd_driver.o
 .debug_aranges
                0x00000040       0x20 main.o
 .debug_aranges
                0x00000060       0x20 UART_Driver.o
 .debug_aranges
                0x00000080       0x20 c:/program files (x86)/atmel/atmel studio 6.0/extensions/atmel/avrgcc/3.4.1.95/avrtoolchain/bin/../lib/gcc/avr/4.6.2/avr5\libgcc.a(_exit.o)
 .debug_aranges
                0x000000a0       0x20 c:/program files (x86)/atmel/atmel studio 6.0/extensions/atmel/avrgcc/3.4.1.95/avrtoolchain/bin/../lib/gcc/avr/4.6.2/avr5\libgcc.a(_copy_data.o)
 .debug_aranges
                0x000000c0       0x20 c:/program files (x86)/atmel/atmel studio 6.0/extensions/atmel/avrgcc/3.4.1.95/avrtoolchain/bin/../lib/gcc/avr/4.6.2/avr5\libgcc.a(_clear_bss.o)

.debug_pubnames
 *(.debug_pubnames)

.debug_info     0x00000000      0xc1b
 *(.debug_info)
 .debug_info    0x00000000      0x284 DIO_driver.o
 .debug_info    0x00000284      0x527 lcd_driver.o
 .debug_info    0x000007ab      0x11b main.o
 .debug_info    0x000008c6       0xbe UART_Driver.o
 .debug_info    0x00000984       0xdd c:/program files (x86)/atmel/atmel studio 6.0/extensions/atmel/avrgcc/3.4.1.95/avrtoolchain/bin/../lib/gcc/avr/4.6.2/avr5\libgcc.a(_exit.o)
 .debug_info    0x00000a61       0xdd c:/program files (x86)/atmel/atmel studio 6.0/extensions/atmel/avrgcc/3.4.1.95/avrtoolchain/bin/../lib/gcc/avr/4.6.2/avr5\libgcc.a(_copy_data.o)
 .debug_info    0x00000b3e       0xdd c:/program files (x86)/atmel/atmel studio 6.0/extensions/atmel/avrgcc/3.4.1.95/avrtoolchain/bin/../lib/gcc/avr/4.6.2/avr5\libgcc.a(_clear_bss.o)
 *(.gnu.linkonce.wi.*)

.debug_abbrev   0x00000000      0x3c0
 *(.debug_abbrev)
 .debug_abbrev  0x00000000       0xd4 DIO_driver.o
 .debug_abbrev  0x000000d4      0x15c lcd_driver.o
 .debug_abbrev  0x00000230       0xcb main.o
 .debug_abbrev  0x000002fb       0x89 UART_Driver.o
 .debug_abbrev  0x00000384       0x14 c:/program files (x86)/atmel/atmel studio 6.0/extensions/atmel/avrgcc/3.4.1.95/avrtoolchain/bin/../lib/gcc/avr/4.6.2/avr5\libgcc.a(_exit.o)
 .debug_abbrev  0x00000398       0x14 c:/program files (x86)/atmel/atmel studio 6.0/extensions/atmel/avrgcc/3.4.1.95/avrtoolchain/bin/../lib/gcc/avr/4.6.2/avr5\libgcc.a(_copy_data.o)
 .debug_abbrev  0x000003ac       0x14 c:/program files (x86)/atmel/atmel studio 6.0/extensions/atmel/avrgcc/3.4.1.95/avrtoolchain/bin/../lib/gcc/avr/4.6.2/avr5\libgcc.a(_clear_bss.o)

.debug_line     0x00000000      0x7aa
 *(.debug_line)
 .debug_line    0x00000000      0x143 DIO_driver.o
 .debug_line    0x00000143      0x24f lcd_driver.o
 .debug_line    0x00000392      0x17e main.o
 .debug_line    0x00000510       0xf3 UART_Driver.o
 .debug_line    0x00000603       0x88 c:/program files (x86)/atmel/atmel studio 6.0/extensions/atmel/avrgcc/3.4.1.95/avrtoolchain/bin/../lib/gcc/avr/4.6.2/avr5\libgcc.a(_exit.o)
 .debug_line    0x0000068b       0x91 c:/program files (x86)/atmel/atmel studio 6.0/extensions/atmel/avrgcc/3.4.1.95/avrtoolchain/bin/../lib/gcc/avr/4.6.2/avr5\libgcc.a(_copy_data.o)
 .debug_line    0x0000071c       0x8e c:/program files (x86)/atmel/atmel studio 6.0/extensions/atmel/avrgcc/3.4.1.95/avrtoolchain/bin/../lib/gcc/avr/4.6.2/avr5\libgcc.a(_clear_bss.o)

.debug_frame    0x00000000      0x1ec
 *(.debug_frame)
 .debug_frame   0x00000000       0xa4 DIO_driver.o
 .debug_frame   0x000000a4       0xe0 lcd_driver.o
 .debug_frame   0x00000184       0x24 main.o
 .debug_frame   0x000001a8       0x44 UART_Driver.o

.debug_str      0x00000000      0x2b9
 *(.debug_str)
 .debug_str     0x00000000      0x15e DIO_driver.o
                                0x197 (size before relaxing)
 .debug_str     0x0000015e      0x111 lcd_driver.o
                                0x1fa (size before relaxing)
 .debug_str     0x0000026f       0x11 main.o
                                0x14c (size before relaxing)
 .debug_str     0x00000280       0x39 UART_Driver.o
                                0x120 (size before relaxing)

.debug_loc      0x00000000      0x69a
 *(.debug_loc)
 .debug_loc     0x00000000      0x477 DIO_driver.o
 .debug_loc     0x00000477      0x223 lcd_driver.o

.debug_macinfo
 *(.debug_macinfo)
OUTPUT(Uart Test.elf elf32-avr)
LOAD linker stubs
