
Allocating common symbols
Common symbol       size              file

PSensor_state       0x4               PressureSensor.o
MainAlg_state       0x4               MainAlg.o
AlarmMonitor_state  0x4               AlarmMonitor.o
AlarmMonitor_STATE_ID
                    0x1               main.o
PSensor_STATE_ID    0x1               main.o
i                   0x4               startup.o
Alarm_STATE_ID      0x1               main.o
MainAlg_STATE_ID    0x1               main.o
Alarm_state         0x4               Alarm.o

Memory Configuration

Name             Origin             Length             Attributes
flash            0x08000000         0x00020000         xr
sram             0x20000000         0x00005000         xrw
*default*        0x00000000         0xffffffff

Linker script and memory map


.text           0x08000000      0x4f8
 *(.vectors*)
 .vectors       0x08000000       0x1c startup.o
                0x08000000                vectors
 *(.text*)
 .text          0x0800001c      0x100 startup.o
                0x0800001c                H_Fault_Handler
                0x0800001c                MM_Fault_Handler
                0x0800001c                Usage_Fault_Handler
                0x0800001c                Bus_Fault
                0x0800001c                Default_Handler
                0x0800001c                NMI_Handler
                0x08000028                Reset_Handler
 .text          0x0800011c       0x98 main.o
                0x0800011c                setup
                0x08000178                main
 .text          0x080001b4       0xd4 Alarm.o
                0x080001b4                Alarm_Init
                0x080001c0                Start_Alarm
                0x080001ec                Stop_Alarm
                0x08000218                ST_Alarm_Waiting
                0x08000230                ST_Alarm_ON
                0x0800025c                ST_Alarm_OFF
 .text          0x08000288       0x84 PressureSensor.o
                0x08000288                PSensor_Init
                0x08000294                ST_PSesnor_Reading
                0x080002dc                ST_PSesnor_Waiting
 .text          0x0800030c       0x64 MainAlg.o
                0x0800030c                Pressure_Value
                0x0800032c                ST_MainAlg_HighPressureDetect
 .text          0x08000370      0x10c driver.o
                0x08000370                Delay
                0x08000394                getPressureVal
                0x080003ac                Set_Alarm_actuator
                0x080003fc                GPIO_INITIALIZATION
 .text          0x0800047c       0x7c AlarmMonitor.o
                0x0800047c                High_Pressure_Detect
                0x08000498                ST_AlarmMonitor_AlarmON
                0x080004e0                ST_AlarmMonitor_AlarmOFF
 *(.rodata)
                0x080004f8                . = ALIGN (0x4)
                0x080004f8                _E_text = .

.glue_7         0x080004f8        0x0
 .glue_7        0x00000000        0x0 linker stubs

.glue_7t        0x080004f8        0x0
 .glue_7t       0x00000000        0x0 linker stubs

.vfp11_veneer   0x080004f8        0x0
 .vfp11_veneer  0x00000000        0x0 linker stubs

.v4_bx          0x080004f8        0x0
 .v4_bx         0x00000000        0x0 linker stubs

.iplt           0x080004f8        0x0
 .iplt          0x00000000        0x0 startup.o

.rel.dyn        0x080004f8        0x0
 .rel.iplt      0x00000000        0x0 startup.o

.data           0x080004f8        0x4
                0x080004f8                _S_data = .
 *(.data)
 .data          0x080004f8        0x0 startup.o
 .data          0x080004f8        0x0 main.o
 .data          0x080004f8        0x0 Alarm.o
 .data          0x080004f8        0x0 PressureSensor.o
 .data          0x080004f8        0x4 MainAlg.o
                0x080004f8                Threshold
 .data          0x080004fc        0x0 driver.o
 .data          0x080004fc        0x0 AlarmMonitor.o
                0x080004fc                . = ALIGN (0x4)
                0x080004fc                _E_data = .

.igot.plt       0x080004fc        0x0
 .igot.plt      0x00000000        0x0 startup.o

.bss            0x20000000     0x1020
                0x20000000                _S_bss = .
 *(.bss*)
 .bss           0x20000000        0x0 startup.o
 .bss           0x20000000        0x0 main.o
 .bss           0x20000000        0x0 Alarm.o
 .bss           0x20000000        0x4 PressureSensor.o
                0x20000000                PVal
 .bss           0x20000004        0x4 MainAlg.o
                0x20000004                PressureVal
 .bss           0x20000008        0x0 driver.o
 .bss           0x20000008        0x0 AlarmMonitor.o
                0x20000008                . = ALIGN (0x4)
                0x20000008                _E_bss = .
                0x20001008                . = (. + 0x1000)
 *fill*         0x20000008     0x1000 
                0x20001008                stack_top = .
 COMMON         0x20001008        0x4 startup.o
                0x20001008                i
 COMMON         0x2000100c        0x4 main.o
                0x2000100c                AlarmMonitor_STATE_ID
                0x2000100d                PSensor_STATE_ID
                0x2000100e                Alarm_STATE_ID
                0x2000100f                MainAlg_STATE_ID
 COMMON         0x20001010        0x4 Alarm.o
                0x20001010                Alarm_state
 COMMON         0x20001014        0x4 PressureSensor.o
                0x20001014                PSensor_state
 COMMON         0x20001018        0x4 MainAlg.o
                0x20001018                MainAlg_state
 COMMON         0x2000101c        0x4 AlarmMonitor.o
                0x2000101c                AlarmMonitor_state
LOAD startup.o
LOAD main.o
LOAD Alarm.o
LOAD PressureSensor.o
LOAD MainAlg.o
LOAD driver.o
LOAD AlarmMonitor.o
OUTPUT(learn-in-depth-cortex-m3.elf elf32-littlearm)

.debug_info     0x00000000      0x894
 .debug_info    0x00000000      0x177 startup.o
 .debug_info    0x00000177      0x185 main.o
 .debug_info    0x000002fc      0x169 Alarm.o
 .debug_info    0x00000465      0x111 PressureSensor.o
 .debug_info    0x00000576      0x11c MainAlg.o
 .debug_info    0x00000692      0x103 driver.o
 .debug_info    0x00000795       0xff AlarmMonitor.o

.debug_abbrev   0x00000000      0x470
 .debug_abbrev  0x00000000       0xc2 startup.o
 .debug_abbrev  0x000000c2       0xa5 main.o
 .debug_abbrev  0x00000167       0xa3 Alarm.o
 .debug_abbrev  0x0000020a       0x92 PressureSensor.o
 .debug_abbrev  0x0000029c       0xa5 MainAlg.o
 .debug_abbrev  0x00000341       0x9d driver.o
 .debug_abbrev  0x000003de       0x92 AlarmMonitor.o

.debug_loc      0x00000000      0x410
 .debug_loc     0x00000000       0x64 startup.o
 .debug_loc     0x00000064       0x58 main.o
 .debug_loc     0x000000bc      0x120 Alarm.o
 .debug_loc     0x000001dc       0x84 PressureSensor.o
 .debug_loc     0x00000260       0x64 MainAlg.o
 .debug_loc     0x000002c4       0xc8 driver.o
 .debug_loc     0x0000038c       0x84 AlarmMonitor.o

.debug_aranges  0x00000000       0xe0
 .debug_aranges
                0x00000000       0x20 startup.o
 .debug_aranges
                0x00000020       0x20 main.o
 .debug_aranges
                0x00000040       0x20 Alarm.o
 .debug_aranges
                0x00000060       0x20 PressureSensor.o
 .debug_aranges
                0x00000080       0x20 MainAlg.o
 .debug_aranges
                0x000000a0       0x20 driver.o
 .debug_aranges
                0x000000c0       0x20 AlarmMonitor.o

.debug_line     0x00000000      0x311
 .debug_line    0x00000000       0x7d startup.o
 .debug_line    0x0000007d       0x97 main.o
 .debug_line    0x00000114       0x58 Alarm.o
 .debug_line    0x0000016c       0x60 PressureSensor.o
 .debug_line    0x000001cc       0x4e MainAlg.o
 .debug_line    0x0000021a       0x99 driver.o
 .debug_line    0x000002b3       0x5e AlarmMonitor.o

.debug_str      0x00000000      0x387
 .debug_str     0x00000000      0x164 startup.o
                                0x182 (size before relaxing)
 .debug_str     0x00000164       0xa4 main.o
                                0x218 (size before relaxing)
 .debug_str     0x00000208       0x54 Alarm.o
                                0x18d (size before relaxing)
 .debug_str     0x0000025c       0x49 PressureSensor.o
                                0x185 (size before relaxing)
 .debug_str     0x000002a5       0x41 MainAlg.o
                                0x189 (size before relaxing)
 .debug_str     0x000002e6       0x4c driver.o
                                0x152 (size before relaxing)
 .debug_str     0x00000332       0x55 AlarmMonitor.o
                                0x1a6 (size before relaxing)

.comment        0x00000000       0x11
 .comment       0x00000000       0x11 startup.o
                                 0x12 (size before relaxing)
 .comment       0x00000000       0x12 main.o
 .comment       0x00000000       0x12 Alarm.o
 .comment       0x00000000       0x12 PressureSensor.o
 .comment       0x00000000       0x12 MainAlg.o
 .comment       0x00000000       0x12 driver.o
 .comment       0x00000000       0x12 AlarmMonitor.o

.ARM.attributes
                0x00000000       0x33
 .ARM.attributes
                0x00000000       0x33 startup.o
 .ARM.attributes
                0x00000033       0x33 main.o
 .ARM.attributes
                0x00000066       0x33 Alarm.o
 .ARM.attributes
                0x00000099       0x33 PressureSensor.o
 .ARM.attributes
                0x000000cc       0x33 MainAlg.o
 .ARM.attributes
                0x000000ff       0x33 driver.o
 .ARM.attributes
                0x00000132       0x33 AlarmMonitor.o

.debug_frame    0x00000000      0x2c4
 .debug_frame   0x00000000       0x4c startup.o
 .debug_frame   0x0000004c       0x48 main.o
 .debug_frame   0x00000094       0xb0 Alarm.o
 .debug_frame   0x00000144       0x60 PressureSensor.o
 .debug_frame   0x000001a4       0x48 MainAlg.o
 .debug_frame   0x000001ec       0x78 driver.o
 .debug_frame   0x00000264       0x60 AlarmMonitor.o
